
task3.elf:     file format elf32-avr

Sections:
Idx Name          Size      VMA       LMA       File off  Algn
  0 .data         00000000  00800100  000000d8  0000014c  2**0
                  CONTENTS, ALLOC, LOAD, DATA
  1 .text         000000d8  00000000  00000000  00000074  2**1
                  CONTENTS, ALLOC, LOAD, READONLY, CODE
  2 .stab         00000594  00000000  00000000  0000014c  2**2
                  CONTENTS, READONLY, DEBUGGING
  3 .stabstr      00000c77  00000000  00000000  000006e0  2**0
                  CONTENTS, READONLY, DEBUGGING
  4 .comment      00000011  00000000  00000000  00001357  2**0
                  CONTENTS, READONLY
  5 .note.gnu.avr.deviceinfo 00000040  00000000  00000000  00001368  2**2
                  CONTENTS, READONLY
  6 .debug_info   000005f4  00000000  00000000  000013a8  2**0
                  CONTENTS, READONLY, DEBUGGING
  7 .debug_abbrev 000005a2  00000000  00000000  0000199c  2**0
                  CONTENTS, READONLY, DEBUGGING
  8 .debug_line   0000001a  00000000  00000000  00001f3e  2**0
                  CONTENTS, READONLY, DEBUGGING
  9 .debug_str    00000208  00000000  00000000  00001f58  2**0
                  CONTENTS, READONLY, DEBUGGING

Disassembly of section .text:

00000000 <__vectors>:
   0:	0c 94 34 00 	jmp	0x68	; 0x68 <__ctors_end>
   4:	0c 94 3e 00 	jmp	0x7c	; 0x7c <__bad_interrupt>
   8:	0c 94 3e 00 	jmp	0x7c	; 0x7c <__bad_interrupt>
   c:	0c 94 3e 00 	jmp	0x7c	; 0x7c <__bad_interrupt>
  10:	0c 94 3e 00 	jmp	0x7c	; 0x7c <__bad_interrupt>
  14:	0c 94 3e 00 	jmp	0x7c	; 0x7c <__bad_interrupt>
  18:	0c 94 3e 00 	jmp	0x7c	; 0x7c <__bad_interrupt>
  1c:	0c 94 3e 00 	jmp	0x7c	; 0x7c <__bad_interrupt>
  20:	0c 94 3e 00 	jmp	0x7c	; 0x7c <__bad_interrupt>
  24:	0c 94 3e 00 	jmp	0x7c	; 0x7c <__bad_interrupt>
  28:	0c 94 3e 00 	jmp	0x7c	; 0x7c <__bad_interrupt>
  2c:	0c 94 3e 00 	jmp	0x7c	; 0x7c <__bad_interrupt>
  30:	0c 94 3e 00 	jmp	0x7c	; 0x7c <__bad_interrupt>
  34:	0c 94 3e 00 	jmp	0x7c	; 0x7c <__bad_interrupt>
  38:	0c 94 3e 00 	jmp	0x7c	; 0x7c <__bad_interrupt>
  3c:	0c 94 3e 00 	jmp	0x7c	; 0x7c <__bad_interrupt>
  40:	0c 94 3e 00 	jmp	0x7c	; 0x7c <__bad_interrupt>
  44:	0c 94 3e 00 	jmp	0x7c	; 0x7c <__bad_interrupt>
  48:	0c 94 3e 00 	jmp	0x7c	; 0x7c <__bad_interrupt>
  4c:	0c 94 3e 00 	jmp	0x7c	; 0x7c <__bad_interrupt>
  50:	0c 94 3e 00 	jmp	0x7c	; 0x7c <__bad_interrupt>
  54:	0c 94 3e 00 	jmp	0x7c	; 0x7c <__bad_interrupt>
  58:	0c 94 3e 00 	jmp	0x7c	; 0x7c <__bad_interrupt>
  5c:	0c 94 3e 00 	jmp	0x7c	; 0x7c <__bad_interrupt>
  60:	0c 94 3e 00 	jmp	0x7c	; 0x7c <__bad_interrupt>
  64:	0c 94 3e 00 	jmp	0x7c	; 0x7c <__bad_interrupt>

00000068 <__ctors_end>:
  68:	11 24       	eor	r1, r1
  6a:	1f be       	out	0x3f, r1	; 63
  6c:	cf ef       	ldi	r28, 0xFF	; 255
  6e:	d8 e0       	ldi	r29, 0x08	; 8
  70:	de bf       	out	0x3e, r29	; 62
  72:	cd bf       	out	0x3d, r28	; 61
  74:	0e 94 40 00 	call	0x80	; 0x80 <main>
  78:	0c 94 6a 00 	jmp	0xd4	; 0xd4 <_exit>

0000007c <__bad_interrupt>:
  7c:	0c 94 00 00 	jmp	0	; 0x0 <__vectors>

00000080 <main>:
#define BTN_PIN PINB
#define BTN_PORT PORTB
#define BTN_MASK ((1 << 0) | (1 << 1) | (1 << 2))

int main() {
	UCSR0B &= ~_BV(RXEN0) & ~_BV(TXEN0);
  80:	80 91 c1 00 	lds	r24, 0x00C1	; 0x8000c1 <__TEXT_REGION_LENGTH__+0x7f80c1>
  84:	87 7e       	andi	r24, 0xE7	; 231
  86:	80 93 c1 00 	sts	0x00C1, r24	; 0x8000c1 <__TEXT_REGION_LENGTH__+0x7f80c1>

	BTN_PORT |= BTN_MASK;
  8a:	85 b1       	in	r24, 0x05	; 5
  8c:	87 60       	ori	r24, 0x07	; 7
  8e:	85 b9       	out	0x05, r24	; 5
	LINE_DDR = 0xff;
  90:	8f ef       	ldi	r24, 0xFF	; 255
  92:	8a b9       	out	0x0a, r24	; 10

	uint8_t index = 0;
	uint8_t prev_pressed = 0;
  94:	80 e0       	ldi	r24, 0x00	; 0
	UCSR0B &= ~_BV(RXEN0) & ~_BV(TXEN0);

	BTN_PORT |= BTN_MASK;
	LINE_DDR = 0xff;

	uint8_t index = 0;
  96:	20 e0       	ldi	r18, 0x00	; 0
	uint8_t prev_pressed = 0;

	while (1) {
		uint8_t pressed = BTN_PIN;
  98:	33 b1       	in	r19, 0x03	; 3
	#else
		//round up by default
		__ticks_dc = (uint32_t)(ceil(fabs(__tmp)));
	#endif

	__builtin_avr_delay_cycles(__ticks_dc);
  9a:	ef e3       	ldi	r30, 0x3F	; 63
  9c:	fc e9       	ldi	r31, 0x9C	; 156
  9e:	31 97       	sbiw	r30, 0x01	; 1
  a0:	f1 f7       	brne	.-4      	; 0x9e <main+0x1e>
  a2:	00 c0       	rjmp	.+0      	; 0xa4 <main+0x24>
  a4:	00 00       	nop
		_delay_ms(10);
		pressed |= BTN_PIN;
  a6:	93 b1       	in	r25, 0x03	; 3
		pressed = BTN_MASK ^ (BTN_MASK & pressed);
  a8:	93 2b       	or	r25, r19
  aa:	90 95       	com	r25
  ac:	97 70       	andi	r25, 0x07	; 7

		uint8_t clicked = pressed & (prev_pressed ^ pressed);
  ae:	80 95       	com	r24
  b0:	89 23       	and	r24, r25
		
		index &= (clicked >> 0 & 1) - 1;
  b2:	38 2f       	mov	r19, r24
  b4:	31 70       	andi	r19, 0x01	; 1
  b6:	31 50       	subi	r19, 0x01	; 1
  b8:	23 23       	and	r18, r19
		index -= (clicked >> 1 & 1);
		index += (clicked >> 2 & 1);
  ba:	38 2f       	mov	r19, r24
  bc:	36 95       	lsr	r19
  be:	36 95       	lsr	r19
  c0:	86 95       	lsr	r24
  c2:	81 70       	andi	r24, 0x01	; 1
  c4:	38 1b       	sub	r19, r24
  c6:	23 0f       	add	r18, r19

		LINE_PORT = index ^ (index >> 1);
  c8:	82 2f       	mov	r24, r18
  ca:	86 95       	lsr	r24
  cc:	82 27       	eor	r24, r18
  ce:	8b b9       	out	0x0b, r24	; 11
		prev_pressed = pressed;
  d0:	89 2f       	mov	r24, r25
  d2:	e2 cf       	rjmp	.-60     	; 0x98 <main+0x18>

000000d4 <_exit>:
  d4:	f8 94       	cli

000000d6 <__stop_program>:
  d6:	ff cf       	rjmp	.-2      	; 0xd6 <__stop_program>
