
task1.elf:     file format elf32-avr

Sections:
Idx Name          Size      VMA       LMA       File off  Algn
  0 .data         00000000  00800100  000000fe  00000192  2**0
                  CONTENTS, ALLOC, LOAD, DATA
  1 .text         000000fe  00000000  00000000  00000094  2**1
                  CONTENTS, ALLOC, LOAD, READONLY, CODE
  2 .bss          000000c8  00800100  00800100  00000192  2**0
                  ALLOC
  3 .stab         00000630  00000000  00000000  00000194  2**2
                  CONTENTS, READONLY, DEBUGGING
  4 .stabstr      00000e49  00000000  00000000  000007c4  2**0
                  CONTENTS, READONLY, DEBUGGING
  5 .comment      00000011  00000000  00000000  0000160d  2**0
                  CONTENTS, READONLY
  6 .note.gnu.avr.deviceinfo 00000040  00000000  00000000  00001620  2**2
                  CONTENTS, READONLY
  7 .debug_info   000005f4  00000000  00000000  00001660  2**0
                  CONTENTS, READONLY, DEBUGGING
  8 .debug_abbrev 000005a2  00000000  00000000  00001c54  2**0
                  CONTENTS, READONLY, DEBUGGING
  9 .debug_line   0000001a  00000000  00000000  000021f6  2**0
                  CONTENTS, READONLY, DEBUGGING
 10 .debug_str    00000208  00000000  00000000  00002210  2**0
                  CONTENTS, READONLY, DEBUGGING

Disassembly of section .text:

00000000 <__vectors>:
   0:	0c 94 34 00 	jmp	0x68	; 0x68 <__ctors_end>
   4:	0c 94 46 00 	jmp	0x8c	; 0x8c <__bad_interrupt>
   8:	0c 94 46 00 	jmp	0x8c	; 0x8c <__bad_interrupt>
   c:	0c 94 46 00 	jmp	0x8c	; 0x8c <__bad_interrupt>
  10:	0c 94 46 00 	jmp	0x8c	; 0x8c <__bad_interrupt>
  14:	0c 94 46 00 	jmp	0x8c	; 0x8c <__bad_interrupt>
  18:	0c 94 46 00 	jmp	0x8c	; 0x8c <__bad_interrupt>
  1c:	0c 94 46 00 	jmp	0x8c	; 0x8c <__bad_interrupt>
  20:	0c 94 46 00 	jmp	0x8c	; 0x8c <__bad_interrupt>
  24:	0c 94 46 00 	jmp	0x8c	; 0x8c <__bad_interrupt>
  28:	0c 94 46 00 	jmp	0x8c	; 0x8c <__bad_interrupt>
  2c:	0c 94 46 00 	jmp	0x8c	; 0x8c <__bad_interrupt>
  30:	0c 94 46 00 	jmp	0x8c	; 0x8c <__bad_interrupt>
  34:	0c 94 46 00 	jmp	0x8c	; 0x8c <__bad_interrupt>
  38:	0c 94 46 00 	jmp	0x8c	; 0x8c <__bad_interrupt>
  3c:	0c 94 46 00 	jmp	0x8c	; 0x8c <__bad_interrupt>
  40:	0c 94 46 00 	jmp	0x8c	; 0x8c <__bad_interrupt>
  44:	0c 94 46 00 	jmp	0x8c	; 0x8c <__bad_interrupt>
  48:	0c 94 46 00 	jmp	0x8c	; 0x8c <__bad_interrupt>
  4c:	0c 94 46 00 	jmp	0x8c	; 0x8c <__bad_interrupt>
  50:	0c 94 46 00 	jmp	0x8c	; 0x8c <__bad_interrupt>
  54:	0c 94 46 00 	jmp	0x8c	; 0x8c <__bad_interrupt>
  58:	0c 94 46 00 	jmp	0x8c	; 0x8c <__bad_interrupt>
  5c:	0c 94 46 00 	jmp	0x8c	; 0x8c <__bad_interrupt>
  60:	0c 94 46 00 	jmp	0x8c	; 0x8c <__bad_interrupt>
  64:	0c 94 46 00 	jmp	0x8c	; 0x8c <__bad_interrupt>

00000068 <__ctors_end>:
  68:	11 24       	eor	r1, r1
  6a:	1f be       	out	0x3f, r1	; 63
  6c:	cf ef       	ldi	r28, 0xFF	; 255
  6e:	d8 e0       	ldi	r29, 0x08	; 8
  70:	de bf       	out	0x3e, r29	; 62
  72:	cd bf       	out	0x3d, r28	; 61

00000074 <__do_clear_bss>:
  74:	21 e0       	ldi	r18, 0x01	; 1
  76:	a0 e0       	ldi	r26, 0x00	; 0
  78:	b1 e0       	ldi	r27, 0x01	; 1
  7a:	01 c0       	rjmp	.+2      	; 0x7e <.do_clear_bss_start>

0000007c <.do_clear_bss_loop>:
  7c:	1d 92       	st	X+, r1

0000007e <.do_clear_bss_start>:
  7e:	a8 3c       	cpi	r26, 0xC8	; 200
  80:	b2 07       	cpc	r27, r18
  82:	e1 f7       	brne	.-8      	; 0x7c <.do_clear_bss_loop>
  84:	0e 94 48 00 	call	0x90	; 0x90 <main>
  88:	0c 94 7d 00 	jmp	0xfa	; 0xfa <_exit>

0000008c <__bad_interrupt>:
  8c:	0c 94 00 00 	jmp	0	; 0x0 <__vectors>

00000090 <main>:

#define QUEUE_LEN 100

int queue[QUEUE_LEN];

int main() {
  90:	e0 e0       	ldi	r30, 0x00	; 0
  92:	f1 e0       	ldi	r31, 0x01	; 1

	for (int i = 0; i < QUEUE_LEN; i++)
		queue[i] = 1;
  94:	81 e0       	ldi	r24, 0x01	; 1
  96:	90 e0       	ldi	r25, 0x00	; 0
  98:	81 93       	st	Z+, r24
  9a:	91 93       	st	Z+, r25

int queue[QUEUE_LEN];

int main() {

	for (int i = 0; i < QUEUE_LEN; i++)
  9c:	21 e0       	ldi	r18, 0x01	; 1
  9e:	e8 3c       	cpi	r30, 0xC8	; 200
  a0:	f2 07       	cpc	r31, r18
  a2:	d1 f7       	brne	.-12     	; 0x98 <main+0x8>
		queue[i] = 1;

	BTN_PORT |= 1 << BTN;
  a4:	2c 9a       	sbi	0x05, 4	; 5
	LED_DDR  |= 1 << LED;
  a6:	23 9a       	sbi	0x04, 3	; 4

	int i = 0;
  a8:	20 e0       	ldi	r18, 0x00	; 0
  aa:	30 e0       	ldi	r19, 0x00	; 0
  ac:	80 e0       	ldi	r24, 0x00	; 0
  ae:	90 e0       	ldi	r25, 0x00	; 0
  b0:	07 c0       	rjmp	.+14     	; 0xc0 <main+0x30>
		i++;
		if (i == QUEUE_LEN)
			i = 0;

		if (queue[i])
			LED_PORT &= ~(1 << LED);
  b2:	2b 98       	cbi	0x05, 3	; 5
	#else
		//round up by default
		__ticks_dc = (uint32_t)(ceil(fabs(__tmp)));
	#endif

	__builtin_avr_delay_cycles(__ticks_dc);
  b4:	ef e3       	ldi	r30, 0x3F	; 63
  b6:	fc e9       	ldi	r31, 0x9C	; 156
  b8:	31 97       	sbiw	r30, 0x01	; 1
  ba:	f1 f7       	brne	.-4      	; 0xb8 <main+0x28>
  bc:	00 c0       	rjmp	.+0      	; 0xbe <main+0x2e>
  be:	00 00       	nop
	BTN_PORT |= 1 << BTN;
	LED_DDR  |= 1 << LED;

	int i = 0;
	while (1) {
		queue[i] = BTN_PIN >> BTN & 1;
  c0:	43 b1       	in	r20, 0x03	; 3
  c2:	fc 01       	movw	r30, r24
  c4:	e0 50       	subi	r30, 0x00	; 0
  c6:	ff 4f       	sbci	r31, 0xFF	; 255
  c8:	44 fb       	bst	r20, 4
  ca:	88 27       	eor	r24, r24
  cc:	80 f9       	bld	r24, 0
  ce:	80 83       	st	Z, r24
  d0:	11 82       	std	Z+1, r1	; 0x01
		
		i++;
  d2:	2f 5f       	subi	r18, 0xFF	; 255
  d4:	3f 4f       	sbci	r19, 0xFF	; 255
		if (i == QUEUE_LEN)
  d6:	24 36       	cpi	r18, 0x64	; 100
  d8:	31 05       	cpc	r19, r1
  da:	61 f0       	breq	.+24     	; 0xf4 <main+0x64>
			i = 0;

		if (queue[i])
  dc:	c9 01       	movw	r24, r18
  de:	88 0f       	add	r24, r24
  e0:	99 1f       	adc	r25, r25
  e2:	fc 01       	movw	r30, r24
  e4:	e0 50       	subi	r30, 0x00	; 0
  e6:	ff 4f       	sbci	r31, 0xFF	; 255
  e8:	40 81       	ld	r20, Z
  ea:	51 81       	ldd	r21, Z+1	; 0x01
  ec:	45 2b       	or	r20, r21
  ee:	09 f7       	brne	.-62     	; 0xb2 <main+0x22>
			LED_PORT &= ~(1 << LED);
		else
			LED_PORT |= 1 << LED;
  f0:	2b 9a       	sbi	0x05, 3	; 5
  f2:	e0 cf       	rjmp	.-64     	; 0xb4 <main+0x24>
	while (1) {
		queue[i] = BTN_PIN >> BTN & 1;
		
		i++;
		if (i == QUEUE_LEN)
			i = 0;
  f4:	20 e0       	ldi	r18, 0x00	; 0
  f6:	30 e0       	ldi	r19, 0x00	; 0
  f8:	f1 cf       	rjmp	.-30     	; 0xdc <main+0x4c>

000000fa <_exit>:
  fa:	f8 94       	cli

000000fc <__stop_program>:
  fc:	ff cf       	rjmp	.-2      	; 0xfc <__stop_program>
