
task4.elf:     file format elf32-avr

Sections:
Idx Name          Size      VMA       LMA       File off  Algn
  0 .data         0000000a  00800100  0000011e  00000192  2**0
                  CONTENTS, ALLOC, LOAD, DATA
  1 .text         0000011e  00000000  00000000  00000074  2**1
                  CONTENTS, ALLOC, LOAD, READONLY, CODE
  2 .stab         00000624  00000000  00000000  0000019c  2**2
                  CONTENTS, READONLY, DEBUGGING
  3 .stabstr      00000cbd  00000000  00000000  000007c0  2**0
                  CONTENTS, READONLY, DEBUGGING
  4 .comment      00000011  00000000  00000000  0000147d  2**0
                  CONTENTS, READONLY
  5 .note.gnu.avr.deviceinfo 00000040  00000000  00000000  00001490  2**2
                  CONTENTS, READONLY
  6 .debug_info   000005f4  00000000  00000000  000014d0  2**0
                  CONTENTS, READONLY, DEBUGGING
  7 .debug_abbrev 000005a2  00000000  00000000  00001ac4  2**0
                  CONTENTS, READONLY, DEBUGGING
  8 .debug_line   0000001a  00000000  00000000  00002066  2**0
                  CONTENTS, READONLY, DEBUGGING
  9 .debug_str    00000208  00000000  00000000  00002080  2**0
                  CONTENTS, READONLY, DEBUGGING

Disassembly of section .text:

00000000 <__vectors>:
   0:	0c 94 34 00 	jmp	0x68	; 0x68 <__ctors_end>
   4:	0c 94 49 00 	jmp	0x92	; 0x92 <__bad_interrupt>
   8:	0c 94 49 00 	jmp	0x92	; 0x92 <__bad_interrupt>
   c:	0c 94 49 00 	jmp	0x92	; 0x92 <__bad_interrupt>
  10:	0c 94 49 00 	jmp	0x92	; 0x92 <__bad_interrupt>
  14:	0c 94 49 00 	jmp	0x92	; 0x92 <__bad_interrupt>
  18:	0c 94 49 00 	jmp	0x92	; 0x92 <__bad_interrupt>
  1c:	0c 94 49 00 	jmp	0x92	; 0x92 <__bad_interrupt>
  20:	0c 94 49 00 	jmp	0x92	; 0x92 <__bad_interrupt>
  24:	0c 94 49 00 	jmp	0x92	; 0x92 <__bad_interrupt>
  28:	0c 94 49 00 	jmp	0x92	; 0x92 <__bad_interrupt>
  2c:	0c 94 49 00 	jmp	0x92	; 0x92 <__bad_interrupt>
  30:	0c 94 49 00 	jmp	0x92	; 0x92 <__bad_interrupt>
  34:	0c 94 49 00 	jmp	0x92	; 0x92 <__bad_interrupt>
  38:	0c 94 49 00 	jmp	0x92	; 0x92 <__bad_interrupt>
  3c:	0c 94 49 00 	jmp	0x92	; 0x92 <__bad_interrupt>
  40:	0c 94 49 00 	jmp	0x92	; 0x92 <__bad_interrupt>
  44:	0c 94 49 00 	jmp	0x92	; 0x92 <__bad_interrupt>
  48:	0c 94 49 00 	jmp	0x92	; 0x92 <__bad_interrupt>
  4c:	0c 94 49 00 	jmp	0x92	; 0x92 <__bad_interrupt>
  50:	0c 94 49 00 	jmp	0x92	; 0x92 <__bad_interrupt>
  54:	0c 94 49 00 	jmp	0x92	; 0x92 <__bad_interrupt>
  58:	0c 94 49 00 	jmp	0x92	; 0x92 <__bad_interrupt>
  5c:	0c 94 49 00 	jmp	0x92	; 0x92 <__bad_interrupt>
  60:	0c 94 49 00 	jmp	0x92	; 0x92 <__bad_interrupt>
  64:	0c 94 49 00 	jmp	0x92	; 0x92 <__bad_interrupt>

00000068 <__ctors_end>:
  68:	11 24       	eor	r1, r1
  6a:	1f be       	out	0x3f, r1	; 63
  6c:	cf ef       	ldi	r28, 0xFF	; 255
  6e:	d8 e0       	ldi	r29, 0x08	; 8
  70:	de bf       	out	0x3e, r29	; 62
  72:	cd bf       	out	0x3d, r28	; 61

00000074 <__do_copy_data>:
  74:	11 e0       	ldi	r17, 0x01	; 1
  76:	a0 e0       	ldi	r26, 0x00	; 0
  78:	b1 e0       	ldi	r27, 0x01	; 1
  7a:	ee e1       	ldi	r30, 0x1E	; 30
  7c:	f1 e0       	ldi	r31, 0x01	; 1
  7e:	02 c0       	rjmp	.+4      	; 0x84 <__do_copy_data+0x10>
  80:	05 90       	lpm	r0, Z+
  82:	0d 92       	st	X+, r0
  84:	aa 30       	cpi	r26, 0x0A	; 10
  86:	b1 07       	cpc	r27, r17
  88:	d9 f7       	brne	.-10     	; 0x80 <__do_copy_data+0xc>
  8a:	0e 94 4b 00 	call	0x96	; 0x96 <main>
  8e:	0c 94 8d 00 	jmp	0x11a	; 0x11a <_exit>

00000092 <__bad_interrupt>:
  92:	0c 94 00 00 	jmp	0	; 0x0 <__vectors>

00000096 <main>:
#define MUX_PORT PORTC

const uint8_t digits[] = {0xc0,0xf9,0xa4,0xb0,0x99,0x92,0x82,0xf8,0x80,0x90};

int main() {
	UCSR0B &= ~_BV(RXEN0) & ~_BV(TXEN0);
  96:	80 91 c1 00 	lds	r24, 0x00C1	; 0x8000c1 <__TEXT_REGION_LENGTH__+0x7f80c1>
  9a:	87 7e       	andi	r24, 0xE7	; 231
  9c:	80 93 c1 00 	sts	0x00C1, r24	; 0x8000c1 <__TEXT_REGION_LENGTH__+0x7f80c1>

	MUX_DDR |= 0x03;
  a0:	87 b1       	in	r24, 0x07	; 7
  a2:	83 60       	ori	r24, 0x03	; 3
  a4:	87 b9       	out	0x07, r24	; 7
	DISPLAY_DDR |= 0xff;
  a6:	8a b1       	in	r24, 0x0a	; 10
  a8:	8f ef       	ldi	r24, 0xFF	; 255
  aa:	8a b9       	out	0x0a, r24	; 10

	int ones = 0;
	int tens = 0;
  ac:	c0 e0       	ldi	r28, 0x00	; 0
  ae:	d0 e0       	ldi	r29, 0x00	; 0
	UCSR0B &= ~_BV(RXEN0) & ~_BV(TXEN0);

	MUX_DDR |= 0x03;
	DISPLAY_DDR |= 0xff;

	int ones = 0;
  b0:	60 e0       	ldi	r22, 0x00	; 0
  b2:	70 e0       	ldi	r23, 0x00	; 0
  b4:	a0 e0       	ldi	r26, 0x00	; 0
  b6:	b1 e0       	ldi	r27, 0x01	; 1
	int tens = 0;
	while (1) {
		for (int i = 0; i < 100; i++) {
			MUX_PORT = 1 << 0;
  b8:	51 e0       	ldi	r21, 0x01	; 1
			DISPLAY_PORT = digits[ones];
			_delay_ms(5);
				
			MUX_PORT = 1 << 1;
  ba:	42 e0       	ldi	r20, 0x02	; 2
	UCSR0B &= ~_BV(RXEN0) & ~_BV(TXEN0);

	MUX_DDR |= 0x03;
	DISPLAY_DDR |= 0xff;

	int ones = 0;
  bc:	84 e6       	ldi	r24, 0x64	; 100
  be:	90 e0       	ldi	r25, 0x00	; 0
  c0:	fb 01       	movw	r30, r22
  c2:	e0 50       	subi	r30, 0x00	; 0
  c4:	ff 4f       	sbci	r31, 0xFF	; 255
	int tens = 0;
	while (1) {
		for (int i = 0; i < 100; i++) {
			MUX_PORT = 1 << 0;
			DISPLAY_PORT = digits[ones];
  c6:	30 81       	ld	r19, Z
			_delay_ms(5);
				
			MUX_PORT = 1 << 1;
			DISPLAY_PORT = digits[tens];
  c8:	2c 91       	ld	r18, X

	int ones = 0;
	int tens = 0;
	while (1) {
		for (int i = 0; i < 100; i++) {
			MUX_PORT = 1 << 0;
  ca:	58 b9       	out	0x08, r21	; 8
			DISPLAY_PORT = digits[ones];
  cc:	3b b9       	out	0x0b, r19	; 11
	#else
		//round up by default
		__ticks_dc = (uint32_t)(ceil(fabs(__tmp)));
	#endif

	__builtin_avr_delay_cycles(__ticks_dc);
  ce:	ef e1       	ldi	r30, 0x1F	; 31
  d0:	fe e4       	ldi	r31, 0x4E	; 78
  d2:	31 97       	sbiw	r30, 0x01	; 1
  d4:	f1 f7       	brne	.-4      	; 0xd2 <main+0x3c>
  d6:	00 c0       	rjmp	.+0      	; 0xd8 <main+0x42>
  d8:	00 00       	nop
			_delay_ms(5);
				
			MUX_PORT = 1 << 1;
  da:	48 b9       	out	0x08, r20	; 8
			DISPLAY_PORT = digits[tens];
  dc:	2b b9       	out	0x0b, r18	; 11
  de:	ef e1       	ldi	r30, 0x1F	; 31
  e0:	fe e4       	ldi	r31, 0x4E	; 78
  e2:	31 97       	sbiw	r30, 0x01	; 1
  e4:	f1 f7       	brne	.-4      	; 0xe2 <main+0x4c>
  e6:	00 c0       	rjmp	.+0      	; 0xe8 <main+0x52>
  e8:	00 00       	nop
  ea:	01 97       	sbiw	r24, 0x01	; 1
	DISPLAY_DDR |= 0xff;

	int ones = 0;
	int tens = 0;
	while (1) {
		for (int i = 0; i < 100; i++) {
  ec:	71 f7       	brne	.-36     	; 0xca <main+0x34>
			MUX_PORT = 1 << 1;
			DISPLAY_PORT = digits[tens];
			_delay_ms(5);
		}

		if (++ones == 10) {
  ee:	6f 5f       	subi	r22, 0xFF	; 255
  f0:	7f 4f       	sbci	r23, 0xFF	; 255
  f2:	6a 30       	cpi	r22, 0x0A	; 10
  f4:	71 05       	cpc	r23, r1
  f6:	11 f7       	brne	.-60     	; 0xbc <main+0x26>
			ones = 0;
			if (++tens == 6) {
  f8:	21 96       	adiw	r28, 0x01	; 1
  fa:	c6 30       	cpi	r28, 0x06	; 6
  fc:	d1 05       	cpc	r29, r1
  fe:	31 f0       	breq	.+12     	; 0x10c <main+0x76>
			DISPLAY_PORT = digits[tens];
			_delay_ms(5);
		}

		if (++ones == 10) {
			ones = 0;
 100:	60 e0       	ldi	r22, 0x00	; 0
 102:	70 e0       	ldi	r23, 0x00	; 0
 104:	de 01       	movw	r26, r28
 106:	a0 50       	subi	r26, 0x00	; 0
 108:	bf 4f       	sbci	r27, 0xFF	; 255
 10a:	d8 cf       	rjmp	.-80     	; 0xbc <main+0x26>
			if (++tens == 6) {
				tens = 0;
 10c:	c0 e0       	ldi	r28, 0x00	; 0
 10e:	d0 e0       	ldi	r29, 0x00	; 0
			DISPLAY_PORT = digits[tens];
			_delay_ms(5);
		}

		if (++ones == 10) {
			ones = 0;
 110:	60 e0       	ldi	r22, 0x00	; 0
 112:	70 e0       	ldi	r23, 0x00	; 0
 114:	a0 e0       	ldi	r26, 0x00	; 0
 116:	b1 e0       	ldi	r27, 0x01	; 1
 118:	d1 cf       	rjmp	.-94     	; 0xbc <main+0x26>

0000011a <_exit>:
 11a:	f8 94       	cli

0000011c <__stop_program>:
 11c:	ff cf       	rjmp	.-2      	; 0x11c <__stop_program>
