
blink_attiny.elf:     file format elf32-avr

Sections:
Idx Name          Size      VMA       LMA       File off  Algn
  0 .text         00000064  00000000  00000000  00000074  2**1
                  CONTENTS, ALLOC, LOAD, READONLY, CODE
  1 .data         00000000  00800060  00000064  000000d8  2**0
                  CONTENTS, ALLOC, LOAD, DATA
  2 .stab         00000510  00000000  00000000  000000d8  2**2
                  CONTENTS, READONLY, DEBUGGING
  3 .stabstr      00000c6f  00000000  00000000  000005e8  2**0
                  CONTENTS, READONLY, DEBUGGING
  4 .comment      00000011  00000000  00000000  00001257  2**0
                  CONTENTS, READONLY
  5 .note.gnu.avr.deviceinfo 0000003c  00000000  00000000  00001268  2**2
                  CONTENTS, READONLY
  6 .debug_info   00000420  00000000  00000000  000012a4  2**0
                  CONTENTS, READONLY, DEBUGGING
  7 .debug_abbrev 000003e8  00000000  00000000  000016c4  2**0
                  CONTENTS, READONLY, DEBUGGING
  8 .debug_line   0000001a  00000000  00000000  00001aac  2**0
                  CONTENTS, READONLY, DEBUGGING
  9 .debug_str    00000173  00000000  00000000  00001ac6  2**0
                  CONTENTS, READONLY, DEBUGGING

Disassembly of section .text:

00000000 <__vectors>:
   0:	10 c0       	rjmp	.+32     	; 0x22 <__ctors_end>
   2:	17 c0       	rjmp	.+46     	; 0x32 <__bad_interrupt>
   4:	16 c0       	rjmp	.+44     	; 0x32 <__bad_interrupt>
   6:	15 c0       	rjmp	.+42     	; 0x32 <__bad_interrupt>
   8:	14 c0       	rjmp	.+40     	; 0x32 <__bad_interrupt>
   a:	13 c0       	rjmp	.+38     	; 0x32 <__bad_interrupt>
   c:	12 c0       	rjmp	.+36     	; 0x32 <__bad_interrupt>
   e:	11 c0       	rjmp	.+34     	; 0x32 <__bad_interrupt>
  10:	10 c0       	rjmp	.+32     	; 0x32 <__bad_interrupt>
  12:	0f c0       	rjmp	.+30     	; 0x32 <__bad_interrupt>
  14:	0e c0       	rjmp	.+28     	; 0x32 <__bad_interrupt>
  16:	0d c0       	rjmp	.+26     	; 0x32 <__bad_interrupt>
  18:	0c c0       	rjmp	.+24     	; 0x32 <__bad_interrupt>
  1a:	0b c0       	rjmp	.+22     	; 0x32 <__bad_interrupt>
  1c:	0a c0       	rjmp	.+20     	; 0x32 <__bad_interrupt>
  1e:	09 c0       	rjmp	.+18     	; 0x32 <__bad_interrupt>
  20:	08 c0       	rjmp	.+16     	; 0x32 <__bad_interrupt>

00000022 <__ctors_end>:
  22:	11 24       	eor	r1, r1
  24:	1f be       	out	0x3f, r1	; 63
  26:	cf e5       	ldi	r28, 0x5F	; 95
  28:	d2 e0       	ldi	r29, 0x02	; 2
  2a:	de bf       	out	0x3e, r29	; 62
  2c:	cd bf       	out	0x3d, r28	; 61
  2e:	02 d0       	rcall	.+4      	; 0x34 <main>
  30:	17 c0       	rjmp	.+46     	; 0x60 <_exit>

00000032 <__bad_interrupt>:
  32:	e6 cf       	rjmp	.-52     	; 0x0 <__vectors>

00000034 <main>:
#define LED PB2
#define LED_DDR DDRB
#define LED_PORT PORTB

int main() {
  LED_DDR |= _BV(LED);
  34:	ba 9a       	sbi	0x17, 2	; 23
  while (1) {
    LED_PORT |= _BV(LED);
  36:	c2 9a       	sbi	0x18, 2	; 24
	#else
		//round up by default
		__ticks_dc = (uint32_t)(ceil(fabs(__tmp)));
	#endif

	__builtin_avr_delay_cycles(__ticks_dc);
  38:	2f e3       	ldi	r18, 0x3F	; 63
  3a:	8d e0       	ldi	r24, 0x0D	; 13
  3c:	93 e0       	ldi	r25, 0x03	; 3
  3e:	21 50       	subi	r18, 0x01	; 1
  40:	80 40       	sbci	r24, 0x00	; 0
  42:	90 40       	sbci	r25, 0x00	; 0
  44:	e1 f7       	brne	.-8      	; 0x3e <__SP_H__>
  46:	00 c0       	rjmp	.+0      	; 0x48 <__SREG__+0x9>
  48:	00 00       	nop
    _delay_ms(1000);
    LED_PORT &= ~_BV(LED);
  4a:	c2 98       	cbi	0x18, 2	; 24
  4c:	2f e3       	ldi	r18, 0x3F	; 63
  4e:	8d e0       	ldi	r24, 0x0D	; 13
  50:	93 e0       	ldi	r25, 0x03	; 3
  52:	21 50       	subi	r18, 0x01	; 1
  54:	80 40       	sbci	r24, 0x00	; 0
  56:	90 40       	sbci	r25, 0x00	; 0
  58:	e1 f7       	brne	.-8      	; 0x52 <__SREG__+0x13>
  5a:	00 c0       	rjmp	.+0      	; 0x5c <__SREG__+0x1d>
  5c:	00 00       	nop
  5e:	eb cf       	rjmp	.-42     	; 0x36 <main+0x2>

00000060 <_exit>:
  60:	f8 94       	cli

00000062 <__stop_program>:
  62:	ff cf       	rjmp	.-2      	; 0x62 <__stop_program>
