
task4.elf:     file format elf32-avr

Sections:
Idx Name          Size      VMA       LMA       File off  Algn
  0 .data         0000000a  00800100  00000122  00000196  2**0
                  CONTENTS, ALLOC, LOAD, DATA
  1 .text         00000122  00000000  00000000  00000074  2**1
                  CONTENTS, ALLOC, LOAD, READONLY, CODE
  2 .stab         00000720  00000000  00000000  000001a0  2**2
                  CONTENTS, READONLY, DEBUGGING
  3 .stabstr      00000d3f  00000000  00000000  000008c0  2**0
                  CONTENTS, READONLY, DEBUGGING
  4 .comment      00000011  00000000  00000000  000015ff  2**0
                  CONTENTS, READONLY
  5 .note.gnu.avr.deviceinfo 00000040  00000000  00000000  00001610  2**2
                  CONTENTS, READONLY
  6 .debug_info   000005f4  00000000  00000000  00001650  2**0
                  CONTENTS, READONLY, DEBUGGING
  7 .debug_abbrev 000005a2  00000000  00000000  00001c44  2**0
                  CONTENTS, READONLY, DEBUGGING
  8 .debug_line   0000001a  00000000  00000000  000021e6  2**0
                  CONTENTS, READONLY, DEBUGGING
  9 .debug_str    00000208  00000000  00000000  00002200  2**0
                  CONTENTS, READONLY, DEBUGGING

Disassembly of section .text:

00000000 <__vectors>:
   0:	0c 94 34 00 	jmp	0x68	; 0x68 <__ctors_end>
   4:	0c 94 49 00 	jmp	0x92	; 0x92 <__bad_interrupt>
   8:	0c 94 49 00 	jmp	0x92	; 0x92 <__bad_interrupt>
   c:	0c 94 49 00 	jmp	0x92	; 0x92 <__bad_interrupt>
  10:	0c 94 49 00 	jmp	0x92	; 0x92 <__bad_interrupt>
  14:	0c 94 49 00 	jmp	0x92	; 0x92 <__bad_interrupt>
  18:	0c 94 49 00 	jmp	0x92	; 0x92 <__bad_interrupt>
  1c:	0c 94 49 00 	jmp	0x92	; 0x92 <__bad_interrupt>
  20:	0c 94 49 00 	jmp	0x92	; 0x92 <__bad_interrupt>
  24:	0c 94 49 00 	jmp	0x92	; 0x92 <__bad_interrupt>
  28:	0c 94 49 00 	jmp	0x92	; 0x92 <__bad_interrupt>
  2c:	0c 94 49 00 	jmp	0x92	; 0x92 <__bad_interrupt>
  30:	0c 94 49 00 	jmp	0x92	; 0x92 <__bad_interrupt>
  34:	0c 94 49 00 	jmp	0x92	; 0x92 <__bad_interrupt>
  38:	0c 94 49 00 	jmp	0x92	; 0x92 <__bad_interrupt>
  3c:	0c 94 49 00 	jmp	0x92	; 0x92 <__bad_interrupt>
  40:	0c 94 49 00 	jmp	0x92	; 0x92 <__bad_interrupt>
  44:	0c 94 49 00 	jmp	0x92	; 0x92 <__bad_interrupt>
  48:	0c 94 49 00 	jmp	0x92	; 0x92 <__bad_interrupt>
  4c:	0c 94 49 00 	jmp	0x92	; 0x92 <__bad_interrupt>
  50:	0c 94 49 00 	jmp	0x92	; 0x92 <__bad_interrupt>
  54:	0c 94 49 00 	jmp	0x92	; 0x92 <__bad_interrupt>
  58:	0c 94 49 00 	jmp	0x92	; 0x92 <__bad_interrupt>
  5c:	0c 94 49 00 	jmp	0x92	; 0x92 <__bad_interrupt>
  60:	0c 94 49 00 	jmp	0x92	; 0x92 <__bad_interrupt>
  64:	0c 94 49 00 	jmp	0x92	; 0x92 <__bad_interrupt>

00000068 <__ctors_end>:
  68:	11 24       	eor	r1, r1
  6a:	1f be       	out	0x3f, r1	; 63
  6c:	cf ef       	ldi	r28, 0xFF	; 255
  6e:	d8 e0       	ldi	r29, 0x08	; 8
  70:	de bf       	out	0x3e, r29	; 62
  72:	cd bf       	out	0x3d, r28	; 61

00000074 <__do_copy_data>:
  74:	11 e0       	ldi	r17, 0x01	; 1
  76:	a0 e0       	ldi	r26, 0x00	; 0
  78:	b1 e0       	ldi	r27, 0x01	; 1
  7a:	e2 e2       	ldi	r30, 0x22	; 34
  7c:	f1 e0       	ldi	r31, 0x01	; 1
  7e:	02 c0       	rjmp	.+4      	; 0x84 <__do_copy_data+0x10>
  80:	05 90       	lpm	r0, Z+
  82:	0d 92       	st	X+, r0
  84:	aa 30       	cpi	r26, 0x0A	; 10
  86:	b1 07       	cpc	r27, r17
  88:	d9 f7       	brne	.-10     	; 0x80 <__do_copy_data+0xc>
  8a:	0e 94 5e 00 	call	0xbc	; 0xbc <main>
  8e:	0c 94 8f 00 	jmp	0x11e	; 0x11e <_exit>

00000092 <__bad_interrupt>:
  92:	0c 94 00 00 	jmp	0	; 0x0 <__vectors>

00000096 <spi_init>:
#include <avr/interrupt.h>

#include <util/delay.h>

void spi_init() {
	DDRB |= _BV(PB3) | _BV(PB5) | _BV(PB2) | _BV(PB1);
  96:	84 b1       	in	r24, 0x04	; 4
  98:	8e 62       	ori	r24, 0x2E	; 46
  9a:	84 b9       	out	0x04, r24	; 4
	PORTB &= ~_BV(PB2);
  9c:	2a 98       	cbi	0x05, 2	; 5
	PORTB &= ~_BV(PB1);
  9e:	29 98       	cbi	0x05, 1	; 5
	SPCR |= _BV(SPE) | _BV(MSTR) | _BV(SPR1);
  a0:	8c b5       	in	r24, 0x2c	; 44
  a2:	82 65       	ori	r24, 0x52	; 82
  a4:	8c bd       	out	0x2c, r24	; 44
	SPSR = 0;
  a6:	1d bc       	out	0x2d, r1	; 45
  a8:	08 95       	ret

000000aa <spi_transfer>:
}

uint8_t spi_transfer(uint8_t data) {
	SPDR = data;
  aa:	8e bd       	out	0x2e, r24	; 46
	while (!(SPSR & _BV(SPIF)));
  ac:	0d b4       	in	r0, 0x2d	; 45
  ae:	07 fe       	sbrs	r0, 7
  b0:	fd cf       	rjmp	.-6      	; 0xac <spi_transfer+0x2>
	SPSR |= _BV(SPIF);
  b2:	8d b5       	in	r24, 0x2d	; 45
  b4:	80 68       	ori	r24, 0x80	; 128
  b6:	8d bd       	out	0x2d, r24	; 45
	return SPDR;
  b8:	8e b5       	in	r24, 0x2e	; 46
}
  ba:	08 95       	ret

000000bc <main>:
#include <avr/interrupt.h>

#include <util/delay.h>

void spi_init() {
	DDRB |= _BV(PB3) | _BV(PB5) | _BV(PB2) | _BV(PB1);
  bc:	84 b1       	in	r24, 0x04	; 4
  be:	8e 62       	ori	r24, 0x2E	; 46
  c0:	84 b9       	out	0x04, r24	; 4
	PORTB &= ~_BV(PB2);
  c2:	2a 98       	cbi	0x05, 2	; 5
	PORTB &= ~_BV(PB1);
  c4:	29 98       	cbi	0x05, 1	; 5
	SPCR |= _BV(SPE) | _BV(MSTR) | _BV(SPR1);
  c6:	8c b5       	in	r24, 0x2c	; 44
  c8:	82 65       	ori	r24, 0x52	; 82
  ca:	8c bd       	out	0x2c, r24	; 44
	SPSR = 0;
  cc:	1d bc       	out	0x2d, r1	; 45
  ce:	20 ec       	ldi	r18, 0xC0	; 192
const uint8_t digits[] = {0xc0,0xf9,0xa4,0xb0,0x99,0x92,0x82,0xf8,0x80,0x90};

int main() {
	spi_init();

	int d = 0;
  d0:	80 e0       	ldi	r24, 0x00	; 0
  d2:	90 e0       	ldi	r25, 0x00	; 0
	while (1) {

		spi_transfer(~digits[d]);
  d4:	20 95       	com	r18
	SPCR |= _BV(SPE) | _BV(MSTR) | _BV(SPR1);
	SPSR = 0;
}

uint8_t spi_transfer(uint8_t data) {
	SPDR = data;
  d6:	2e bd       	out	0x2e, r18	; 46
	while (!(SPSR & _BV(SPIF)));
  d8:	0d b4       	in	r0, 0x2d	; 45
  da:	07 fe       	sbrs	r0, 7
  dc:	fd cf       	rjmp	.-6      	; 0xd8 <main+0x1c>
	SPSR |= _BV(SPIF);
  de:	2d b5       	in	r18, 0x2d	; 45
  e0:	20 68       	ori	r18, 0x80	; 128
  e2:	2d bd       	out	0x2d, r18	; 45
	return SPDR;
  e4:	2e b5       	in	r18, 0x2e	; 46

	int d = 0;
	while (1) {

		spi_transfer(~digits[d]);
		PORTB |= _BV(PB1);
  e6:	29 9a       	sbi	0x05, 1	; 5
	#else
		//round up by default
		__ticks_dc = (uint32_t)(ceil(fabs(__tmp)));
	#endif

	__builtin_avr_delay_cycles(__ticks_dc);
  e8:	25 e0       	ldi	r18, 0x05	; 5
  ea:	2a 95       	dec	r18
  ec:	f1 f7       	brne	.-4      	; 0xea <main+0x2e>
  ee:	00 00       	nop
		_delay_us(1);
		PORTB &= ~_BV(PB1);
  f0:	29 98       	cbi	0x05, 1	; 5

		d++;
  f2:	01 96       	adiw	r24, 0x01	; 1
		if (d == 10)
  f4:	8a 30       	cpi	r24, 0x0A	; 10
  f6:	91 05       	cpc	r25, r1
  f8:	71 f0       	breq	.+28     	; 0x116 <main+0x5a>
  fa:	fc 01       	movw	r30, r24
  fc:	e0 50       	subi	r30, 0x00	; 0
  fe:	ff 4f       	sbci	r31, 0xFF	; 255
 100:	20 81       	ld	r18, Z
	#else
		//round up by default
		__ticks_dc = (uint32_t)(ceil(fabs(__tmp)));
	#endif

	__builtin_avr_delay_cycles(__ticks_dc);
 102:	3f ef       	ldi	r19, 0xFF	; 255
 104:	43 ed       	ldi	r20, 0xD3	; 211
 106:	50 e3       	ldi	r21, 0x30	; 48
 108:	31 50       	subi	r19, 0x01	; 1
 10a:	40 40       	sbci	r20, 0x00	; 0
 10c:	50 40       	sbci	r21, 0x00	; 0
 10e:	e1 f7       	brne	.-8      	; 0x108 <main+0x4c>
 110:	00 c0       	rjmp	.+0      	; 0x112 <main+0x56>
 112:	00 00       	nop
 114:	df cf       	rjmp	.-66     	; 0xd4 <main+0x18>
 116:	20 ec       	ldi	r18, 0xC0	; 192
			d = 0;
 118:	80 e0       	ldi	r24, 0x00	; 0
 11a:	90 e0       	ldi	r25, 0x00	; 0
 11c:	f2 cf       	rjmp	.-28     	; 0x102 <main+0x46>

0000011e <_exit>:
 11e:	f8 94       	cli

00000120 <__stop_program>:
 120:	ff cf       	rjmp	.-2      	; 0x120 <__stop_program>
