
task2.elf:     file format elf32-avr

Sections:
Idx Name          Size      VMA       LMA       File off  Algn
  0 .data         00000012  00800100  00000908  0000099c  2**0
                  CONTENTS, ALLOC, LOAD, DATA
  1 .text         00000908  00000000  00000000  00000094  2**1
                  CONTENTS, ALLOC, LOAD, READONLY, CODE
  2 .bss          00000204  00800112  00800112  000009ae  2**0
                  ALLOC
  3 .stab         00000984  00000000  00000000  000009b0  2**2
                  CONTENTS, READONLY, DEBUGGING
  4 .stabstr      00000db3  00000000  00000000  00001334  2**0
                  CONTENTS, READONLY, DEBUGGING
  5 .comment      00000011  00000000  00000000  000020e7  2**0
                  CONTENTS, READONLY
  6 .note.gnu.avr.deviceinfo 00000040  00000000  00000000  000020f8  2**2
                  CONTENTS, READONLY
  7 .debug_info   000005f4  00000000  00000000  00002138  2**0
                  CONTENTS, READONLY, DEBUGGING
  8 .debug_abbrev 000005a2  00000000  00000000  0000272c  2**0
                  CONTENTS, READONLY, DEBUGGING
  9 .debug_line   0000001a  00000000  00000000  00002cce  2**0
                  CONTENTS, READONLY, DEBUGGING
 10 .debug_str    00000208  00000000  00000000  00002ce8  2**0
                  CONTENTS, READONLY, DEBUGGING

Disassembly of section .text:

00000000 <__vectors>:
   0:	0c 94 34 00 	jmp	0x68	; 0x68 <__ctors_end>
   4:	0c 94 51 00 	jmp	0xa2	; 0xa2 <__bad_interrupt>
   8:	0c 94 51 00 	jmp	0xa2	; 0xa2 <__bad_interrupt>
   c:	0c 94 51 00 	jmp	0xa2	; 0xa2 <__bad_interrupt>
  10:	0c 94 51 00 	jmp	0xa2	; 0xa2 <__bad_interrupt>
  14:	0c 94 51 00 	jmp	0xa2	; 0xa2 <__bad_interrupt>
  18:	0c 94 51 00 	jmp	0xa2	; 0xa2 <__bad_interrupt>
  1c:	0c 94 51 00 	jmp	0xa2	; 0xa2 <__bad_interrupt>
  20:	0c 94 51 00 	jmp	0xa2	; 0xa2 <__bad_interrupt>
  24:	0c 94 51 00 	jmp	0xa2	; 0xa2 <__bad_interrupt>
  28:	0c 94 51 00 	jmp	0xa2	; 0xa2 <__bad_interrupt>
  2c:	0c 94 51 00 	jmp	0xa2	; 0xa2 <__bad_interrupt>
  30:	0c 94 51 00 	jmp	0xa2	; 0xa2 <__bad_interrupt>
  34:	0c 94 51 00 	jmp	0xa2	; 0xa2 <__bad_interrupt>
  38:	0c 94 51 00 	jmp	0xa2	; 0xa2 <__bad_interrupt>
  3c:	0c 94 51 00 	jmp	0xa2	; 0xa2 <__bad_interrupt>
  40:	0c 94 51 00 	jmp	0xa2	; 0xa2 <__bad_interrupt>
  44:	0c 94 51 00 	jmp	0xa2	; 0xa2 <__bad_interrupt>
  48:	0c 94 8b 00 	jmp	0x116	; 0x116 <__vector_18>
  4c:	0c 94 62 00 	jmp	0xc4	; 0xc4 <__vector_19>
  50:	0c 94 51 00 	jmp	0xa2	; 0xa2 <__bad_interrupt>
  54:	0c 94 51 00 	jmp	0xa2	; 0xa2 <__bad_interrupt>
  58:	0c 94 51 00 	jmp	0xa2	; 0xa2 <__bad_interrupt>
  5c:	0c 94 51 00 	jmp	0xa2	; 0xa2 <__bad_interrupt>
  60:	0c 94 51 00 	jmp	0xa2	; 0xa2 <__bad_interrupt>
  64:	0c 94 51 00 	jmp	0xa2	; 0xa2 <__bad_interrupt>

00000068 <__ctors_end>:
  68:	11 24       	eor	r1, r1
  6a:	1f be       	out	0x3f, r1	; 63
  6c:	cf ef       	ldi	r28, 0xFF	; 255
  6e:	d8 e0       	ldi	r29, 0x08	; 8
  70:	de bf       	out	0x3e, r29	; 62
  72:	cd bf       	out	0x3d, r28	; 61

00000074 <__do_copy_data>:
  74:	11 e0       	ldi	r17, 0x01	; 1
  76:	a0 e0       	ldi	r26, 0x00	; 0
  78:	b1 e0       	ldi	r27, 0x01	; 1
  7a:	e8 e0       	ldi	r30, 0x08	; 8
  7c:	f9 e0       	ldi	r31, 0x09	; 9
  7e:	02 c0       	rjmp	.+4      	; 0x84 <__do_copy_data+0x10>
  80:	05 90       	lpm	r0, Z+
  82:	0d 92       	st	X+, r0
  84:	a2 31       	cpi	r26, 0x12	; 18
  86:	b1 07       	cpc	r27, r17
  88:	d9 f7       	brne	.-10     	; 0x80 <__do_copy_data+0xc>

0000008a <__do_clear_bss>:
  8a:	23 e0       	ldi	r18, 0x03	; 3
  8c:	a2 e1       	ldi	r26, 0x12	; 18
  8e:	b1 e0       	ldi	r27, 0x01	; 1
  90:	01 c0       	rjmp	.+2      	; 0x94 <.do_clear_bss_start>

00000092 <.do_clear_bss_loop>:
  92:	1d 92       	st	X+, r1

00000094 <.do_clear_bss_start>:
  94:	a6 31       	cpi	r26, 0x16	; 22
  96:	b2 07       	cpc	r27, r18
  98:	e1 f7       	brne	.-8      	; 0x92 <.do_clear_bss_loop>
  9a:	0e 94 19 01 	call	0x232	; 0x232 <main>
  9e:	0c 94 82 04 	jmp	0x904	; 0x904 <_exit>

000000a2 <__bad_interrupt>:
  a2:	0c 94 00 00 	jmp	0	; 0x0 <__vectors>

000000a6 <uart_init>:

#define BAUD 9600
#define UBRR_VALUE (F_CPU/16/BAUD-1)

void uart_init() {
	UBRR0 = UBRR_VALUE;	
  a6:	87 e6       	ldi	r24, 0x67	; 103
  a8:	90 e0       	ldi	r25, 0x00	; 0
  aa:	90 93 c5 00 	sts	0x00C5, r25	; 0x8000c5 <__TEXT_REGION_LENGTH__+0x7f80c5>
  ae:	80 93 c4 00 	sts	0x00C4, r24	; 0x8000c4 <__TEXT_REGION_LENGTH__+0x7f80c4>
	UCSR0A = 0;
  b2:	10 92 c0 00 	sts	0x00C0, r1	; 0x8000c0 <__TEXT_REGION_LENGTH__+0x7f80c0>
	UCSR0B = _BV(RXEN0) | _BV(TXEN0) | _BV(RXCIE0);
  b6:	88 e9       	ldi	r24, 0x98	; 152
  b8:	80 93 c1 00 	sts	0x00C1, r24	; 0x8000c1 <__TEXT_REGION_LENGTH__+0x7f80c1>
	UCSR0C = _BV(UCSZ01) | _BV(UCSZ00); 
  bc:	86 e0       	ldi	r24, 0x06	; 6
  be:	80 93 c2 00 	sts	0x00C2, r24	; 0x8000c2 <__TEXT_REGION_LENGTH__+0x7f80c2>
  c2:	08 95       	ret

000000c4 <__vector_19>:
}

volatile uint8_t I[256], I_head = 0, I_tail = 0;
volatile uint8_t O[256], O_head = 0, O_tail = 0;

ISR(USART_UDRE_vect) {
  c4:	1f 92       	push	r1
  c6:	0f 92       	push	r0
  c8:	0f b6       	in	r0, 0x3f	; 63
  ca:	0f 92       	push	r0
  cc:	11 24       	eor	r1, r1
  ce:	8f 93       	push	r24
  d0:	9f 93       	push	r25
  d2:	ef 93       	push	r30
  d4:	ff 93       	push	r31
	UDR0 = O[O_tail++];
  d6:	e0 91 12 01 	lds	r30, 0x0112	; 0x800112 <__data_end>
  da:	81 e0       	ldi	r24, 0x01	; 1
  dc:	8e 0f       	add	r24, r30
  de:	80 93 12 01 	sts	0x0112, r24	; 0x800112 <__data_end>
  e2:	f0 e0       	ldi	r31, 0x00	; 0
  e4:	ea 5e       	subi	r30, 0xEA	; 234
  e6:	fe 4f       	sbci	r31, 0xFE	; 254
  e8:	80 81       	ld	r24, Z
  ea:	80 93 c6 00 	sts	0x00C6, r24	; 0x8000c6 <__TEXT_REGION_LENGTH__+0x7f80c6>

	if (O_head == O_tail) {
  ee:	90 91 13 01 	lds	r25, 0x0113	; 0x800113 <O_head>
  f2:	80 91 12 01 	lds	r24, 0x0112	; 0x800112 <__data_end>
  f6:	98 13       	cpse	r25, r24
  f8:	05 c0       	rjmp	.+10     	; 0x104 <__vector_19+0x40>
		UCSR0B &= ~_BV(UDRIE0);
  fa:	80 91 c1 00 	lds	r24, 0x00C1	; 0x8000c1 <__TEXT_REGION_LENGTH__+0x7f80c1>
  fe:	8f 7d       	andi	r24, 0xDF	; 223
 100:	80 93 c1 00 	sts	0x00C1, r24	; 0x8000c1 <__TEXT_REGION_LENGTH__+0x7f80c1>
	}
}
 104:	ff 91       	pop	r31
 106:	ef 91       	pop	r30
 108:	9f 91       	pop	r25
 10a:	8f 91       	pop	r24
 10c:	0f 90       	pop	r0
 10e:	0f be       	out	0x3f, r0	; 63
 110:	0f 90       	pop	r0
 112:	1f 90       	pop	r1
 114:	18 95       	reti

00000116 <__vector_18>:

ISR(USART_RX_vect) {
 116:	1f 92       	push	r1
 118:	0f 92       	push	r0
 11a:	0f b6       	in	r0, 0x3f	; 63
 11c:	0f 92       	push	r0
 11e:	11 24       	eor	r1, r1
 120:	2f 93       	push	r18
 122:	3f 93       	push	r19
 124:	8f 93       	push	r24
 126:	9f 93       	push	r25
 128:	ef 93       	push	r30
 12a:	ff 93       	push	r31
 12c:	cf 93       	push	r28
 12e:	df 93       	push	r29
 130:	1f 92       	push	r1
 132:	cd b7       	in	r28, 0x3d	; 61
 134:	de b7       	in	r29, 0x3e	; 62
	if (I_head + 1 != I_tail) {
 136:	80 91 15 01 	lds	r24, 0x0115	; 0x800115 <I_head>
 13a:	20 91 14 01 	lds	r18, 0x0114	; 0x800114 <I_tail>
 13e:	90 e0       	ldi	r25, 0x00	; 0
 140:	01 96       	adiw	r24, 0x01	; 1
 142:	30 e0       	ldi	r19, 0x00	; 0
 144:	82 17       	cp	r24, r18
 146:	93 07       	cpc	r25, r19
 148:	d1 f0       	breq	.+52     	; 0x17e <__vector_18+0x68>
		I[I_head++] = UDR0;
 14a:	e0 91 15 01 	lds	r30, 0x0115	; 0x800115 <I_head>
 14e:	81 e0       	ldi	r24, 0x01	; 1
 150:	8e 0f       	add	r24, r30
 152:	80 93 15 01 	sts	0x0115, r24	; 0x800115 <I_head>
 156:	f0 e0       	ldi	r31, 0x00	; 0
 158:	80 91 c6 00 	lds	r24, 0x00C6	; 0x8000c6 <__TEXT_REGION_LENGTH__+0x7f80c6>
 15c:	ea 5e       	subi	r30, 0xEA	; 234
 15e:	fd 4f       	sbci	r31, 0xFD	; 253
 160:	80 83       	st	Z, r24
	}
	else {
		volatile uint8_t empty = UDR0;
		(void) empty;
	}
}
 162:	0f 90       	pop	r0
 164:	df 91       	pop	r29
 166:	cf 91       	pop	r28
 168:	ff 91       	pop	r31
 16a:	ef 91       	pop	r30
 16c:	9f 91       	pop	r25
 16e:	8f 91       	pop	r24
 170:	3f 91       	pop	r19
 172:	2f 91       	pop	r18
 174:	0f 90       	pop	r0
 176:	0f be       	out	0x3f, r0	; 63
 178:	0f 90       	pop	r0
 17a:	1f 90       	pop	r1
 17c:	18 95       	reti
ISR(USART_RX_vect) {
	if (I_head + 1 != I_tail) {
		I[I_head++] = UDR0;
	}
	else {
		volatile uint8_t empty = UDR0;
 17e:	80 91 c6 00 	lds	r24, 0x00C6	; 0x8000c6 <__TEXT_REGION_LENGTH__+0x7f80c6>
 182:	89 83       	std	Y+1, r24	; 0x01
		(void) empty;
 184:	89 81       	ldd	r24, Y+1	; 0x01
	}
}
 186:	ed cf       	rjmp	.-38     	; 0x162 <__vector_18+0x4c>

00000188 <uart_transmit>:

void uart_transmit(uint8_t data) {
	while (O_head + 1 == O_tail) { }
 188:	20 91 13 01 	lds	r18, 0x0113	; 0x800113 <O_head>
 18c:	40 91 12 01 	lds	r20, 0x0112	; 0x800112 <__data_end>
 190:	30 e0       	ldi	r19, 0x00	; 0
 192:	2f 5f       	subi	r18, 0xFF	; 255
 194:	3f 4f       	sbci	r19, 0xFF	; 255
 196:	50 e0       	ldi	r21, 0x00	; 0
 198:	24 17       	cp	r18, r20
 19a:	35 07       	cpc	r19, r21
 19c:	a9 f3       	breq	.-22     	; 0x188 <uart_transmit>
	
	cli();
 19e:	f8 94       	cli
	O[O_head++] = data;
 1a0:	e0 91 13 01 	lds	r30, 0x0113	; 0x800113 <O_head>
 1a4:	91 e0       	ldi	r25, 0x01	; 1
 1a6:	9e 0f       	add	r25, r30
 1a8:	90 93 13 01 	sts	0x0113, r25	; 0x800113 <O_head>
 1ac:	f0 e0       	ldi	r31, 0x00	; 0
 1ae:	ea 5e       	subi	r30, 0xEA	; 234
 1b0:	fe 4f       	sbci	r31, 0xFE	; 254
 1b2:	80 83       	st	Z, r24
	UCSR0B |= _BV(UDRIE0);
 1b4:	80 91 c1 00 	lds	r24, 0x00C1	; 0x8000c1 <__TEXT_REGION_LENGTH__+0x7f80c1>
 1b8:	80 62       	ori	r24, 0x20	; 32
 1ba:	80 93 c1 00 	sts	0x00C1, r24	; 0x8000c1 <__TEXT_REGION_LENGTH__+0x7f80c1>
	sei();
 1be:	78 94       	sei
 1c0:	08 95       	ret

000001c2 <uart_puts>:
}

void uart_puts(char* s) {
 1c2:	dc 01       	movw	r26, r24
	while (*s) {
 1c4:	9c 91       	ld	r25, X
 1c6:	99 23       	and	r25, r25
 1c8:	01 f1       	breq	.+64     	; 0x20a <uart_puts+0x48>
 1ca:	11 96       	adiw	r26, 0x01	; 1
		(void) empty;
	}
}

void uart_transmit(uint8_t data) {
	while (O_head + 1 == O_tail) { }
 1cc:	20 91 13 01 	lds	r18, 0x0113	; 0x800113 <O_head>
 1d0:	40 91 12 01 	lds	r20, 0x0112	; 0x800112 <__data_end>
 1d4:	30 e0       	ldi	r19, 0x00	; 0
 1d6:	2f 5f       	subi	r18, 0xFF	; 255
 1d8:	3f 4f       	sbci	r19, 0xFF	; 255
 1da:	50 e0       	ldi	r21, 0x00	; 0
 1dc:	24 17       	cp	r18, r20
 1de:	35 07       	cpc	r19, r21
 1e0:	a9 f3       	breq	.-22     	; 0x1cc <uart_puts+0xa>
	
	cli();
 1e2:	f8 94       	cli
	O[O_head++] = data;
 1e4:	e0 91 13 01 	lds	r30, 0x0113	; 0x800113 <O_head>
 1e8:	81 e0       	ldi	r24, 0x01	; 1
 1ea:	8e 0f       	add	r24, r30
 1ec:	80 93 13 01 	sts	0x0113, r24	; 0x800113 <O_head>
 1f0:	f0 e0       	ldi	r31, 0x00	; 0
 1f2:	ea 5e       	subi	r30, 0xEA	; 234
 1f4:	fe 4f       	sbci	r31, 0xFE	; 254
 1f6:	90 83       	st	Z, r25
	UCSR0B |= _BV(UDRIE0);
 1f8:	90 91 c1 00 	lds	r25, 0x00C1	; 0x8000c1 <__TEXT_REGION_LENGTH__+0x7f80c1>
 1fc:	90 62       	ori	r25, 0x20	; 32
 1fe:	90 93 c1 00 	sts	0x00C1, r25	; 0x8000c1 <__TEXT_REGION_LENGTH__+0x7f80c1>
	sei();
 202:	78 94       	sei
}

void uart_puts(char* s) {
	while (*s) {
 204:	9d 91       	ld	r25, X+
 206:	91 11       	cpse	r25, r1
 208:	e1 cf       	rjmp	.-62     	; 0x1cc <uart_puts+0xa>
 20a:	08 95       	ret

0000020c <uart_receive>:
		uart_transmit(*s++);
	}
}

uint8_t uart_receive() {
	while (I_head == I_tail) { }
 20c:	90 91 15 01 	lds	r25, 0x0115	; 0x800115 <I_head>
 210:	80 91 14 01 	lds	r24, 0x0114	; 0x800114 <I_tail>
 214:	98 17       	cp	r25, r24
 216:	d1 f3       	breq	.-12     	; 0x20c <uart_receive>

	cli();
 218:	f8 94       	cli
	uint8_t data = I[I_tail++];
 21a:	e0 91 14 01 	lds	r30, 0x0114	; 0x800114 <I_tail>
 21e:	81 e0       	ldi	r24, 0x01	; 1
 220:	8e 0f       	add	r24, r30
 222:	80 93 14 01 	sts	0x0114, r24	; 0x800114 <I_tail>
 226:	f0 e0       	ldi	r31, 0x00	; 0
 228:	ea 5e       	subi	r30, 0xEA	; 234
 22a:	fd 4f       	sbci	r31, 0xFD	; 253
 22c:	80 81       	ld	r24, Z
	sei();
 22e:	78 94       	sei
	
	return data;
}
 230:	08 95       	ret

00000232 <main>:

int main() {
 232:	cf 93       	push	r28
 234:	df 93       	push	r29
 236:	cd b7       	in	r28, 0x3d	; 61
 238:	de b7       	in	r29, 0x3e	; 62
 23a:	c4 56       	subi	r28, 0x64	; 100
 23c:	d1 09       	sbc	r29, r1
 23e:	0f b6       	in	r0, 0x3f	; 63
 240:	f8 94       	cli
 242:	de bf       	out	0x3e, r29	; 62
 244:	0f be       	out	0x3f, r0	; 63
 246:	cd bf       	out	0x3d, r28	; 61

#define BAUD 9600
#define UBRR_VALUE (F_CPU/16/BAUD-1)

void uart_init() {
	UBRR0 = UBRR_VALUE;	
 248:	87 e6       	ldi	r24, 0x67	; 103
 24a:	90 e0       	ldi	r25, 0x00	; 0
 24c:	90 93 c5 00 	sts	0x00C5, r25	; 0x8000c5 <__TEXT_REGION_LENGTH__+0x7f80c5>
 250:	80 93 c4 00 	sts	0x00C4, r24	; 0x8000c4 <__TEXT_REGION_LENGTH__+0x7f80c4>
	UCSR0A = 0;
 254:	10 92 c0 00 	sts	0x00C0, r1	; 0x8000c0 <__TEXT_REGION_LENGTH__+0x7f80c0>
	UCSR0B = _BV(RXEN0) | _BV(TXEN0) | _BV(RXCIE0);
 258:	88 e9       	ldi	r24, 0x98	; 152
 25a:	80 93 c1 00 	sts	0x00C1, r24	; 0x8000c1 <__TEXT_REGION_LENGTH__+0x7f80c1>
	UCSR0C = _BV(UCSZ01) | _BV(UCSZ00); 
 25e:	86 e0       	ldi	r24, 0x06	; 6
 260:	80 93 c2 00 	sts	0x00C2, r24	; 0x8000c2 <__TEXT_REGION_LENGTH__+0x7f80c2>

int main() {
	uart_init();

	//set_sleep_mode(SLEEP_MODE_IDLE);
	sei();
 264:	78 94       	sei
		uart_transmit(*s++);
	}
}

uint8_t uart_receive() {
	while (I_head == I_tail) { }
 266:	90 91 15 01 	lds	r25, 0x0115	; 0x800115 <I_head>
 26a:	80 91 14 01 	lds	r24, 0x0114	; 0x800114 <I_tail>
 26e:	98 17       	cp	r25, r24
 270:	d1 f3       	breq	.-12     	; 0x266 <main+0x34>

	cli();
 272:	f8 94       	cli
	uint8_t data = I[I_tail++];
 274:	e0 91 14 01 	lds	r30, 0x0114	; 0x800114 <I_tail>
 278:	81 e0       	ldi	r24, 0x01	; 1
 27a:	8e 0f       	add	r24, r30
 27c:	80 93 14 01 	sts	0x0114, r24	; 0x800114 <I_tail>
 280:	f0 e0       	ldi	r31, 0x00	; 0
 282:	ea 5e       	subi	r30, 0xEA	; 234
 284:	fd 4f       	sbci	r31, 0xFD	; 253
 286:	00 81       	ld	r16, Z
	sei();
 288:	78 94       	sei
 28a:	00 2e       	mov	r0, r16
 28c:	00 0c       	add	r0, r0
 28e:	11 0b       	sbc	r17, r17
 290:	ce 01       	movw	r24, r28
 292:	01 96       	adiw	r24, 0x01	; 1
 294:	6c 01       	movw	r12, r24
	char buf[100];
	char input = uart_receive();

	while (1) {
		cli();
		sprintf(buf, "%d %d %d %d %c\r\n", I_tail, I_head, O_tail, O_head, input);
 296:	80 e0       	ldi	r24, 0x00	; 0
 298:	e8 2e       	mov	r14, r24
 29a:	81 e0       	ldi	r24, 0x01	; 1
 29c:	f8 2e       	mov	r15, r24

	char buf[100];
	char input = uart_receive();

	while (1) {
		cli();
 29e:	f8 94       	cli
		sprintf(buf, "%d %d %d %d %c\r\n", I_tail, I_head, O_tail, O_head, input);
 2a0:	30 91 13 01 	lds	r19, 0x0113	; 0x800113 <O_head>
 2a4:	20 91 12 01 	lds	r18, 0x0112	; 0x800112 <__data_end>
 2a8:	90 91 15 01 	lds	r25, 0x0115	; 0x800115 <I_head>
 2ac:	80 91 14 01 	lds	r24, 0x0114	; 0x800114 <I_tail>
 2b0:	1f 93       	push	r17
 2b2:	0f 93       	push	r16
 2b4:	1f 92       	push	r1
 2b6:	3f 93       	push	r19
 2b8:	1f 92       	push	r1
 2ba:	2f 93       	push	r18
 2bc:	1f 92       	push	r1
 2be:	9f 93       	push	r25
 2c0:	1f 92       	push	r1
 2c2:	8f 93       	push	r24
 2c4:	ff 92       	push	r15
 2c6:	ef 92       	push	r14
 2c8:	df 92       	push	r13
 2ca:	cf 92       	push	r12
 2cc:	0e 94 98 01 	call	0x330	; 0x330 <sprintf>
		sei();
 2d0:	78 94       	sei
	UCSR0B |= _BV(UDRIE0);
	sei();
}

void uart_puts(char* s) {
	while (*s) {
 2d2:	49 81       	ldd	r20, Y+1	; 0x01
 2d4:	0f b6       	in	r0, 0x3f	; 63
 2d6:	f8 94       	cli
 2d8:	de bf       	out	0x3e, r29	; 62
 2da:	0f be       	out	0x3f, r0	; 63
 2dc:	cd bf       	out	0x3d, r28	; 61
 2de:	44 23       	and	r20, r20
 2e0:	01 f1       	breq	.+64     	; 0x322 <main+0xf0>
 2e2:	de 01       	movw	r26, r28
 2e4:	12 96       	adiw	r26, 0x02	; 2
		(void) empty;
	}
}

void uart_transmit(uint8_t data) {
	while (O_head + 1 == O_tail) { }
 2e6:	80 91 13 01 	lds	r24, 0x0113	; 0x800113 <O_head>
 2ea:	20 91 12 01 	lds	r18, 0x0112	; 0x800112 <__data_end>
 2ee:	90 e0       	ldi	r25, 0x00	; 0
 2f0:	01 96       	adiw	r24, 0x01	; 1
 2f2:	30 e0       	ldi	r19, 0x00	; 0
 2f4:	82 17       	cp	r24, r18
 2f6:	93 07       	cpc	r25, r19
 2f8:	b1 f3       	breq	.-20     	; 0x2e6 <main+0xb4>
	
	cli();
 2fa:	f8 94       	cli
	O[O_head++] = data;
 2fc:	e0 91 13 01 	lds	r30, 0x0113	; 0x800113 <O_head>
 300:	81 e0       	ldi	r24, 0x01	; 1
 302:	8e 0f       	add	r24, r30
 304:	80 93 13 01 	sts	0x0113, r24	; 0x800113 <O_head>
 308:	f0 e0       	ldi	r31, 0x00	; 0
 30a:	ea 5e       	subi	r30, 0xEA	; 234
 30c:	fe 4f       	sbci	r31, 0xFE	; 254
 30e:	40 83       	st	Z, r20
	UCSR0B |= _BV(UDRIE0);
 310:	80 91 c1 00 	lds	r24, 0x00C1	; 0x8000c1 <__TEXT_REGION_LENGTH__+0x7f80c1>
 314:	80 62       	ori	r24, 0x20	; 32
 316:	80 93 c1 00 	sts	0x00C1, r24	; 0x8000c1 <__TEXT_REGION_LENGTH__+0x7f80c1>
	sei();
 31a:	78 94       	sei
}

void uart_puts(char* s) {
	while (*s) {
 31c:	4d 91       	ld	r20, X+
 31e:	41 11       	cpse	r20, r1
 320:	e2 cf       	rjmp	.-60     	; 0x2e6 <main+0xb4>
	#else
		//round up by default
		__ticks_dc = (uint32_t)(ceil(fabs(__tmp)));
	#endif

	__builtin_avr_delay_cycles(__ticks_dc);
 322:	8f e3       	ldi	r24, 0x3F	; 63
 324:	9c e9       	ldi	r25, 0x9C	; 156
 326:	01 97       	sbiw	r24, 0x01	; 1
 328:	f1 f7       	brne	.-4      	; 0x326 <main+0xf4>
 32a:	00 c0       	rjmp	.+0      	; 0x32c <main+0xfa>
 32c:	00 00       	nop
 32e:	b7 cf       	rjmp	.-146    	; 0x29e <main+0x6c>

00000330 <sprintf>:
 330:	ae e0       	ldi	r26, 0x0E	; 14
 332:	b0 e0       	ldi	r27, 0x00	; 0
 334:	ee e9       	ldi	r30, 0x9E	; 158
 336:	f1 e0       	ldi	r31, 0x01	; 1
 338:	0c 94 59 04 	jmp	0x8b2	; 0x8b2 <__prologue_saves__+0x1c>
 33c:	0d 89       	ldd	r16, Y+21	; 0x15
 33e:	1e 89       	ldd	r17, Y+22	; 0x16
 340:	86 e0       	ldi	r24, 0x06	; 6
 342:	8c 83       	std	Y+4, r24	; 0x04
 344:	1a 83       	std	Y+2, r17	; 0x02
 346:	09 83       	std	Y+1, r16	; 0x01
 348:	8f ef       	ldi	r24, 0xFF	; 255
 34a:	9f e7       	ldi	r25, 0x7F	; 127
 34c:	9e 83       	std	Y+6, r25	; 0x06
 34e:	8d 83       	std	Y+5, r24	; 0x05
 350:	ae 01       	movw	r20, r28
 352:	47 5e       	subi	r20, 0xE7	; 231
 354:	5f 4f       	sbci	r21, 0xFF	; 255
 356:	6f 89       	ldd	r22, Y+23	; 0x17
 358:	78 8d       	ldd	r23, Y+24	; 0x18
 35a:	ce 01       	movw	r24, r28
 35c:	01 96       	adiw	r24, 0x01	; 1
 35e:	0e 94 ba 01 	call	0x374	; 0x374 <vfprintf>
 362:	ef 81       	ldd	r30, Y+7	; 0x07
 364:	f8 85       	ldd	r31, Y+8	; 0x08
 366:	e0 0f       	add	r30, r16
 368:	f1 1f       	adc	r31, r17
 36a:	10 82       	st	Z, r1
 36c:	2e 96       	adiw	r28, 0x0e	; 14
 36e:	e4 e0       	ldi	r30, 0x04	; 4
 370:	0c 94 75 04 	jmp	0x8ea	; 0x8ea <__epilogue_restores__+0x1c>

00000374 <vfprintf>:
 374:	ab e0       	ldi	r26, 0x0B	; 11
 376:	b0 e0       	ldi	r27, 0x00	; 0
 378:	e0 ec       	ldi	r30, 0xC0	; 192
 37a:	f1 e0       	ldi	r31, 0x01	; 1
 37c:	0c 94 4b 04 	jmp	0x896	; 0x896 <__prologue_saves__>
 380:	6c 01       	movw	r12, r24
 382:	7b 01       	movw	r14, r22
 384:	8a 01       	movw	r16, r20
 386:	fc 01       	movw	r30, r24
 388:	17 82       	std	Z+7, r1	; 0x07
 38a:	16 82       	std	Z+6, r1	; 0x06
 38c:	83 81       	ldd	r24, Z+3	; 0x03
 38e:	81 ff       	sbrs	r24, 1
 390:	cc c1       	rjmp	.+920    	; 0x72a <__EEPROM_REGION_LENGTH__+0x32a>
 392:	ce 01       	movw	r24, r28
 394:	01 96       	adiw	r24, 0x01	; 1
 396:	3c 01       	movw	r6, r24
 398:	f6 01       	movw	r30, r12
 39a:	93 81       	ldd	r25, Z+3	; 0x03
 39c:	f7 01       	movw	r30, r14
 39e:	93 fd       	sbrc	r25, 3
 3a0:	85 91       	lpm	r24, Z+
 3a2:	93 ff       	sbrs	r25, 3
 3a4:	81 91       	ld	r24, Z+
 3a6:	7f 01       	movw	r14, r30
 3a8:	88 23       	and	r24, r24
 3aa:	09 f4       	brne	.+2      	; 0x3ae <vfprintf+0x3a>
 3ac:	ba c1       	rjmp	.+884    	; 0x722 <__EEPROM_REGION_LENGTH__+0x322>
 3ae:	85 32       	cpi	r24, 0x25	; 37
 3b0:	39 f4       	brne	.+14     	; 0x3c0 <vfprintf+0x4c>
 3b2:	93 fd       	sbrc	r25, 3
 3b4:	85 91       	lpm	r24, Z+
 3b6:	93 ff       	sbrs	r25, 3
 3b8:	81 91       	ld	r24, Z+
 3ba:	7f 01       	movw	r14, r30
 3bc:	85 32       	cpi	r24, 0x25	; 37
 3be:	29 f4       	brne	.+10     	; 0x3ca <vfprintf+0x56>
 3c0:	b6 01       	movw	r22, r12
 3c2:	90 e0       	ldi	r25, 0x00	; 0
 3c4:	0e 94 b1 03 	call	0x762	; 0x762 <fputc>
 3c8:	e7 cf       	rjmp	.-50     	; 0x398 <vfprintf+0x24>
 3ca:	91 2c       	mov	r9, r1
 3cc:	21 2c       	mov	r2, r1
 3ce:	31 2c       	mov	r3, r1
 3d0:	ff e1       	ldi	r31, 0x1F	; 31
 3d2:	f3 15       	cp	r31, r3
 3d4:	d8 f0       	brcs	.+54     	; 0x40c <__EEPROM_REGION_LENGTH__+0xc>
 3d6:	8b 32       	cpi	r24, 0x2B	; 43
 3d8:	79 f0       	breq	.+30     	; 0x3f8 <vfprintf+0x84>
 3da:	38 f4       	brcc	.+14     	; 0x3ea <vfprintf+0x76>
 3dc:	80 32       	cpi	r24, 0x20	; 32
 3de:	79 f0       	breq	.+30     	; 0x3fe <vfprintf+0x8a>
 3e0:	83 32       	cpi	r24, 0x23	; 35
 3e2:	a1 f4       	brne	.+40     	; 0x40c <__EEPROM_REGION_LENGTH__+0xc>
 3e4:	23 2d       	mov	r18, r3
 3e6:	20 61       	ori	r18, 0x10	; 16
 3e8:	1d c0       	rjmp	.+58     	; 0x424 <__EEPROM_REGION_LENGTH__+0x24>
 3ea:	8d 32       	cpi	r24, 0x2D	; 45
 3ec:	61 f0       	breq	.+24     	; 0x406 <__EEPROM_REGION_LENGTH__+0x6>
 3ee:	80 33       	cpi	r24, 0x30	; 48
 3f0:	69 f4       	brne	.+26     	; 0x40c <__EEPROM_REGION_LENGTH__+0xc>
 3f2:	23 2d       	mov	r18, r3
 3f4:	21 60       	ori	r18, 0x01	; 1
 3f6:	16 c0       	rjmp	.+44     	; 0x424 <__EEPROM_REGION_LENGTH__+0x24>
 3f8:	83 2d       	mov	r24, r3
 3fa:	82 60       	ori	r24, 0x02	; 2
 3fc:	38 2e       	mov	r3, r24
 3fe:	e3 2d       	mov	r30, r3
 400:	e4 60       	ori	r30, 0x04	; 4
 402:	3e 2e       	mov	r3, r30
 404:	2a c0       	rjmp	.+84     	; 0x45a <__EEPROM_REGION_LENGTH__+0x5a>
 406:	f3 2d       	mov	r31, r3
 408:	f8 60       	ori	r31, 0x08	; 8
 40a:	1d c0       	rjmp	.+58     	; 0x446 <__EEPROM_REGION_LENGTH__+0x46>
 40c:	37 fc       	sbrc	r3, 7
 40e:	2d c0       	rjmp	.+90     	; 0x46a <__EEPROM_REGION_LENGTH__+0x6a>
 410:	20 ed       	ldi	r18, 0xD0	; 208
 412:	28 0f       	add	r18, r24
 414:	2a 30       	cpi	r18, 0x0A	; 10
 416:	40 f0       	brcs	.+16     	; 0x428 <__EEPROM_REGION_LENGTH__+0x28>
 418:	8e 32       	cpi	r24, 0x2E	; 46
 41a:	b9 f4       	brne	.+46     	; 0x44a <__EEPROM_REGION_LENGTH__+0x4a>
 41c:	36 fc       	sbrc	r3, 6
 41e:	81 c1       	rjmp	.+770    	; 0x722 <__EEPROM_REGION_LENGTH__+0x322>
 420:	23 2d       	mov	r18, r3
 422:	20 64       	ori	r18, 0x40	; 64
 424:	32 2e       	mov	r3, r18
 426:	19 c0       	rjmp	.+50     	; 0x45a <__EEPROM_REGION_LENGTH__+0x5a>
 428:	36 fe       	sbrs	r3, 6
 42a:	06 c0       	rjmp	.+12     	; 0x438 <__EEPROM_REGION_LENGTH__+0x38>
 42c:	8a e0       	ldi	r24, 0x0A	; 10
 42e:	98 9e       	mul	r9, r24
 430:	20 0d       	add	r18, r0
 432:	11 24       	eor	r1, r1
 434:	92 2e       	mov	r9, r18
 436:	11 c0       	rjmp	.+34     	; 0x45a <__EEPROM_REGION_LENGTH__+0x5a>
 438:	ea e0       	ldi	r30, 0x0A	; 10
 43a:	2e 9e       	mul	r2, r30
 43c:	20 0d       	add	r18, r0
 43e:	11 24       	eor	r1, r1
 440:	22 2e       	mov	r2, r18
 442:	f3 2d       	mov	r31, r3
 444:	f0 62       	ori	r31, 0x20	; 32
 446:	3f 2e       	mov	r3, r31
 448:	08 c0       	rjmp	.+16     	; 0x45a <__EEPROM_REGION_LENGTH__+0x5a>
 44a:	8c 36       	cpi	r24, 0x6C	; 108
 44c:	21 f4       	brne	.+8      	; 0x456 <__EEPROM_REGION_LENGTH__+0x56>
 44e:	83 2d       	mov	r24, r3
 450:	80 68       	ori	r24, 0x80	; 128
 452:	38 2e       	mov	r3, r24
 454:	02 c0       	rjmp	.+4      	; 0x45a <__EEPROM_REGION_LENGTH__+0x5a>
 456:	88 36       	cpi	r24, 0x68	; 104
 458:	41 f4       	brne	.+16     	; 0x46a <__EEPROM_REGION_LENGTH__+0x6a>
 45a:	f7 01       	movw	r30, r14
 45c:	93 fd       	sbrc	r25, 3
 45e:	85 91       	lpm	r24, Z+
 460:	93 ff       	sbrs	r25, 3
 462:	81 91       	ld	r24, Z+
 464:	7f 01       	movw	r14, r30
 466:	81 11       	cpse	r24, r1
 468:	b3 cf       	rjmp	.-154    	; 0x3d0 <vfprintf+0x5c>
 46a:	98 2f       	mov	r25, r24
 46c:	9f 7d       	andi	r25, 0xDF	; 223
 46e:	95 54       	subi	r25, 0x45	; 69
 470:	93 30       	cpi	r25, 0x03	; 3
 472:	28 f4       	brcc	.+10     	; 0x47e <__EEPROM_REGION_LENGTH__+0x7e>
 474:	0c 5f       	subi	r16, 0xFC	; 252
 476:	1f 4f       	sbci	r17, 0xFF	; 255
 478:	9f e3       	ldi	r25, 0x3F	; 63
 47a:	99 83       	std	Y+1, r25	; 0x01
 47c:	0d c0       	rjmp	.+26     	; 0x498 <__EEPROM_REGION_LENGTH__+0x98>
 47e:	83 36       	cpi	r24, 0x63	; 99
 480:	31 f0       	breq	.+12     	; 0x48e <__EEPROM_REGION_LENGTH__+0x8e>
 482:	83 37       	cpi	r24, 0x73	; 115
 484:	71 f0       	breq	.+28     	; 0x4a2 <__EEPROM_REGION_LENGTH__+0xa2>
 486:	83 35       	cpi	r24, 0x53	; 83
 488:	09 f0       	breq	.+2      	; 0x48c <__EEPROM_REGION_LENGTH__+0x8c>
 48a:	59 c0       	rjmp	.+178    	; 0x53e <__EEPROM_REGION_LENGTH__+0x13e>
 48c:	21 c0       	rjmp	.+66     	; 0x4d0 <__EEPROM_REGION_LENGTH__+0xd0>
 48e:	f8 01       	movw	r30, r16
 490:	80 81       	ld	r24, Z
 492:	89 83       	std	Y+1, r24	; 0x01
 494:	0e 5f       	subi	r16, 0xFE	; 254
 496:	1f 4f       	sbci	r17, 0xFF	; 255
 498:	88 24       	eor	r8, r8
 49a:	83 94       	inc	r8
 49c:	91 2c       	mov	r9, r1
 49e:	53 01       	movw	r10, r6
 4a0:	13 c0       	rjmp	.+38     	; 0x4c8 <__EEPROM_REGION_LENGTH__+0xc8>
 4a2:	28 01       	movw	r4, r16
 4a4:	f2 e0       	ldi	r31, 0x02	; 2
 4a6:	4f 0e       	add	r4, r31
 4a8:	51 1c       	adc	r5, r1
 4aa:	f8 01       	movw	r30, r16
 4ac:	a0 80       	ld	r10, Z
 4ae:	b1 80       	ldd	r11, Z+1	; 0x01
 4b0:	36 fe       	sbrs	r3, 6
 4b2:	03 c0       	rjmp	.+6      	; 0x4ba <__EEPROM_REGION_LENGTH__+0xba>
 4b4:	69 2d       	mov	r22, r9
 4b6:	70 e0       	ldi	r23, 0x00	; 0
 4b8:	02 c0       	rjmp	.+4      	; 0x4be <__EEPROM_REGION_LENGTH__+0xbe>
 4ba:	6f ef       	ldi	r22, 0xFF	; 255
 4bc:	7f ef       	ldi	r23, 0xFF	; 255
 4be:	c5 01       	movw	r24, r10
 4c0:	0e 94 a6 03 	call	0x74c	; 0x74c <strnlen>
 4c4:	4c 01       	movw	r8, r24
 4c6:	82 01       	movw	r16, r4
 4c8:	f3 2d       	mov	r31, r3
 4ca:	ff 77       	andi	r31, 0x7F	; 127
 4cc:	3f 2e       	mov	r3, r31
 4ce:	16 c0       	rjmp	.+44     	; 0x4fc <__EEPROM_REGION_LENGTH__+0xfc>
 4d0:	28 01       	movw	r4, r16
 4d2:	22 e0       	ldi	r18, 0x02	; 2
 4d4:	42 0e       	add	r4, r18
 4d6:	51 1c       	adc	r5, r1
 4d8:	f8 01       	movw	r30, r16
 4da:	a0 80       	ld	r10, Z
 4dc:	b1 80       	ldd	r11, Z+1	; 0x01
 4de:	36 fe       	sbrs	r3, 6
 4e0:	03 c0       	rjmp	.+6      	; 0x4e8 <__EEPROM_REGION_LENGTH__+0xe8>
 4e2:	69 2d       	mov	r22, r9
 4e4:	70 e0       	ldi	r23, 0x00	; 0
 4e6:	02 c0       	rjmp	.+4      	; 0x4ec <__EEPROM_REGION_LENGTH__+0xec>
 4e8:	6f ef       	ldi	r22, 0xFF	; 255
 4ea:	7f ef       	ldi	r23, 0xFF	; 255
 4ec:	c5 01       	movw	r24, r10
 4ee:	0e 94 9b 03 	call	0x736	; 0x736 <strnlen_P>
 4f2:	4c 01       	movw	r8, r24
 4f4:	f3 2d       	mov	r31, r3
 4f6:	f0 68       	ori	r31, 0x80	; 128
 4f8:	3f 2e       	mov	r3, r31
 4fa:	82 01       	movw	r16, r4
 4fc:	33 fc       	sbrc	r3, 3
 4fe:	1b c0       	rjmp	.+54     	; 0x536 <__EEPROM_REGION_LENGTH__+0x136>
 500:	82 2d       	mov	r24, r2
 502:	90 e0       	ldi	r25, 0x00	; 0
 504:	88 16       	cp	r8, r24
 506:	99 06       	cpc	r9, r25
 508:	b0 f4       	brcc	.+44     	; 0x536 <__EEPROM_REGION_LENGTH__+0x136>
 50a:	b6 01       	movw	r22, r12
 50c:	80 e2       	ldi	r24, 0x20	; 32
 50e:	90 e0       	ldi	r25, 0x00	; 0
 510:	0e 94 b1 03 	call	0x762	; 0x762 <fputc>
 514:	2a 94       	dec	r2
 516:	f4 cf       	rjmp	.-24     	; 0x500 <__EEPROM_REGION_LENGTH__+0x100>
 518:	f5 01       	movw	r30, r10
 51a:	37 fc       	sbrc	r3, 7
 51c:	85 91       	lpm	r24, Z+
 51e:	37 fe       	sbrs	r3, 7
 520:	81 91       	ld	r24, Z+
 522:	5f 01       	movw	r10, r30
 524:	b6 01       	movw	r22, r12
 526:	90 e0       	ldi	r25, 0x00	; 0
 528:	0e 94 b1 03 	call	0x762	; 0x762 <fputc>
 52c:	21 10       	cpse	r2, r1
 52e:	2a 94       	dec	r2
 530:	21 e0       	ldi	r18, 0x01	; 1
 532:	82 1a       	sub	r8, r18
 534:	91 08       	sbc	r9, r1
 536:	81 14       	cp	r8, r1
 538:	91 04       	cpc	r9, r1
 53a:	71 f7       	brne	.-36     	; 0x518 <__EEPROM_REGION_LENGTH__+0x118>
 53c:	e8 c0       	rjmp	.+464    	; 0x70e <__EEPROM_REGION_LENGTH__+0x30e>
 53e:	84 36       	cpi	r24, 0x64	; 100
 540:	11 f0       	breq	.+4      	; 0x546 <__EEPROM_REGION_LENGTH__+0x146>
 542:	89 36       	cpi	r24, 0x69	; 105
 544:	41 f5       	brne	.+80     	; 0x596 <__EEPROM_REGION_LENGTH__+0x196>
 546:	f8 01       	movw	r30, r16
 548:	37 fe       	sbrs	r3, 7
 54a:	07 c0       	rjmp	.+14     	; 0x55a <__EEPROM_REGION_LENGTH__+0x15a>
 54c:	60 81       	ld	r22, Z
 54e:	71 81       	ldd	r23, Z+1	; 0x01
 550:	82 81       	ldd	r24, Z+2	; 0x02
 552:	93 81       	ldd	r25, Z+3	; 0x03
 554:	0c 5f       	subi	r16, 0xFC	; 252
 556:	1f 4f       	sbci	r17, 0xFF	; 255
 558:	08 c0       	rjmp	.+16     	; 0x56a <__EEPROM_REGION_LENGTH__+0x16a>
 55a:	60 81       	ld	r22, Z
 55c:	71 81       	ldd	r23, Z+1	; 0x01
 55e:	07 2e       	mov	r0, r23
 560:	00 0c       	add	r0, r0
 562:	88 0b       	sbc	r24, r24
 564:	99 0b       	sbc	r25, r25
 566:	0e 5f       	subi	r16, 0xFE	; 254
 568:	1f 4f       	sbci	r17, 0xFF	; 255
 56a:	f3 2d       	mov	r31, r3
 56c:	ff 76       	andi	r31, 0x6F	; 111
 56e:	3f 2e       	mov	r3, r31
 570:	97 ff       	sbrs	r25, 7
 572:	09 c0       	rjmp	.+18     	; 0x586 <__EEPROM_REGION_LENGTH__+0x186>
 574:	90 95       	com	r25
 576:	80 95       	com	r24
 578:	70 95       	com	r23
 57a:	61 95       	neg	r22
 57c:	7f 4f       	sbci	r23, 0xFF	; 255
 57e:	8f 4f       	sbci	r24, 0xFF	; 255
 580:	9f 4f       	sbci	r25, 0xFF	; 255
 582:	f0 68       	ori	r31, 0x80	; 128
 584:	3f 2e       	mov	r3, r31
 586:	2a e0       	ldi	r18, 0x0A	; 10
 588:	30 e0       	ldi	r19, 0x00	; 0
 58a:	a3 01       	movw	r20, r6
 58c:	0e 94 ed 03 	call	0x7da	; 0x7da <__ultoa_invert>
 590:	88 2e       	mov	r8, r24
 592:	86 18       	sub	r8, r6
 594:	45 c0       	rjmp	.+138    	; 0x620 <__EEPROM_REGION_LENGTH__+0x220>
 596:	85 37       	cpi	r24, 0x75	; 117
 598:	31 f4       	brne	.+12     	; 0x5a6 <__EEPROM_REGION_LENGTH__+0x1a6>
 59a:	23 2d       	mov	r18, r3
 59c:	2f 7e       	andi	r18, 0xEF	; 239
 59e:	b2 2e       	mov	r11, r18
 5a0:	2a e0       	ldi	r18, 0x0A	; 10
 5a2:	30 e0       	ldi	r19, 0x00	; 0
 5a4:	25 c0       	rjmp	.+74     	; 0x5f0 <__EEPROM_REGION_LENGTH__+0x1f0>
 5a6:	93 2d       	mov	r25, r3
 5a8:	99 7f       	andi	r25, 0xF9	; 249
 5aa:	b9 2e       	mov	r11, r25
 5ac:	8f 36       	cpi	r24, 0x6F	; 111
 5ae:	c1 f0       	breq	.+48     	; 0x5e0 <__EEPROM_REGION_LENGTH__+0x1e0>
 5b0:	18 f4       	brcc	.+6      	; 0x5b8 <__EEPROM_REGION_LENGTH__+0x1b8>
 5b2:	88 35       	cpi	r24, 0x58	; 88
 5b4:	79 f0       	breq	.+30     	; 0x5d4 <__EEPROM_REGION_LENGTH__+0x1d4>
 5b6:	b5 c0       	rjmp	.+362    	; 0x722 <__EEPROM_REGION_LENGTH__+0x322>
 5b8:	80 37       	cpi	r24, 0x70	; 112
 5ba:	19 f0       	breq	.+6      	; 0x5c2 <__EEPROM_REGION_LENGTH__+0x1c2>
 5bc:	88 37       	cpi	r24, 0x78	; 120
 5be:	21 f0       	breq	.+8      	; 0x5c8 <__EEPROM_REGION_LENGTH__+0x1c8>
 5c0:	b0 c0       	rjmp	.+352    	; 0x722 <__EEPROM_REGION_LENGTH__+0x322>
 5c2:	e9 2f       	mov	r30, r25
 5c4:	e0 61       	ori	r30, 0x10	; 16
 5c6:	be 2e       	mov	r11, r30
 5c8:	b4 fe       	sbrs	r11, 4
 5ca:	0d c0       	rjmp	.+26     	; 0x5e6 <__EEPROM_REGION_LENGTH__+0x1e6>
 5cc:	fb 2d       	mov	r31, r11
 5ce:	f4 60       	ori	r31, 0x04	; 4
 5d0:	bf 2e       	mov	r11, r31
 5d2:	09 c0       	rjmp	.+18     	; 0x5e6 <__EEPROM_REGION_LENGTH__+0x1e6>
 5d4:	34 fe       	sbrs	r3, 4
 5d6:	0a c0       	rjmp	.+20     	; 0x5ec <__EEPROM_REGION_LENGTH__+0x1ec>
 5d8:	29 2f       	mov	r18, r25
 5da:	26 60       	ori	r18, 0x06	; 6
 5dc:	b2 2e       	mov	r11, r18
 5de:	06 c0       	rjmp	.+12     	; 0x5ec <__EEPROM_REGION_LENGTH__+0x1ec>
 5e0:	28 e0       	ldi	r18, 0x08	; 8
 5e2:	30 e0       	ldi	r19, 0x00	; 0
 5e4:	05 c0       	rjmp	.+10     	; 0x5f0 <__EEPROM_REGION_LENGTH__+0x1f0>
 5e6:	20 e1       	ldi	r18, 0x10	; 16
 5e8:	30 e0       	ldi	r19, 0x00	; 0
 5ea:	02 c0       	rjmp	.+4      	; 0x5f0 <__EEPROM_REGION_LENGTH__+0x1f0>
 5ec:	20 e1       	ldi	r18, 0x10	; 16
 5ee:	32 e0       	ldi	r19, 0x02	; 2
 5f0:	f8 01       	movw	r30, r16
 5f2:	b7 fe       	sbrs	r11, 7
 5f4:	07 c0       	rjmp	.+14     	; 0x604 <__EEPROM_REGION_LENGTH__+0x204>
 5f6:	60 81       	ld	r22, Z
 5f8:	71 81       	ldd	r23, Z+1	; 0x01
 5fa:	82 81       	ldd	r24, Z+2	; 0x02
 5fc:	93 81       	ldd	r25, Z+3	; 0x03
 5fe:	0c 5f       	subi	r16, 0xFC	; 252
 600:	1f 4f       	sbci	r17, 0xFF	; 255
 602:	06 c0       	rjmp	.+12     	; 0x610 <__EEPROM_REGION_LENGTH__+0x210>
 604:	60 81       	ld	r22, Z
 606:	71 81       	ldd	r23, Z+1	; 0x01
 608:	80 e0       	ldi	r24, 0x00	; 0
 60a:	90 e0       	ldi	r25, 0x00	; 0
 60c:	0e 5f       	subi	r16, 0xFE	; 254
 60e:	1f 4f       	sbci	r17, 0xFF	; 255
 610:	a3 01       	movw	r20, r6
 612:	0e 94 ed 03 	call	0x7da	; 0x7da <__ultoa_invert>
 616:	88 2e       	mov	r8, r24
 618:	86 18       	sub	r8, r6
 61a:	fb 2d       	mov	r31, r11
 61c:	ff 77       	andi	r31, 0x7F	; 127
 61e:	3f 2e       	mov	r3, r31
 620:	36 fe       	sbrs	r3, 6
 622:	0d c0       	rjmp	.+26     	; 0x63e <__EEPROM_REGION_LENGTH__+0x23e>
 624:	23 2d       	mov	r18, r3
 626:	2e 7f       	andi	r18, 0xFE	; 254
 628:	a2 2e       	mov	r10, r18
 62a:	89 14       	cp	r8, r9
 62c:	58 f4       	brcc	.+22     	; 0x644 <__EEPROM_REGION_LENGTH__+0x244>
 62e:	34 fe       	sbrs	r3, 4
 630:	0b c0       	rjmp	.+22     	; 0x648 <__EEPROM_REGION_LENGTH__+0x248>
 632:	32 fc       	sbrc	r3, 2
 634:	09 c0       	rjmp	.+18     	; 0x648 <__EEPROM_REGION_LENGTH__+0x248>
 636:	83 2d       	mov	r24, r3
 638:	8e 7e       	andi	r24, 0xEE	; 238
 63a:	a8 2e       	mov	r10, r24
 63c:	05 c0       	rjmp	.+10     	; 0x648 <__EEPROM_REGION_LENGTH__+0x248>
 63e:	b8 2c       	mov	r11, r8
 640:	a3 2c       	mov	r10, r3
 642:	03 c0       	rjmp	.+6      	; 0x64a <__EEPROM_REGION_LENGTH__+0x24a>
 644:	b8 2c       	mov	r11, r8
 646:	01 c0       	rjmp	.+2      	; 0x64a <__EEPROM_REGION_LENGTH__+0x24a>
 648:	b9 2c       	mov	r11, r9
 64a:	a4 fe       	sbrs	r10, 4
 64c:	0f c0       	rjmp	.+30     	; 0x66c <__EEPROM_REGION_LENGTH__+0x26c>
 64e:	fe 01       	movw	r30, r28
 650:	e8 0d       	add	r30, r8
 652:	f1 1d       	adc	r31, r1
 654:	80 81       	ld	r24, Z
 656:	80 33       	cpi	r24, 0x30	; 48
 658:	21 f4       	brne	.+8      	; 0x662 <__EEPROM_REGION_LENGTH__+0x262>
 65a:	9a 2d       	mov	r25, r10
 65c:	99 7e       	andi	r25, 0xE9	; 233
 65e:	a9 2e       	mov	r10, r25
 660:	09 c0       	rjmp	.+18     	; 0x674 <__EEPROM_REGION_LENGTH__+0x274>
 662:	a2 fe       	sbrs	r10, 2
 664:	06 c0       	rjmp	.+12     	; 0x672 <__EEPROM_REGION_LENGTH__+0x272>
 666:	b3 94       	inc	r11
 668:	b3 94       	inc	r11
 66a:	04 c0       	rjmp	.+8      	; 0x674 <__EEPROM_REGION_LENGTH__+0x274>
 66c:	8a 2d       	mov	r24, r10
 66e:	86 78       	andi	r24, 0x86	; 134
 670:	09 f0       	breq	.+2      	; 0x674 <__EEPROM_REGION_LENGTH__+0x274>
 672:	b3 94       	inc	r11
 674:	a3 fc       	sbrc	r10, 3
 676:	11 c0       	rjmp	.+34     	; 0x69a <__EEPROM_REGION_LENGTH__+0x29a>
 678:	a0 fe       	sbrs	r10, 0
 67a:	06 c0       	rjmp	.+12     	; 0x688 <__EEPROM_REGION_LENGTH__+0x288>
 67c:	b2 14       	cp	r11, r2
 67e:	88 f4       	brcc	.+34     	; 0x6a2 <__EEPROM_REGION_LENGTH__+0x2a2>
 680:	28 0c       	add	r2, r8
 682:	92 2c       	mov	r9, r2
 684:	9b 18       	sub	r9, r11
 686:	0e c0       	rjmp	.+28     	; 0x6a4 <__EEPROM_REGION_LENGTH__+0x2a4>
 688:	b2 14       	cp	r11, r2
 68a:	60 f4       	brcc	.+24     	; 0x6a4 <__EEPROM_REGION_LENGTH__+0x2a4>
 68c:	b6 01       	movw	r22, r12
 68e:	80 e2       	ldi	r24, 0x20	; 32
 690:	90 e0       	ldi	r25, 0x00	; 0
 692:	0e 94 b1 03 	call	0x762	; 0x762 <fputc>
 696:	b3 94       	inc	r11
 698:	f7 cf       	rjmp	.-18     	; 0x688 <__EEPROM_REGION_LENGTH__+0x288>
 69a:	b2 14       	cp	r11, r2
 69c:	18 f4       	brcc	.+6      	; 0x6a4 <__EEPROM_REGION_LENGTH__+0x2a4>
 69e:	2b 18       	sub	r2, r11
 6a0:	02 c0       	rjmp	.+4      	; 0x6a6 <__EEPROM_REGION_LENGTH__+0x2a6>
 6a2:	98 2c       	mov	r9, r8
 6a4:	21 2c       	mov	r2, r1
 6a6:	a4 fe       	sbrs	r10, 4
 6a8:	10 c0       	rjmp	.+32     	; 0x6ca <__EEPROM_REGION_LENGTH__+0x2ca>
 6aa:	b6 01       	movw	r22, r12
 6ac:	80 e3       	ldi	r24, 0x30	; 48
 6ae:	90 e0       	ldi	r25, 0x00	; 0
 6b0:	0e 94 b1 03 	call	0x762	; 0x762 <fputc>
 6b4:	a2 fe       	sbrs	r10, 2
 6b6:	17 c0       	rjmp	.+46     	; 0x6e6 <__EEPROM_REGION_LENGTH__+0x2e6>
 6b8:	a1 fc       	sbrc	r10, 1
 6ba:	03 c0       	rjmp	.+6      	; 0x6c2 <__EEPROM_REGION_LENGTH__+0x2c2>
 6bc:	88 e7       	ldi	r24, 0x78	; 120
 6be:	90 e0       	ldi	r25, 0x00	; 0
 6c0:	02 c0       	rjmp	.+4      	; 0x6c6 <__EEPROM_REGION_LENGTH__+0x2c6>
 6c2:	88 e5       	ldi	r24, 0x58	; 88
 6c4:	90 e0       	ldi	r25, 0x00	; 0
 6c6:	b6 01       	movw	r22, r12
 6c8:	0c c0       	rjmp	.+24     	; 0x6e2 <__EEPROM_REGION_LENGTH__+0x2e2>
 6ca:	8a 2d       	mov	r24, r10
 6cc:	86 78       	andi	r24, 0x86	; 134
 6ce:	59 f0       	breq	.+22     	; 0x6e6 <__EEPROM_REGION_LENGTH__+0x2e6>
 6d0:	a1 fe       	sbrs	r10, 1
 6d2:	02 c0       	rjmp	.+4      	; 0x6d8 <__EEPROM_REGION_LENGTH__+0x2d8>
 6d4:	8b e2       	ldi	r24, 0x2B	; 43
 6d6:	01 c0       	rjmp	.+2      	; 0x6da <__EEPROM_REGION_LENGTH__+0x2da>
 6d8:	80 e2       	ldi	r24, 0x20	; 32
 6da:	a7 fc       	sbrc	r10, 7
 6dc:	8d e2       	ldi	r24, 0x2D	; 45
 6de:	b6 01       	movw	r22, r12
 6e0:	90 e0       	ldi	r25, 0x00	; 0
 6e2:	0e 94 b1 03 	call	0x762	; 0x762 <fputc>
 6e6:	89 14       	cp	r8, r9
 6e8:	38 f4       	brcc	.+14     	; 0x6f8 <__EEPROM_REGION_LENGTH__+0x2f8>
 6ea:	b6 01       	movw	r22, r12
 6ec:	80 e3       	ldi	r24, 0x30	; 48
 6ee:	90 e0       	ldi	r25, 0x00	; 0
 6f0:	0e 94 b1 03 	call	0x762	; 0x762 <fputc>
 6f4:	9a 94       	dec	r9
 6f6:	f7 cf       	rjmp	.-18     	; 0x6e6 <__EEPROM_REGION_LENGTH__+0x2e6>
 6f8:	8a 94       	dec	r8
 6fa:	f3 01       	movw	r30, r6
 6fc:	e8 0d       	add	r30, r8
 6fe:	f1 1d       	adc	r31, r1
 700:	80 81       	ld	r24, Z
 702:	b6 01       	movw	r22, r12
 704:	90 e0       	ldi	r25, 0x00	; 0
 706:	0e 94 b1 03 	call	0x762	; 0x762 <fputc>
 70a:	81 10       	cpse	r8, r1
 70c:	f5 cf       	rjmp	.-22     	; 0x6f8 <__EEPROM_REGION_LENGTH__+0x2f8>
 70e:	22 20       	and	r2, r2
 710:	09 f4       	brne	.+2      	; 0x714 <__EEPROM_REGION_LENGTH__+0x314>
 712:	42 ce       	rjmp	.-892    	; 0x398 <vfprintf+0x24>
 714:	b6 01       	movw	r22, r12
 716:	80 e2       	ldi	r24, 0x20	; 32
 718:	90 e0       	ldi	r25, 0x00	; 0
 71a:	0e 94 b1 03 	call	0x762	; 0x762 <fputc>
 71e:	2a 94       	dec	r2
 720:	f6 cf       	rjmp	.-20     	; 0x70e <__EEPROM_REGION_LENGTH__+0x30e>
 722:	f6 01       	movw	r30, r12
 724:	86 81       	ldd	r24, Z+6	; 0x06
 726:	97 81       	ldd	r25, Z+7	; 0x07
 728:	02 c0       	rjmp	.+4      	; 0x72e <__EEPROM_REGION_LENGTH__+0x32e>
 72a:	8f ef       	ldi	r24, 0xFF	; 255
 72c:	9f ef       	ldi	r25, 0xFF	; 255
 72e:	2b 96       	adiw	r28, 0x0b	; 11
 730:	e2 e1       	ldi	r30, 0x12	; 18
 732:	0c 94 67 04 	jmp	0x8ce	; 0x8ce <__epilogue_restores__>

00000736 <strnlen_P>:
 736:	fc 01       	movw	r30, r24
 738:	05 90       	lpm	r0, Z+
 73a:	61 50       	subi	r22, 0x01	; 1
 73c:	70 40       	sbci	r23, 0x00	; 0
 73e:	01 10       	cpse	r0, r1
 740:	d8 f7       	brcc	.-10     	; 0x738 <strnlen_P+0x2>
 742:	80 95       	com	r24
 744:	90 95       	com	r25
 746:	8e 0f       	add	r24, r30
 748:	9f 1f       	adc	r25, r31
 74a:	08 95       	ret

0000074c <strnlen>:
 74c:	fc 01       	movw	r30, r24
 74e:	61 50       	subi	r22, 0x01	; 1
 750:	70 40       	sbci	r23, 0x00	; 0
 752:	01 90       	ld	r0, Z+
 754:	01 10       	cpse	r0, r1
 756:	d8 f7       	brcc	.-10     	; 0x74e <strnlen+0x2>
 758:	80 95       	com	r24
 75a:	90 95       	com	r25
 75c:	8e 0f       	add	r24, r30
 75e:	9f 1f       	adc	r25, r31
 760:	08 95       	ret

00000762 <fputc>:
 762:	0f 93       	push	r16
 764:	1f 93       	push	r17
 766:	cf 93       	push	r28
 768:	df 93       	push	r29
 76a:	fb 01       	movw	r30, r22
 76c:	23 81       	ldd	r18, Z+3	; 0x03
 76e:	21 fd       	sbrc	r18, 1
 770:	03 c0       	rjmp	.+6      	; 0x778 <fputc+0x16>
 772:	8f ef       	ldi	r24, 0xFF	; 255
 774:	9f ef       	ldi	r25, 0xFF	; 255
 776:	2c c0       	rjmp	.+88     	; 0x7d0 <fputc+0x6e>
 778:	22 ff       	sbrs	r18, 2
 77a:	16 c0       	rjmp	.+44     	; 0x7a8 <fputc+0x46>
 77c:	46 81       	ldd	r20, Z+6	; 0x06
 77e:	57 81       	ldd	r21, Z+7	; 0x07
 780:	24 81       	ldd	r18, Z+4	; 0x04
 782:	35 81       	ldd	r19, Z+5	; 0x05
 784:	42 17       	cp	r20, r18
 786:	53 07       	cpc	r21, r19
 788:	44 f4       	brge	.+16     	; 0x79a <fputc+0x38>
 78a:	a0 81       	ld	r26, Z
 78c:	b1 81       	ldd	r27, Z+1	; 0x01
 78e:	9d 01       	movw	r18, r26
 790:	2f 5f       	subi	r18, 0xFF	; 255
 792:	3f 4f       	sbci	r19, 0xFF	; 255
 794:	31 83       	std	Z+1, r19	; 0x01
 796:	20 83       	st	Z, r18
 798:	8c 93       	st	X, r24
 79a:	26 81       	ldd	r18, Z+6	; 0x06
 79c:	37 81       	ldd	r19, Z+7	; 0x07
 79e:	2f 5f       	subi	r18, 0xFF	; 255
 7a0:	3f 4f       	sbci	r19, 0xFF	; 255
 7a2:	37 83       	std	Z+7, r19	; 0x07
 7a4:	26 83       	std	Z+6, r18	; 0x06
 7a6:	14 c0       	rjmp	.+40     	; 0x7d0 <fputc+0x6e>
 7a8:	8b 01       	movw	r16, r22
 7aa:	ec 01       	movw	r28, r24
 7ac:	fb 01       	movw	r30, r22
 7ae:	00 84       	ldd	r0, Z+8	; 0x08
 7b0:	f1 85       	ldd	r31, Z+9	; 0x09
 7b2:	e0 2d       	mov	r30, r0
 7b4:	09 95       	icall
 7b6:	89 2b       	or	r24, r25
 7b8:	e1 f6       	brne	.-72     	; 0x772 <fputc+0x10>
 7ba:	d8 01       	movw	r26, r16
 7bc:	16 96       	adiw	r26, 0x06	; 6
 7be:	8d 91       	ld	r24, X+
 7c0:	9c 91       	ld	r25, X
 7c2:	17 97       	sbiw	r26, 0x07	; 7
 7c4:	01 96       	adiw	r24, 0x01	; 1
 7c6:	17 96       	adiw	r26, 0x07	; 7
 7c8:	9c 93       	st	X, r25
 7ca:	8e 93       	st	-X, r24
 7cc:	16 97       	sbiw	r26, 0x06	; 6
 7ce:	ce 01       	movw	r24, r28
 7d0:	df 91       	pop	r29
 7d2:	cf 91       	pop	r28
 7d4:	1f 91       	pop	r17
 7d6:	0f 91       	pop	r16
 7d8:	08 95       	ret

000007da <__ultoa_invert>:
 7da:	fa 01       	movw	r30, r20
 7dc:	aa 27       	eor	r26, r26
 7de:	28 30       	cpi	r18, 0x08	; 8
 7e0:	51 f1       	breq	.+84     	; 0x836 <__DATA_REGION_LENGTH__+0x36>
 7e2:	20 31       	cpi	r18, 0x10	; 16
 7e4:	81 f1       	breq	.+96     	; 0x846 <__DATA_REGION_LENGTH__+0x46>
 7e6:	e8 94       	clt
 7e8:	6f 93       	push	r22
 7ea:	6e 7f       	andi	r22, 0xFE	; 254
 7ec:	6e 5f       	subi	r22, 0xFE	; 254
 7ee:	7f 4f       	sbci	r23, 0xFF	; 255
 7f0:	8f 4f       	sbci	r24, 0xFF	; 255
 7f2:	9f 4f       	sbci	r25, 0xFF	; 255
 7f4:	af 4f       	sbci	r26, 0xFF	; 255
 7f6:	b1 e0       	ldi	r27, 0x01	; 1
 7f8:	3e d0       	rcall	.+124    	; 0x876 <__DATA_REGION_LENGTH__+0x76>
 7fa:	b4 e0       	ldi	r27, 0x04	; 4
 7fc:	3c d0       	rcall	.+120    	; 0x876 <__DATA_REGION_LENGTH__+0x76>
 7fe:	67 0f       	add	r22, r23
 800:	78 1f       	adc	r23, r24
 802:	89 1f       	adc	r24, r25
 804:	9a 1f       	adc	r25, r26
 806:	a1 1d       	adc	r26, r1
 808:	68 0f       	add	r22, r24
 80a:	79 1f       	adc	r23, r25
 80c:	8a 1f       	adc	r24, r26
 80e:	91 1d       	adc	r25, r1
 810:	a1 1d       	adc	r26, r1
 812:	6a 0f       	add	r22, r26
 814:	71 1d       	adc	r23, r1
 816:	81 1d       	adc	r24, r1
 818:	91 1d       	adc	r25, r1
 81a:	a1 1d       	adc	r26, r1
 81c:	20 d0       	rcall	.+64     	; 0x85e <__DATA_REGION_LENGTH__+0x5e>
 81e:	09 f4       	brne	.+2      	; 0x822 <__DATA_REGION_LENGTH__+0x22>
 820:	68 94       	set
 822:	3f 91       	pop	r19
 824:	2a e0       	ldi	r18, 0x0A	; 10
 826:	26 9f       	mul	r18, r22
 828:	11 24       	eor	r1, r1
 82a:	30 19       	sub	r19, r0
 82c:	30 5d       	subi	r19, 0xD0	; 208
 82e:	31 93       	st	Z+, r19
 830:	de f6       	brtc	.-74     	; 0x7e8 <__ultoa_invert+0xe>
 832:	cf 01       	movw	r24, r30
 834:	08 95       	ret
 836:	46 2f       	mov	r20, r22
 838:	47 70       	andi	r20, 0x07	; 7
 83a:	40 5d       	subi	r20, 0xD0	; 208
 83c:	41 93       	st	Z+, r20
 83e:	b3 e0       	ldi	r27, 0x03	; 3
 840:	0f d0       	rcall	.+30     	; 0x860 <__DATA_REGION_LENGTH__+0x60>
 842:	c9 f7       	brne	.-14     	; 0x836 <__DATA_REGION_LENGTH__+0x36>
 844:	f6 cf       	rjmp	.-20     	; 0x832 <__DATA_REGION_LENGTH__+0x32>
 846:	46 2f       	mov	r20, r22
 848:	4f 70       	andi	r20, 0x0F	; 15
 84a:	40 5d       	subi	r20, 0xD0	; 208
 84c:	4a 33       	cpi	r20, 0x3A	; 58
 84e:	18 f0       	brcs	.+6      	; 0x856 <__DATA_REGION_LENGTH__+0x56>
 850:	49 5d       	subi	r20, 0xD9	; 217
 852:	31 fd       	sbrc	r19, 1
 854:	40 52       	subi	r20, 0x20	; 32
 856:	41 93       	st	Z+, r20
 858:	02 d0       	rcall	.+4      	; 0x85e <__DATA_REGION_LENGTH__+0x5e>
 85a:	a9 f7       	brne	.-22     	; 0x846 <__DATA_REGION_LENGTH__+0x46>
 85c:	ea cf       	rjmp	.-44     	; 0x832 <__DATA_REGION_LENGTH__+0x32>
 85e:	b4 e0       	ldi	r27, 0x04	; 4
 860:	a6 95       	lsr	r26
 862:	97 95       	ror	r25
 864:	87 95       	ror	r24
 866:	77 95       	ror	r23
 868:	67 95       	ror	r22
 86a:	ba 95       	dec	r27
 86c:	c9 f7       	brne	.-14     	; 0x860 <__DATA_REGION_LENGTH__+0x60>
 86e:	00 97       	sbiw	r24, 0x00	; 0
 870:	61 05       	cpc	r22, r1
 872:	71 05       	cpc	r23, r1
 874:	08 95       	ret
 876:	9b 01       	movw	r18, r22
 878:	ac 01       	movw	r20, r24
 87a:	0a 2e       	mov	r0, r26
 87c:	06 94       	lsr	r0
 87e:	57 95       	ror	r21
 880:	47 95       	ror	r20
 882:	37 95       	ror	r19
 884:	27 95       	ror	r18
 886:	ba 95       	dec	r27
 888:	c9 f7       	brne	.-14     	; 0x87c <__DATA_REGION_LENGTH__+0x7c>
 88a:	62 0f       	add	r22, r18
 88c:	73 1f       	adc	r23, r19
 88e:	84 1f       	adc	r24, r20
 890:	95 1f       	adc	r25, r21
 892:	a0 1d       	adc	r26, r0
 894:	08 95       	ret

00000896 <__prologue_saves__>:
 896:	2f 92       	push	r2
 898:	3f 92       	push	r3
 89a:	4f 92       	push	r4
 89c:	5f 92       	push	r5
 89e:	6f 92       	push	r6
 8a0:	7f 92       	push	r7
 8a2:	8f 92       	push	r8
 8a4:	9f 92       	push	r9
 8a6:	af 92       	push	r10
 8a8:	bf 92       	push	r11
 8aa:	cf 92       	push	r12
 8ac:	df 92       	push	r13
 8ae:	ef 92       	push	r14
 8b0:	ff 92       	push	r15
 8b2:	0f 93       	push	r16
 8b4:	1f 93       	push	r17
 8b6:	cf 93       	push	r28
 8b8:	df 93       	push	r29
 8ba:	cd b7       	in	r28, 0x3d	; 61
 8bc:	de b7       	in	r29, 0x3e	; 62
 8be:	ca 1b       	sub	r28, r26
 8c0:	db 0b       	sbc	r29, r27
 8c2:	0f b6       	in	r0, 0x3f	; 63
 8c4:	f8 94       	cli
 8c6:	de bf       	out	0x3e, r29	; 62
 8c8:	0f be       	out	0x3f, r0	; 63
 8ca:	cd bf       	out	0x3d, r28	; 61
 8cc:	09 94       	ijmp

000008ce <__epilogue_restores__>:
 8ce:	2a 88       	ldd	r2, Y+18	; 0x12
 8d0:	39 88       	ldd	r3, Y+17	; 0x11
 8d2:	48 88       	ldd	r4, Y+16	; 0x10
 8d4:	5f 84       	ldd	r5, Y+15	; 0x0f
 8d6:	6e 84       	ldd	r6, Y+14	; 0x0e
 8d8:	7d 84       	ldd	r7, Y+13	; 0x0d
 8da:	8c 84       	ldd	r8, Y+12	; 0x0c
 8dc:	9b 84       	ldd	r9, Y+11	; 0x0b
 8de:	aa 84       	ldd	r10, Y+10	; 0x0a
 8e0:	b9 84       	ldd	r11, Y+9	; 0x09
 8e2:	c8 84       	ldd	r12, Y+8	; 0x08
 8e4:	df 80       	ldd	r13, Y+7	; 0x07
 8e6:	ee 80       	ldd	r14, Y+6	; 0x06
 8e8:	fd 80       	ldd	r15, Y+5	; 0x05
 8ea:	0c 81       	ldd	r16, Y+4	; 0x04
 8ec:	1b 81       	ldd	r17, Y+3	; 0x03
 8ee:	aa 81       	ldd	r26, Y+2	; 0x02
 8f0:	b9 81       	ldd	r27, Y+1	; 0x01
 8f2:	ce 0f       	add	r28, r30
 8f4:	d1 1d       	adc	r29, r1
 8f6:	0f b6       	in	r0, 0x3f	; 63
 8f8:	f8 94       	cli
 8fa:	de bf       	out	0x3e, r29	; 62
 8fc:	0f be       	out	0x3f, r0	; 63
 8fe:	cd bf       	out	0x3d, r28	; 61
 900:	ed 01       	movw	r28, r26
 902:	08 95       	ret

00000904 <_exit>:
 904:	f8 94       	cli

00000906 <__stop_program>:
 906:	ff cf       	rjmp	.-2      	; 0x906 <__stop_program>
