
task2.elf:     file format elf32-avr

Sections:
Idx Name          Size      VMA       LMA       File off  Algn
  0 .data         00000010  00800100  0000017a  000001ee  2**0
                  CONTENTS, ALLOC, LOAD, DATA
  1 .text         0000017a  00000000  00000000  00000074  2**1
                  CONTENTS, ALLOC, LOAD, READONLY, CODE
  2 .stab         000005c4  00000000  00000000  00000200  2**2
                  CONTENTS, READONLY, DEBUGGING
  3 .stabstr      00000ca3  00000000  00000000  000007c4  2**0
                  CONTENTS, READONLY, DEBUGGING
  4 .comment      00000011  00000000  00000000  00001467  2**0
                  CONTENTS, READONLY
  5 .note.gnu.avr.deviceinfo 00000040  00000000  00000000  00001478  2**2
                  CONTENTS, READONLY
  6 .debug_info   000005f4  00000000  00000000  000014b8  2**0
                  CONTENTS, READONLY, DEBUGGING
  7 .debug_abbrev 000005a2  00000000  00000000  00001aac  2**0
                  CONTENTS, READONLY, DEBUGGING
  8 .debug_line   0000001a  00000000  00000000  0000204e  2**0
                  CONTENTS, READONLY, DEBUGGING
  9 .debug_str    00000208  00000000  00000000  00002068  2**0
                  CONTENTS, READONLY, DEBUGGING

Disassembly of section .text:

00000000 <__vectors>:
   0:	0c 94 34 00 	jmp	0x68	; 0x68 <__ctors_end>
   4:	0c 94 49 00 	jmp	0x92	; 0x92 <__bad_interrupt>
   8:	0c 94 49 00 	jmp	0x92	; 0x92 <__bad_interrupt>
   c:	0c 94 49 00 	jmp	0x92	; 0x92 <__bad_interrupt>
  10:	0c 94 49 00 	jmp	0x92	; 0x92 <__bad_interrupt>
  14:	0c 94 49 00 	jmp	0x92	; 0x92 <__bad_interrupt>
  18:	0c 94 49 00 	jmp	0x92	; 0x92 <__bad_interrupt>
  1c:	0c 94 49 00 	jmp	0x92	; 0x92 <__bad_interrupt>
  20:	0c 94 49 00 	jmp	0x92	; 0x92 <__bad_interrupt>
  24:	0c 94 49 00 	jmp	0x92	; 0x92 <__bad_interrupt>
  28:	0c 94 49 00 	jmp	0x92	; 0x92 <__bad_interrupt>
  2c:	0c 94 49 00 	jmp	0x92	; 0x92 <__bad_interrupt>
  30:	0c 94 49 00 	jmp	0x92	; 0x92 <__bad_interrupt>
  34:	0c 94 49 00 	jmp	0x92	; 0x92 <__bad_interrupt>
  38:	0c 94 49 00 	jmp	0x92	; 0x92 <__bad_interrupt>
  3c:	0c 94 49 00 	jmp	0x92	; 0x92 <__bad_interrupt>
  40:	0c 94 49 00 	jmp	0x92	; 0x92 <__bad_interrupt>
  44:	0c 94 49 00 	jmp	0x92	; 0x92 <__bad_interrupt>
  48:	0c 94 49 00 	jmp	0x92	; 0x92 <__bad_interrupt>
  4c:	0c 94 49 00 	jmp	0x92	; 0x92 <__bad_interrupt>
  50:	0c 94 49 00 	jmp	0x92	; 0x92 <__bad_interrupt>
  54:	0c 94 49 00 	jmp	0x92	; 0x92 <__bad_interrupt>
  58:	0c 94 49 00 	jmp	0x92	; 0x92 <__bad_interrupt>
  5c:	0c 94 49 00 	jmp	0x92	; 0x92 <__bad_interrupt>
  60:	0c 94 49 00 	jmp	0x92	; 0x92 <__bad_interrupt>
  64:	0c 94 49 00 	jmp	0x92	; 0x92 <__bad_interrupt>

00000068 <__ctors_end>:
  68:	11 24       	eor	r1, r1
  6a:	1f be       	out	0x3f, r1	; 63
  6c:	cf ef       	ldi	r28, 0xFF	; 255
  6e:	d8 e0       	ldi	r29, 0x08	; 8
  70:	de bf       	out	0x3e, r29	; 62
  72:	cd bf       	out	0x3d, r28	; 61

00000074 <__do_copy_data>:
  74:	11 e0       	ldi	r17, 0x01	; 1
  76:	a0 e0       	ldi	r26, 0x00	; 0
  78:	b1 e0       	ldi	r27, 0x01	; 1
  7a:	ea e7       	ldi	r30, 0x7A	; 122
  7c:	f1 e0       	ldi	r31, 0x01	; 1
  7e:	02 c0       	rjmp	.+4      	; 0x84 <__do_copy_data+0x10>
  80:	05 90       	lpm	r0, Z+
  82:	0d 92       	st	X+, r0
  84:	a0 31       	cpi	r26, 0x10	; 16
  86:	b1 07       	cpc	r27, r17
  88:	d9 f7       	brne	.-10     	; 0x80 <__do_copy_data+0xc>
  8a:	0e 94 4b 00 	call	0x96	; 0x96 <main>
  8e:	0c 94 bb 00 	jmp	0x176	; 0x176 <_exit>

00000092 <__bad_interrupt>:
  92:	0c 94 00 00 	jmp	0	; 0x0 <__vectors>

00000096 <main>:
const int line[] = {
	PD0, PD1, PD2, PD3, PD4, PD5, PD6, PD7
};

int main() {
  UCSR0B &= ~_BV(RXEN0) & ~_BV(TXEN0);
  96:	80 91 c1 00 	lds	r24, 0x00C1	; 0x8000c1 <__TEXT_REGION_LENGTH__+0x7f80c1>
  9a:	87 7e       	andi	r24, 0xE7	; 231
  9c:	80 93 c1 00 	sts	0x00C1, r24	; 0x8000c1 <__TEXT_REGION_LENGTH__+0x7f80c1>

  for (int i = 0; i < 8; i++)
   LINE_DDR |= _BV(line[i]);
  a0:	50 9a       	sbi	0x0a, 0	; 10
  a2:	51 9a       	sbi	0x0a, 1	; 10
  a4:	52 9a       	sbi	0x0a, 2	; 10
  a6:	53 9a       	sbi	0x0a, 3	; 10
  a8:	54 9a       	sbi	0x0a, 4	; 10
  aa:	55 9a       	sbi	0x0a, 5	; 10
  ac:	56 9a       	sbi	0x0a, 6	; 10
  ae:	57 9a       	sbi	0x0a, 7	; 10
  b0:	60 e0       	ldi	r22, 0x00	; 0
  b2:	71 e0       	ldi	r23, 0x01	; 1
  
  while (1) {
    for (int i = 0; i < 8; i++) {
			LINE_PORT |= _BV(line[i]);
  b4:	81 e0       	ldi	r24, 0x01	; 1
  b6:	90 e0       	ldi	r25, 0x00	; 0
  b8:	a0 e1       	ldi	r26, 0x10	; 16
  ba:	b1 e0       	ldi	r27, 0x01	; 1

const int line[] = {
	PD0, PD1, PD2, PD3, PD4, PD5, PD6, PD7
};

int main() {
  bc:	e0 e0       	ldi	r30, 0x00	; 0
  be:	f1 e0       	ldi	r31, 0x01	; 1
  for (int i = 0; i < 8; i++)
   LINE_DDR |= _BV(line[i]);
  
  while (1) {
    for (int i = 0; i < 8; i++) {
			LINE_PORT |= _BV(line[i]);
  c0:	4b b1       	in	r20, 0x0b	; 11
  c2:	ef 01       	movw	r28, r30
  c4:	9c 01       	movw	r18, r24
  c6:	00 80       	ld	r0, Z
  c8:	02 c0       	rjmp	.+4      	; 0xce <main+0x38>
  ca:	22 0f       	add	r18, r18
  cc:	33 1f       	adc	r19, r19
  ce:	0a 94       	dec	r0
  d0:	e2 f7       	brpl	.-8      	; 0xca <main+0x34>
  d2:	24 2b       	or	r18, r20
  d4:	2b b9       	out	0x0b, r18	; 11
	#else
		//round up by default
		__ticks_dc = (uint32_t)(ceil(fabs(__tmp)));
	#endif

	__builtin_avr_delay_cycles(__ticks_dc);
  d6:	2f ef       	ldi	r18, 0xFF	; 255
  d8:	39 ef       	ldi	r19, 0xF9	; 249
  da:	40 e0       	ldi	r20, 0x00	; 0
  dc:	21 50       	subi	r18, 0x01	; 1
  de:	30 40       	sbci	r19, 0x00	; 0
  e0:	40 40       	sbci	r20, 0x00	; 0
  e2:	e1 f7       	brne	.-8      	; 0xdc <main+0x46>
  e4:	00 c0       	rjmp	.+0      	; 0xe6 <main+0x50>
  e6:	00 00       	nop
    	_delay_ms(20);
    	LINE_PORT &= ~_BV(line[i]);
  e8:	3b b1       	in	r19, 0x0b	; 11
  ea:	32 96       	adiw	r30, 0x02	; 2
  ec:	ac 01       	movw	r20, r24
  ee:	08 80       	ld	r0, Y
  f0:	02 c0       	rjmp	.+4      	; 0xf6 <main+0x60>
  f2:	44 0f       	add	r20, r20
  f4:	55 1f       	adc	r21, r21
  f6:	0a 94       	dec	r0
  f8:	e2 f7       	brpl	.-8      	; 0xf2 <main+0x5c>
  fa:	24 2f       	mov	r18, r20
  fc:	20 95       	com	r18
  fe:	23 23       	and	r18, r19
 100:	2b b9       	out	0x0b, r18	; 11
 102:	2f ef       	ldi	r18, 0xFF	; 255
 104:	39 ef       	ldi	r19, 0xF9	; 249
 106:	40 e0       	ldi	r20, 0x00	; 0
 108:	21 50       	subi	r18, 0x01	; 1
 10a:	30 40       	sbci	r19, 0x00	; 0
 10c:	40 40       	sbci	r20, 0x00	; 0
 10e:	e1 f7       	brne	.-8      	; 0x108 <main+0x72>
 110:	00 c0       	rjmp	.+0      	; 0x112 <main+0x7c>
 112:	00 00       	nop

  for (int i = 0; i < 8; i++)
   LINE_DDR |= _BV(line[i]);
  
  while (1) {
    for (int i = 0; i < 8; i++) {
 114:	21 e0       	ldi	r18, 0x01	; 1
 116:	e0 31       	cpi	r30, 0x10	; 16
 118:	f2 07       	cpc	r31, r18
 11a:	91 f6       	brne	.-92     	; 0xc0 <main+0x2a>
    	_delay_ms(20);
    	LINE_PORT &= ~_BV(line[i]);
    	_delay_ms(20);
		}
    for (int i = 7; i >= 0; i--) {
			LINE_PORT |= _BV(line[i]);
 11c:	4b b1       	in	r20, 0x0b	; 11
 11e:	12 97       	sbiw	r26, 0x02	; 2
 120:	9c 01       	movw	r18, r24
 122:	0c 90       	ld	r0, X
 124:	02 c0       	rjmp	.+4      	; 0x12a <main+0x94>
 126:	22 0f       	add	r18, r18
 128:	33 1f       	adc	r19, r19
 12a:	0a 94       	dec	r0
 12c:	e2 f7       	brpl	.-8      	; 0x126 <main+0x90>
 12e:	24 2b       	or	r18, r20
 130:	2b b9       	out	0x0b, r18	; 11
 132:	3f ef       	ldi	r19, 0xFF	; 255
 134:	49 ef       	ldi	r20, 0xF9	; 249
 136:	20 e0       	ldi	r18, 0x00	; 0
 138:	31 50       	subi	r19, 0x01	; 1
 13a:	40 40       	sbci	r20, 0x00	; 0
 13c:	20 40       	sbci	r18, 0x00	; 0
 13e:	e1 f7       	brne	.-8      	; 0x138 <main+0xa2>
 140:	00 c0       	rjmp	.+0      	; 0x142 <main+0xac>
 142:	00 00       	nop
    	_delay_ms(20);
    	LINE_PORT &= ~_BV(line[i]);
 144:	3b b1       	in	r19, 0x0b	; 11
 146:	ac 01       	movw	r20, r24
 148:	0c 90       	ld	r0, X
 14a:	02 c0       	rjmp	.+4      	; 0x150 <main+0xba>
 14c:	44 0f       	add	r20, r20
 14e:	55 1f       	adc	r21, r21
 150:	0a 94       	dec	r0
 152:	e2 f7       	brpl	.-8      	; 0x14c <main+0xb6>
 154:	24 2f       	mov	r18, r20
 156:	20 95       	com	r18
 158:	23 23       	and	r18, r19
 15a:	2b b9       	out	0x0b, r18	; 11
 15c:	3f ef       	ldi	r19, 0xFF	; 255
 15e:	49 ef       	ldi	r20, 0xF9	; 249
 160:	20 e0       	ldi	r18, 0x00	; 0
 162:	31 50       	subi	r19, 0x01	; 1
 164:	40 40       	sbci	r20, 0x00	; 0
 166:	20 40       	sbci	r18, 0x00	; 0
 168:	e1 f7       	brne	.-8      	; 0x162 <main+0xcc>
 16a:	00 c0       	rjmp	.+0      	; 0x16c <main+0xd6>
 16c:	00 00       	nop
			LINE_PORT |= _BV(line[i]);
    	_delay_ms(20);
    	LINE_PORT &= ~_BV(line[i]);
    	_delay_ms(20);
		}
    for (int i = 7; i >= 0; i--) {
 16e:	6a 17       	cp	r22, r26
 170:	7b 07       	cpc	r23, r27
 172:	a1 f6       	brne	.-88     	; 0x11c <main+0x86>
 174:	a1 cf       	rjmp	.-190    	; 0xb8 <main+0x22>

00000176 <_exit>:
 176:	f8 94       	cli

00000178 <__stop_program>:
 178:	ff cf       	rjmp	.-2      	; 0x178 <__stop_program>
