
task3.elf:     file format elf32-avr

Sections:
Idx Name          Size      VMA       LMA       File off  Algn
  0 .data         00000024  00800100  00000172  00000206  2**0
                  CONTENTS, ALLOC, LOAD, DATA
  1 .text         00000172  00000000  00000000  00000094  2**1
                  CONTENTS, ALLOC, LOAD, READONLY, CODE
  2 .bss          00000014  00800124  00800124  0000022a  2**0
                  ALLOC
  3 .stab         00000600  00000000  00000000  0000022c  2**2
                  CONTENTS, READONLY, DEBUGGING
  4 .stabstr      00000ce5  00000000  00000000  0000082c  2**0
                  CONTENTS, READONLY, DEBUGGING
  5 .comment      00000011  00000000  00000000  00001511  2**0
                  CONTENTS, READONLY
  6 .note.gnu.avr.deviceinfo 00000040  00000000  00000000  00001524  2**2
                  CONTENTS, READONLY
  7 .debug_info   000005f4  00000000  00000000  00001564  2**0
                  CONTENTS, READONLY, DEBUGGING
  8 .debug_abbrev 000005a2  00000000  00000000  00001b58  2**0
                  CONTENTS, READONLY, DEBUGGING
  9 .debug_line   0000001a  00000000  00000000  000020fa  2**0
                  CONTENTS, READONLY, DEBUGGING
 10 .debug_str    00000208  00000000  00000000  00002114  2**0
                  CONTENTS, READONLY, DEBUGGING

Disassembly of section .text:

00000000 <__vectors>:
   0:	0c 94 34 00 	jmp	0x68	; 0x68 <__ctors_end>
   4:	0c 94 51 00 	jmp	0xa2	; 0xa2 <__bad_interrupt>
   8:	0c 94 51 00 	jmp	0xa2	; 0xa2 <__bad_interrupt>
   c:	0c 94 51 00 	jmp	0xa2	; 0xa2 <__bad_interrupt>
  10:	0c 94 51 00 	jmp	0xa2	; 0xa2 <__bad_interrupt>
  14:	0c 94 51 00 	jmp	0xa2	; 0xa2 <__bad_interrupt>
  18:	0c 94 51 00 	jmp	0xa2	; 0xa2 <__bad_interrupt>
  1c:	0c 94 51 00 	jmp	0xa2	; 0xa2 <__bad_interrupt>
  20:	0c 94 51 00 	jmp	0xa2	; 0xa2 <__bad_interrupt>
  24:	0c 94 51 00 	jmp	0xa2	; 0xa2 <__bad_interrupt>
  28:	0c 94 51 00 	jmp	0xa2	; 0xa2 <__bad_interrupt>
  2c:	0c 94 51 00 	jmp	0xa2	; 0xa2 <__bad_interrupt>
  30:	0c 94 51 00 	jmp	0xa2	; 0xa2 <__bad_interrupt>
  34:	0c 94 51 00 	jmp	0xa2	; 0xa2 <__bad_interrupt>
  38:	0c 94 51 00 	jmp	0xa2	; 0xa2 <__bad_interrupt>
  3c:	0c 94 51 00 	jmp	0xa2	; 0xa2 <__bad_interrupt>
  40:	0c 94 51 00 	jmp	0xa2	; 0xa2 <__bad_interrupt>
  44:	0c 94 51 00 	jmp	0xa2	; 0xa2 <__bad_interrupt>
  48:	0c 94 51 00 	jmp	0xa2	; 0xa2 <__bad_interrupt>
  4c:	0c 94 51 00 	jmp	0xa2	; 0xa2 <__bad_interrupt>
  50:	0c 94 51 00 	jmp	0xa2	; 0xa2 <__bad_interrupt>
  54:	0c 94 51 00 	jmp	0xa2	; 0xa2 <__bad_interrupt>
  58:	0c 94 51 00 	jmp	0xa2	; 0xa2 <__bad_interrupt>
  5c:	0c 94 51 00 	jmp	0xa2	; 0xa2 <__bad_interrupt>
  60:	0c 94 51 00 	jmp	0xa2	; 0xa2 <__bad_interrupt>
  64:	0c 94 51 00 	jmp	0xa2	; 0xa2 <__bad_interrupt>

00000068 <__ctors_end>:
  68:	11 24       	eor	r1, r1
  6a:	1f be       	out	0x3f, r1	; 63
  6c:	cf ef       	ldi	r28, 0xFF	; 255
  6e:	d8 e0       	ldi	r29, 0x08	; 8
  70:	de bf       	out	0x3e, r29	; 62
  72:	cd bf       	out	0x3d, r28	; 61

00000074 <__do_copy_data>:
  74:	11 e0       	ldi	r17, 0x01	; 1
  76:	a0 e0       	ldi	r26, 0x00	; 0
  78:	b1 e0       	ldi	r27, 0x01	; 1
  7a:	e2 e7       	ldi	r30, 0x72	; 114
  7c:	f1 e0       	ldi	r31, 0x01	; 1
  7e:	02 c0       	rjmp	.+4      	; 0x84 <__do_copy_data+0x10>
  80:	05 90       	lpm	r0, Z+
  82:	0d 92       	st	X+, r0
  84:	a4 32       	cpi	r26, 0x24	; 36
  86:	b1 07       	cpc	r27, r17
  88:	d9 f7       	brne	.-10     	; 0x80 <__do_copy_data+0xc>

0000008a <__do_clear_bss>:
  8a:	21 e0       	ldi	r18, 0x01	; 1
  8c:	a4 e2       	ldi	r26, 0x24	; 36
  8e:	b1 e0       	ldi	r27, 0x01	; 1
  90:	01 c0       	rjmp	.+2      	; 0x94 <.do_clear_bss_start>

00000092 <.do_clear_bss_loop>:
  92:	1d 92       	st	X+, r1

00000094 <.do_clear_bss_start>:
  94:	a8 33       	cpi	r26, 0x38	; 56
  96:	b2 07       	cpc	r27, r18
  98:	e1 f7       	brne	.-8      	; 0x92 <.do_clear_bss_loop>
  9a:	0e 94 53 00 	call	0xa6	; 0xa6 <main>
  9e:	0c 94 b7 00 	jmp	0x16e	; 0x16e <_exit>

000000a2 <__bad_interrupt>:
  a2:	0c 94 00 00 	jmp	0	; 0x0 <__vectors>

000000a6 <main>:
};

int off[10];

int main() {
  UCSR0B &= ~_BV(RXEN0) & ~_BV(TXEN0);
  a6:	80 91 c1 00 	lds	r24, 0x00C1	; 0x8000c1 <__TEXT_REGION_LENGTH__+0x7f80c1>
  aa:	87 7e       	andi	r24, 0xE7	; 231
  ac:	80 93 c1 00 	sts	0x00C1, r24	; 0x8000c1 <__TEXT_REGION_LENGTH__+0x7f80c1>

  for (int i = 0; i < 8; i++)
   SEGMENT_DDR |= _BV(pins[i]);
  b0:	50 9a       	sbi	0x0a, 0	; 10
  b2:	51 9a       	sbi	0x0a, 1	; 10
  b4:	52 9a       	sbi	0x0a, 2	; 10
  b6:	53 9a       	sbi	0x0a, 3	; 10
  b8:	54 9a       	sbi	0x0a, 4	; 10
  ba:	55 9a       	sbi	0x0a, 5	; 10
  bc:	56 9a       	sbi	0x0a, 6	; 10
  be:	57 9a       	sbi	0x0a, 7	; 10
  c0:	84 e1       	ldi	r24, 0x14	; 20
  c2:	e4 e2       	ldi	r30, 0x24	; 36
  c4:	f1 e0       	ldi	r31, 0x01	; 1
  c6:	df 01       	movw	r26, r30
  c8:	1d 92       	st	X+, r1
  ca:	8a 95       	dec	r24
  cc:	e9 f7       	brne	.-6      	; 0xc8 <main+0x22>
  ce:	a0 e0       	ldi	r26, 0x00	; 0
  d0:	b1 e0       	ldi	r27, 0x01	; 1
  d2:	28 e3       	ldi	r18, 0x38	; 56
  d4:	31 e0       	ldi	r19, 0x01	; 1
  
  for (int i = 0; i <= 9; i++) {
		off[i] = 0;
		for (int j = 0; j < 8; j++)
			if ((digits[i] >> j & 1) == 0)
				off[i] |= _BV(pins[j]);
  d6:	c1 e0       	ldi	r28, 0x01	; 1
  d8:	d0 e0       	ldi	r29, 0x00	; 0
  da:	2e c0       	rjmp	.+92     	; 0x138 <main+0x92>
  dc:	d1 83       	std	Z+1, r29	; 0x01
  de:	c0 83       	st	Z, r28
  e0:	73 e0       	ldi	r23, 0x03	; 3
  e2:	60 e0       	ldi	r22, 0x00	; 0
  e4:	81 e0       	ldi	r24, 0x01	; 1
  e6:	90 e0       	ldi	r25, 0x00	; 0
   SEGMENT_DDR |= _BV(pins[i]);
  
  for (int i = 0; i <= 9; i++) {
		off[i] = 0;
		for (int j = 0; j < 8; j++)
			if ((digits[i] >> j & 1) == 0)
  e8:	41 fd       	sbrc	r20, 1
  ea:	04 c0       	rjmp	.+8      	; 0xf4 <main+0x4e>
				off[i] |= _BV(pins[j]);
  ec:	70 83       	st	Z, r23
  ee:	61 83       	std	Z+1, r22	; 0x01
  f0:	87 2f       	mov	r24, r23
  f2:	96 2f       	mov	r25, r22
   SEGMENT_DDR |= _BV(pins[i]);
  
  for (int i = 0; i <= 9; i++) {
		off[i] = 0;
		for (int j = 0; j < 8; j++)
			if ((digits[i] >> j & 1) == 0)
  f4:	42 fd       	sbrc	r20, 2
  f6:	03 c0       	rjmp	.+6      	; 0xfe <main+0x58>
				off[i] |= _BV(pins[j]);
  f8:	84 60       	ori	r24, 0x04	; 4
  fa:	91 83       	std	Z+1, r25	; 0x01
  fc:	80 83       	st	Z, r24
   SEGMENT_DDR |= _BV(pins[i]);
  
  for (int i = 0; i <= 9; i++) {
		off[i] = 0;
		for (int j = 0; j < 8; j++)
			if ((digits[i] >> j & 1) == 0)
  fe:	43 fd       	sbrc	r20, 3
 100:	03 c0       	rjmp	.+6      	; 0x108 <main+0x62>
				off[i] |= _BV(pins[j]);
 102:	88 60       	ori	r24, 0x08	; 8
 104:	91 83       	std	Z+1, r25	; 0x01
 106:	80 83       	st	Z, r24
   SEGMENT_DDR |= _BV(pins[i]);
  
  for (int i = 0; i <= 9; i++) {
		off[i] = 0;
		for (int j = 0; j < 8; j++)
			if ((digits[i] >> j & 1) == 0)
 108:	44 fd       	sbrc	r20, 4
 10a:	03 c0       	rjmp	.+6      	; 0x112 <main+0x6c>
				off[i] |= _BV(pins[j]);
 10c:	80 61       	ori	r24, 0x10	; 16
 10e:	91 83       	std	Z+1, r25	; 0x01
 110:	80 83       	st	Z, r24
   SEGMENT_DDR |= _BV(pins[i]);
  
  for (int i = 0; i <= 9; i++) {
		off[i] = 0;
		for (int j = 0; j < 8; j++)
			if ((digits[i] >> j & 1) == 0)
 112:	45 fd       	sbrc	r20, 5
 114:	03 c0       	rjmp	.+6      	; 0x11c <main+0x76>
				off[i] |= _BV(pins[j]);
 116:	80 62       	ori	r24, 0x20	; 32
 118:	91 83       	std	Z+1, r25	; 0x01
 11a:	80 83       	st	Z, r24
   SEGMENT_DDR |= _BV(pins[i]);
  
  for (int i = 0; i <= 9; i++) {
		off[i] = 0;
		for (int j = 0; j < 8; j++)
			if ((digits[i] >> j & 1) == 0)
 11c:	46 fd       	sbrc	r20, 6
 11e:	03 c0       	rjmp	.+6      	; 0x126 <main+0x80>
				off[i] |= _BV(pins[j]);
 120:	80 64       	ori	r24, 0x40	; 64
 122:	91 83       	std	Z+1, r25	; 0x01
 124:	80 83       	st	Z, r24
   SEGMENT_DDR |= _BV(pins[i]);
  
  for (int i = 0; i <= 9; i++) {
		off[i] = 0;
		for (int j = 0; j < 8; j++)
			if ((digits[i] >> j & 1) == 0)
 126:	47 fd       	sbrc	r20, 7
 128:	03 c0       	rjmp	.+6      	; 0x130 <main+0x8a>
				off[i] |= _BV(pins[j]);
 12a:	80 68       	ori	r24, 0x80	; 128
 12c:	91 83       	std	Z+1, r25	; 0x01
 12e:	80 83       	st	Z, r24
 130:	32 96       	adiw	r30, 0x02	; 2
  UCSR0B &= ~_BV(RXEN0) & ~_BV(TXEN0);

  for (int i = 0; i < 8; i++)
   SEGMENT_DDR |= _BV(pins[i]);
  
  for (int i = 0; i <= 9; i++) {
 132:	2e 17       	cp	r18, r30
 134:	3f 07       	cpc	r19, r31
 136:	49 f0       	breq	.+18     	; 0x14a <main+0xa4>
		off[i] = 0;
		for (int j = 0; j < 8; j++)
			if ((digits[i] >> j & 1) == 0)
 138:	4d 91       	ld	r20, X+
 13a:	5d 91       	ld	r21, X+
 13c:	40 ff       	sbrs	r20, 0
 13e:	ce cf       	rjmp	.-100    	; 0xdc <main+0x36>
 140:	72 e0       	ldi	r23, 0x02	; 2
 142:	60 e0       	ldi	r22, 0x00	; 0
 144:	80 e0       	ldi	r24, 0x00	; 0
 146:	90 e0       	ldi	r25, 0x00	; 0
 148:	cf cf       	rjmp	.-98     	; 0xe8 <main+0x42>
				off[i] |= _BV(pins[j]);
 14a:	e4 e2       	ldi	r30, 0x24	; 36
 14c:	f1 e0       	ldi	r31, 0x01	; 1
  }

  while (1) {
    for (int i = 0; i <= 9; i++) {
			SEGMENT_PORT = off[i];
 14e:	80 81       	ld	r24, Z
 150:	32 96       	adiw	r30, 0x02	; 2
 152:	8b b9       	out	0x0b, r24	; 11
	#else
		//round up by default
		__ticks_dc = (uint32_t)(ceil(fabs(__tmp)));
	#endif

	__builtin_avr_delay_cycles(__ticks_dc);
 154:	bf ef       	ldi	r27, 0xFF	; 255
 156:	43 ed       	ldi	r20, 0xD3	; 211
 158:	80 e3       	ldi	r24, 0x30	; 48
 15a:	b1 50       	subi	r27, 0x01	; 1
 15c:	40 40       	sbci	r20, 0x00	; 0
 15e:	80 40       	sbci	r24, 0x00	; 0
 160:	e1 f7       	brne	.-8      	; 0x15a <main+0xb4>
 162:	00 c0       	rjmp	.+0      	; 0x164 <main+0xbe>
 164:	00 00       	nop
			if ((digits[i] >> j & 1) == 0)
				off[i] |= _BV(pins[j]);
  }

  while (1) {
    for (int i = 0; i <= 9; i++) {
 166:	2e 17       	cp	r18, r30
 168:	3f 07       	cpc	r19, r31
 16a:	89 f7       	brne	.-30     	; 0x14e <main+0xa8>
 16c:	ee cf       	rjmp	.-36     	; 0x14a <main+0xa4>

0000016e <_exit>:
 16e:	f8 94       	cli

00000170 <__stop_program>:
 170:	ff cf       	rjmp	.-2      	; 0x170 <__stop_program>
