
task1.elf:     file format elf32-avr

Sections:
Idx Name          Size      VMA       LMA       File off  Algn
  0 .data         00000050  00800100  00000962  000009f6  2**0
                  CONTENTS, ALLOC, LOAD, DATA
  1 .text         00000962  00000000  00000000  00000094  2**1
                  CONTENTS, ALLOC, LOAD, READONLY, CODE
  2 .bss          00000014  00800150  00800150  00000a46  2**0
                  ALLOC
  3 .stab         000008dc  00000000  00000000  00000a48  2**2
                  CONTENTS, READONLY, DEBUGGING
  4 .stabstr      00000f08  00000000  00000000  00001324  2**0
                  CONTENTS, READONLY, DEBUGGING
  5 .comment      00000011  00000000  00000000  0000222c  2**0
                  CONTENTS, READONLY
  6 .note.gnu.avr.deviceinfo 00000040  00000000  00000000  00002240  2**2
                  CONTENTS, READONLY
  7 .debug_info   000005f4  00000000  00000000  00002280  2**0
                  CONTENTS, READONLY, DEBUGGING
  8 .debug_abbrev 000005a2  00000000  00000000  00002874  2**0
                  CONTENTS, READONLY, DEBUGGING
  9 .debug_line   0000001a  00000000  00000000  00002e16  2**0
                  CONTENTS, READONLY, DEBUGGING
 10 .debug_str    00000208  00000000  00000000  00002e30  2**0
                  CONTENTS, READONLY, DEBUGGING

Disassembly of section .text:

00000000 <__vectors>:
   0:	0c 94 3a 00 	jmp	0x74	; 0x74 <__ctors_end>
   4:	0c 94 57 00 	jmp	0xae	; 0xae <__bad_interrupt>
   8:	0c 94 57 00 	jmp	0xae	; 0xae <__bad_interrupt>
   c:	0c 94 57 00 	jmp	0xae	; 0xae <__bad_interrupt>
  10:	0c 94 57 00 	jmp	0xae	; 0xae <__bad_interrupt>
  14:	0c 94 57 00 	jmp	0xae	; 0xae <__bad_interrupt>
  18:	0c 94 57 00 	jmp	0xae	; 0xae <__bad_interrupt>
  1c:	0c 94 57 00 	jmp	0xae	; 0xae <__bad_interrupt>
  20:	0c 94 57 00 	jmp	0xae	; 0xae <__bad_interrupt>
  24:	0c 94 57 00 	jmp	0xae	; 0xae <__bad_interrupt>
  28:	0c 94 57 00 	jmp	0xae	; 0xae <__bad_interrupt>
  2c:	0c 94 57 00 	jmp	0xae	; 0xae <__bad_interrupt>
  30:	0c 94 57 00 	jmp	0xae	; 0xae <__bad_interrupt>
  34:	0c 94 57 00 	jmp	0xae	; 0xae <__bad_interrupt>
  38:	0c 94 57 00 	jmp	0xae	; 0xae <__bad_interrupt>
  3c:	0c 94 57 00 	jmp	0xae	; 0xae <__bad_interrupt>
  40:	0c 94 57 00 	jmp	0xae	; 0xae <__bad_interrupt>
  44:	0c 94 57 00 	jmp	0xae	; 0xae <__bad_interrupt>
  48:	0c 94 57 00 	jmp	0xae	; 0xae <__bad_interrupt>
  4c:	0c 94 57 00 	jmp	0xae	; 0xae <__bad_interrupt>
  50:	0c 94 57 00 	jmp	0xae	; 0xae <__bad_interrupt>
  54:	0c 94 57 00 	jmp	0xae	; 0xae <__bad_interrupt>
  58:	0c 94 57 00 	jmp	0xae	; 0xae <__bad_interrupt>
  5c:	0c 94 57 00 	jmp	0xae	; 0xae <__bad_interrupt>
  60:	0c 94 57 00 	jmp	0xae	; 0xae <__bad_interrupt>
  64:	0c 94 57 00 	jmp	0xae	; 0xae <__bad_interrupt>

00000068 <__trampolines_end>:
  68:	63 64       	ori	r22, 0x43	; 67
  6a:	69 6e       	ori	r22, 0xE9	; 233
  6c:	6f 70       	andi	r22, 0x0F	; 15
  6e:	73 75       	andi	r23, 0x53	; 83
  70:	78 58       	subi	r23, 0x88	; 136
  72:	5b 00       	.word	0x005b	; ????

00000074 <__ctors_end>:
  74:	11 24       	eor	r1, r1
  76:	1f be       	out	0x3f, r1	; 63
  78:	cf ef       	ldi	r28, 0xFF	; 255
  7a:	d8 e0       	ldi	r29, 0x08	; 8
  7c:	de bf       	out	0x3e, r29	; 62
  7e:	cd bf       	out	0x3d, r28	; 61

00000080 <__do_copy_data>:
  80:	11 e0       	ldi	r17, 0x01	; 1
  82:	a0 e0       	ldi	r26, 0x00	; 0
  84:	b1 e0       	ldi	r27, 0x01	; 1
  86:	e2 e6       	ldi	r30, 0x62	; 98
  88:	f9 e0       	ldi	r31, 0x09	; 9
  8a:	02 c0       	rjmp	.+4      	; 0x90 <__do_copy_data+0x10>
  8c:	05 90       	lpm	r0, Z+
  8e:	0d 92       	st	X+, r0
  90:	a0 35       	cpi	r26, 0x50	; 80
  92:	b1 07       	cpc	r27, r17
  94:	d9 f7       	brne	.-10     	; 0x8c <__do_copy_data+0xc>

00000096 <__do_clear_bss>:
  96:	21 e0       	ldi	r18, 0x01	; 1
  98:	a0 e5       	ldi	r26, 0x50	; 80
  9a:	b1 e0       	ldi	r27, 0x01	; 1
  9c:	01 c0       	rjmp	.+2      	; 0xa0 <.do_clear_bss_start>

0000009e <.do_clear_bss_loop>:
  9e:	1d 92       	st	X+, r1

000000a0 <.do_clear_bss_start>:
  a0:	a4 36       	cpi	r26, 0x64	; 100
  a2:	b2 07       	cpc	r27, r18
  a4:	e1 f7       	brne	.-8      	; 0x9e <.do_clear_bss_loop>
  a6:	0e 94 79 00 	call	0xf2	; 0xf2 <main>
  aa:	0c 94 af 04 	jmp	0x95e	; 0x95e <_exit>

000000ae <__bad_interrupt>:
  ae:	0c 94 00 00 	jmp	0	; 0x0 <__vectors>

000000b2 <uart_transmit>:
  UCSR0C = _BV(UCSZ00) | _BV(UCSZ01);
}

int uart_transmit(char data, FILE *stream)
{
  while(!(UCSR0A & _BV(UDRE0)));
  b2:	90 91 c0 00 	lds	r25, 0x00C0	; 0x8000c0 <__TEXT_REGION_LENGTH__+0x7f80c0>
  b6:	95 ff       	sbrs	r25, 5
  b8:	fc cf       	rjmp	.-8      	; 0xb2 <uart_transmit>
  UDR0 = data;
  ba:	80 93 c6 00 	sts	0x00C6, r24	; 0x8000c6 <__TEXT_REGION_LENGTH__+0x7f80c6>
  return 0;
}
  be:	80 e0       	ldi	r24, 0x00	; 0
  c0:	90 e0       	ldi	r25, 0x00	; 0
  c2:	08 95       	ret

000000c4 <uart_receive>:

int uart_receive(FILE *stream)
{
  while (!(UCSR0A & _BV(RXC0)));
  c4:	80 91 c0 00 	lds	r24, 0x00C0	; 0x8000c0 <__TEXT_REGION_LENGTH__+0x7f80c0>
  c8:	87 ff       	sbrs	r24, 7
  ca:	fc cf       	rjmp	.-8      	; 0xc4 <uart_receive>
  return UDR0;
  cc:	80 91 c6 00 	lds	r24, 0x00C6	; 0x8000c6 <__TEXT_REGION_LENGTH__+0x7f80c6>
}
  d0:	90 e0       	ldi	r25, 0x00	; 0
  d2:	08 95       	ret

000000d4 <uart_init>:
#define BAUD 9600                          // baudrate
#define UBRR_VALUE ((F_CPU)/16/(BAUD)-1)   // zgodnie ze wzorem

void uart_init()
{
  UBRR0 = UBRR_VALUE;
  d4:	87 e6       	ldi	r24, 0x67	; 103
  d6:	90 e0       	ldi	r25, 0x00	; 0
  d8:	90 93 c5 00 	sts	0x00C5, r25	; 0x8000c5 <__TEXT_REGION_LENGTH__+0x7f80c5>
  dc:	80 93 c4 00 	sts	0x00C4, r24	; 0x8000c4 <__TEXT_REGION_LENGTH__+0x7f80c4>
  UCSR0A = 0;
  e0:	10 92 c0 00 	sts	0x00C0, r1	; 0x8000c0 <__TEXT_REGION_LENGTH__+0x7f80c0>
  UCSR0B = _BV(RXEN0) | _BV(TXEN0);
  e4:	88 e1       	ldi	r24, 0x18	; 24
  e6:	80 93 c1 00 	sts	0x00C1, r24	; 0x8000c1 <__TEXT_REGION_LENGTH__+0x7f80c1>
  UCSR0C = _BV(UCSZ00) | _BV(UCSZ01);
  ea:	86 e0       	ldi	r24, 0x06	; 6
  ec:	80 93 c2 00 	sts	0x00C2, r24	; 0x8000c2 <__TEXT_REGION_LENGTH__+0x7f80c2>
  f0:	08 95       	ret

000000f2 <main>:
#define LED_PORT PORTB

const unsigned char morse[26] = {0xa0,0x18,0x58,0x30,0x40,0x48,0x70,0x8,0x20,0xe8,0xb0,0x28,0xe0,0x60,0xf0,0x68,0xb8,0x50,0x10,0xc0,0x90,0x88,0xd0,0x98,0xd8,0x38};

int main()
{
  f2:	cf 93       	push	r28
  f4:	df 93       	push	r29
  f6:	cd b7       	in	r28, 0x3d	; 61
  f8:	de b7       	in	r29, 0x3e	; 62
  fa:	c0 54       	subi	r28, 0x40	; 64
  fc:	d1 09       	sbc	r29, r1
  fe:	0f b6       	in	r0, 0x3f	; 63
 100:	f8 94       	cli
 102:	de bf       	out	0x3e, r29	; 62
 104:	0f be       	out	0x3f, r0	; 63
 106:	cd bf       	out	0x3d, r28	; 61
#define BAUD 9600                          // baudrate
#define UBRR_VALUE ((F_CPU)/16/(BAUD)-1)   // zgodnie ze wzorem

void uart_init()
{
  UBRR0 = UBRR_VALUE;
 108:	87 e6       	ldi	r24, 0x67	; 103
 10a:	90 e0       	ldi	r25, 0x00	; 0
 10c:	90 93 c5 00 	sts	0x00C5, r25	; 0x8000c5 <__TEXT_REGION_LENGTH__+0x7f80c5>
 110:	80 93 c4 00 	sts	0x00C4, r24	; 0x8000c4 <__TEXT_REGION_LENGTH__+0x7f80c4>
  UCSR0A = 0;
 114:	10 92 c0 00 	sts	0x00C0, r1	; 0x8000c0 <__TEXT_REGION_LENGTH__+0x7f80c0>
  UCSR0B = _BV(RXEN0) | _BV(TXEN0);
 118:	88 e1       	ldi	r24, 0x18	; 24
 11a:	80 93 c1 00 	sts	0x00C1, r24	; 0x8000c1 <__TEXT_REGION_LENGTH__+0x7f80c1>
  UCSR0C = _BV(UCSZ00) | _BV(UCSZ01);
 11e:	86 e0       	ldi	r24, 0x06	; 6
 120:	80 93 c2 00 	sts	0x00C2, r24	; 0x8000c2 <__TEXT_REGION_LENGTH__+0x7f80c2>
const unsigned char morse[26] = {0xa0,0x18,0x58,0x30,0x40,0x48,0x70,0x8,0x20,0xe8,0xb0,0x28,0xe0,0x60,0xf0,0x68,0xb8,0x50,0x10,0xc0,0x90,0x88,0xd0,0x98,0xd8,0x38};

int main()
{
  uart_init();
  fdev_setup_stream(&uart_file, uart_transmit, uart_receive, _FDEV_SETUP_RW);
 124:	80 e5       	ldi	r24, 0x50	; 80
 126:	91 e0       	ldi	r25, 0x01	; 1
 128:	29 e5       	ldi	r18, 0x59	; 89
 12a:	30 e0       	ldi	r19, 0x00	; 0
 12c:	30 93 59 01 	sts	0x0159, r19	; 0x800159 <__data_end+0x9>
 130:	20 93 58 01 	sts	0x0158, r18	; 0x800158 <__data_end+0x8>
 134:	22 e6       	ldi	r18, 0x62	; 98
 136:	30 e0       	ldi	r19, 0x00	; 0
 138:	30 93 5b 01 	sts	0x015B, r19	; 0x80015b <__data_end+0xb>
 13c:	20 93 5a 01 	sts	0x015A, r18	; 0x80015a <__data_end+0xa>
 140:	23 e0       	ldi	r18, 0x03	; 3
 142:	20 93 53 01 	sts	0x0153, r18	; 0x800153 <__data_end+0x3>
 146:	10 92 5d 01 	sts	0x015D, r1	; 0x80015d <__data_end+0xd>
 14a:	10 92 5c 01 	sts	0x015C, r1	; 0x80015c <__data_end+0xc>
  stdin = stdout = stderr = &uart_file;
 14e:	90 93 63 01 	sts	0x0163, r25	; 0x800163 <__iob+0x5>
 152:	80 93 62 01 	sts	0x0162, r24	; 0x800162 <__iob+0x4>
 156:	90 93 61 01 	sts	0x0161, r25	; 0x800161 <__iob+0x3>
 15a:	80 93 60 01 	sts	0x0160, r24	; 0x800160 <__iob+0x2>
 15e:	90 93 5f 01 	sts	0x015F, r25	; 0x80015f <__iob+0x1>
 162:	80 93 5e 01 	sts	0x015E, r24	; 0x80015e <__iob>
  
  printf("Wpisz slowa, ktore mam przetlumaczyc na morsa!\r\n");
 166:	8a e1       	ldi	r24, 0x1A	; 26
 168:	91 e0       	ldi	r25, 0x01	; 1
 16a:	0e 94 17 01 	call	0x22e	; 0x22e <puts>
  LED_DDR |= _BV(LED);
 16e:	25 9a       	sbi	0x04, 5	; 4
 170:	ae 01       	movw	r20, r28
 172:	4f 5f       	subi	r20, 0xFF	; 255
 174:	5f 4f       	sbci	r21, 0xFF	; 255
 176:	7a 01       	movw	r14, r20

  while(1) {
	char buf[64];
	scanf("%63s", buf);
 178:	0a e4       	ldi	r16, 0x4A	; 74
 17a:	11 e0       	ldi	r17, 0x01	; 1
 17c:	ff 92       	push	r15
 17e:	ef 92       	push	r14
 180:	1f 93       	push	r17
 182:	0f 93       	push	r16
 184:	0e 94 47 01 	call	0x28e	; 0x28e <scanf>

	for (int i = 0; buf[i]; i++) {
 188:	e9 81       	ldd	r30, Y+1	; 0x01
 18a:	0f 90       	pop	r0
 18c:	0f 90       	pop	r0
 18e:	0f 90       	pop	r0
 190:	0f 90       	pop	r0
 192:	ee 23       	and	r30, r30
 194:	c1 f1       	breq	.+112    	; 0x206 <main+0x114>
 196:	de 01       	movw	r26, r28
 198:	12 96       	adiw	r26, 0x02	; 2
		int val = morse[buf[i] - 'A'], start = 0;
 19a:	0e 2e       	mov	r0, r30
 19c:	00 0c       	add	r0, r0
 19e:	ff 0b       	sbc	r31, r31
 1a0:	e1 54       	subi	r30, 0x41	; 65
 1a2:	ff 4f       	sbci	r31, 0xFF	; 255
 1a4:	80 81       	ld	r24, Z
 1a6:	90 e0       	ldi	r25, 0x00	; 0
 1a8:	28 e0       	ldi	r18, 0x08	; 8
 1aa:	30 e0       	ldi	r19, 0x00	; 0
 1ac:	40 e0       	ldi	r20, 0x00	; 0
 1ae:	50 e0       	ldi	r21, 0x00	; 0
 1b0:	1d c0       	rjmp	.+58     	; 0x1ec <main+0xfa>
		for (int j = 0; j < 8; j++) {
			if (start) {
				LED_PORT |= _BV(LED);
 1b2:	2d 9a       	sbi	0x05, 5	; 5
				if (val & 1)
 1b4:	80 ff       	sbrs	r24, 0
 1b6:	31 c0       	rjmp	.+98     	; 0x21a <main+0x128>
	#else
		//round up by default
		__ticks_dc = (uint32_t)(ceil(fabs(__tmp)));
	#endif

	__builtin_avr_delay_cycles(__ticks_dc);
 1b8:	4f ef       	ldi	r20, 0xFF	; 255
 1ba:	51 ee       	ldi	r21, 0xE1	; 225
 1bc:	64 e0       	ldi	r22, 0x04	; 4
 1be:	41 50       	subi	r20, 0x01	; 1
 1c0:	50 40       	sbci	r21, 0x00	; 0
 1c2:	60 40       	sbci	r22, 0x00	; 0
 1c4:	e1 f7       	brne	.-8      	; 0x1be <main+0xcc>
 1c6:	00 c0       	rjmp	.+0      	; 0x1c8 <main+0xd6>
 1c8:	00 00       	nop
					_delay_ms(100);
				else
					_delay_ms(300); // x3 time of '.'
				LED_PORT &= ~_BV(LED);
 1ca:	2d 98       	cbi	0x05, 5	; 5
 1cc:	4f ef       	ldi	r20, 0xFF	; 255
 1ce:	55 ea       	ldi	r21, 0xA5	; 165
 1d0:	6e e0       	ldi	r22, 0x0E	; 14
 1d2:	41 50       	subi	r20, 0x01	; 1
 1d4:	50 40       	sbci	r21, 0x00	; 0
 1d6:	60 40       	sbci	r22, 0x00	; 0
 1d8:	e1 f7       	brne	.-8      	; 0x1d2 <main+0xe0>
 1da:	00 c0       	rjmp	.+0      	; 0x1dc <main+0xea>
 1dc:	00 00       	nop
 1de:	41 e0       	ldi	r20, 0x01	; 1
 1e0:	50 e0       	ldi	r21, 0x00	; 0
				_delay_ms(300);
			}
			else
				start |= val & 1;
			val >>= 1;
 1e2:	95 95       	asr	r25
 1e4:	87 95       	ror	r24
 1e6:	21 50       	subi	r18, 0x01	; 1
 1e8:	31 09       	sbc	r19, r1
	char buf[64];
	scanf("%63s", buf);

	for (int i = 0; buf[i]; i++) {
		int val = morse[buf[i] - 'A'], start = 0;
		for (int j = 0; j < 8; j++) {
 1ea:	51 f0       	breq	.+20     	; 0x200 <main+0x10e>
			if (start) {
 1ec:	45 2b       	or	r20, r21
 1ee:	09 f7       	brne	.-62     	; 0x1b2 <main+0xc0>
					_delay_ms(300); // x3 time of '.'
				LED_PORT &= ~_BV(LED);
				_delay_ms(300);
			}
			else
				start |= val & 1;
 1f0:	ac 01       	movw	r20, r24
 1f2:	41 70       	andi	r20, 0x01	; 1
 1f4:	55 27       	eor	r21, r21
			val >>= 1;
 1f6:	95 95       	asr	r25
 1f8:	87 95       	ror	r24
 1fa:	21 50       	subi	r18, 0x01	; 1
 1fc:	31 09       	sbc	r19, r1
	char buf[64];
	scanf("%63s", buf);

	for (int i = 0; buf[i]; i++) {
		int val = morse[buf[i] - 'A'], start = 0;
		for (int j = 0; j < 8; j++) {
 1fe:	b1 f7       	brne	.-20     	; 0x1ec <main+0xfa>

  while(1) {
	char buf[64];
	scanf("%63s", buf);

	for (int i = 0; buf[i]; i++) {
 200:	ed 91       	ld	r30, X+
 202:	e1 11       	cpse	r30, r1
 204:	ca cf       	rjmp	.-108    	; 0x19a <main+0xa8>
 206:	5f ef       	ldi	r21, 0xFF	; 255
 208:	6d e2       	ldi	r22, 0x2D	; 45
 20a:	82 e2       	ldi	r24, 0x22	; 34
 20c:	51 50       	subi	r21, 0x01	; 1
 20e:	60 40       	sbci	r22, 0x00	; 0
 210:	80 40       	sbci	r24, 0x00	; 0
 212:	e1 f7       	brne	.-8      	; 0x20c <main+0x11a>
 214:	00 c0       	rjmp	.+0      	; 0x216 <main+0x124>
 216:	00 00       	nop
				start |= val & 1;
			val >>= 1;
		}
	}
	_delay_ms(700);
  }
 218:	b1 cf       	rjmp	.-158    	; 0x17c <main+0x8a>
 21a:	4f ef       	ldi	r20, 0xFF	; 255
 21c:	55 ea       	ldi	r21, 0xA5	; 165
 21e:	6e e0       	ldi	r22, 0x0E	; 14
 220:	41 50       	subi	r20, 0x01	; 1
 222:	50 40       	sbci	r21, 0x00	; 0
 224:	60 40       	sbci	r22, 0x00	; 0
 226:	e1 f7       	brne	.-8      	; 0x220 <main+0x12e>
 228:	00 c0       	rjmp	.+0      	; 0x22a <main+0x138>
 22a:	00 00       	nop
 22c:	ce cf       	rjmp	.-100    	; 0x1ca <main+0xd8>

0000022e <puts>:
 22e:	0f 93       	push	r16
 230:	1f 93       	push	r17
 232:	cf 93       	push	r28
 234:	df 93       	push	r29
 236:	e0 91 60 01 	lds	r30, 0x0160	; 0x800160 <__iob+0x2>
 23a:	f0 91 61 01 	lds	r31, 0x0161	; 0x800161 <__iob+0x3>
 23e:	23 81       	ldd	r18, Z+3	; 0x03
 240:	21 ff       	sbrs	r18, 1
 242:	1b c0       	rjmp	.+54     	; 0x27a <puts+0x4c>
 244:	8c 01       	movw	r16, r24
 246:	d0 e0       	ldi	r29, 0x00	; 0
 248:	c0 e0       	ldi	r28, 0x00	; 0
 24a:	f8 01       	movw	r30, r16
 24c:	81 91       	ld	r24, Z+
 24e:	8f 01       	movw	r16, r30
 250:	60 91 60 01 	lds	r22, 0x0160	; 0x800160 <__iob+0x2>
 254:	70 91 61 01 	lds	r23, 0x0161	; 0x800161 <__iob+0x3>
 258:	db 01       	movw	r26, r22
 25a:	18 96       	adiw	r26, 0x08	; 8
 25c:	ed 91       	ld	r30, X+
 25e:	fc 91       	ld	r31, X
 260:	19 97       	sbiw	r26, 0x09	; 9
 262:	88 23       	and	r24, r24
 264:	31 f0       	breq	.+12     	; 0x272 <puts+0x44>
 266:	09 95       	icall
 268:	89 2b       	or	r24, r25
 26a:	79 f3       	breq	.-34     	; 0x24a <puts+0x1c>
 26c:	df ef       	ldi	r29, 0xFF	; 255
 26e:	cf ef       	ldi	r28, 0xFF	; 255
 270:	ec cf       	rjmp	.-40     	; 0x24a <puts+0x1c>
 272:	8a e0       	ldi	r24, 0x0A	; 10
 274:	09 95       	icall
 276:	89 2b       	or	r24, r25
 278:	19 f0       	breq	.+6      	; 0x280 <puts+0x52>
 27a:	8f ef       	ldi	r24, 0xFF	; 255
 27c:	9f ef       	ldi	r25, 0xFF	; 255
 27e:	02 c0       	rjmp	.+4      	; 0x284 <puts+0x56>
 280:	8d 2f       	mov	r24, r29
 282:	9c 2f       	mov	r25, r28
 284:	df 91       	pop	r29
 286:	cf 91       	pop	r28
 288:	1f 91       	pop	r17
 28a:	0f 91       	pop	r16
 28c:	08 95       	ret

0000028e <scanf>:
 28e:	a0 e0       	ldi	r26, 0x00	; 0
 290:	b0 e0       	ldi	r27, 0x00	; 0
 292:	ed e4       	ldi	r30, 0x4D	; 77
 294:	f1 e0       	ldi	r31, 0x01	; 1
 296:	0c 94 88 04 	jmp	0x910	; 0x910 <__stack+0x11>
 29a:	ae 01       	movw	r20, r28
 29c:	4b 5f       	subi	r20, 0xFB	; 251
 29e:	5f 4f       	sbci	r21, 0xFF	; 255
 2a0:	fa 01       	movw	r30, r20
 2a2:	61 91       	ld	r22, Z+
 2a4:	71 91       	ld	r23, Z+
 2a6:	af 01       	movw	r20, r30
 2a8:	80 91 5e 01 	lds	r24, 0x015E	; 0x80015e <__iob>
 2ac:	90 91 5f 01 	lds	r25, 0x015F	; 0x80015f <__iob+0x1>
 2b0:	0e 94 f9 02 	call	0x5f2	; 0x5f2 <vfscanf>
 2b4:	e2 e0       	ldi	r30, 0x02	; 2
 2b6:	0c 94 a4 04 	jmp	0x948	; 0x948 <__epilogue_restores__+0x20>

000002ba <putval>:
 2ba:	20 fd       	sbrc	r18, 0
 2bc:	09 c0       	rjmp	.+18     	; 0x2d0 <putval+0x16>
 2be:	fc 01       	movw	r30, r24
 2c0:	23 fd       	sbrc	r18, 3
 2c2:	05 c0       	rjmp	.+10     	; 0x2ce <putval+0x14>
 2c4:	22 ff       	sbrs	r18, 2
 2c6:	02 c0       	rjmp	.+4      	; 0x2cc <putval+0x12>
 2c8:	73 83       	std	Z+3, r23	; 0x03
 2ca:	62 83       	std	Z+2, r22	; 0x02
 2cc:	51 83       	std	Z+1, r21	; 0x01
 2ce:	40 83       	st	Z, r20
 2d0:	08 95       	ret

000002d2 <mulacc>:
 2d2:	44 fd       	sbrc	r20, 4
 2d4:	17 c0       	rjmp	.+46     	; 0x304 <mulacc+0x32>
 2d6:	46 fd       	sbrc	r20, 6
 2d8:	17 c0       	rjmp	.+46     	; 0x308 <mulacc+0x36>
 2da:	ab 01       	movw	r20, r22
 2dc:	bc 01       	movw	r22, r24
 2de:	da 01       	movw	r26, r20
 2e0:	fb 01       	movw	r30, r22
 2e2:	aa 0f       	add	r26, r26
 2e4:	bb 1f       	adc	r27, r27
 2e6:	ee 1f       	adc	r30, r30
 2e8:	ff 1f       	adc	r31, r31
 2ea:	10 94       	com	r1
 2ec:	d1 f7       	brne	.-12     	; 0x2e2 <mulacc+0x10>
 2ee:	4a 0f       	add	r20, r26
 2f0:	5b 1f       	adc	r21, r27
 2f2:	6e 1f       	adc	r22, r30
 2f4:	7f 1f       	adc	r23, r31
 2f6:	cb 01       	movw	r24, r22
 2f8:	ba 01       	movw	r22, r20
 2fa:	66 0f       	add	r22, r22
 2fc:	77 1f       	adc	r23, r23
 2fe:	88 1f       	adc	r24, r24
 300:	99 1f       	adc	r25, r25
 302:	09 c0       	rjmp	.+18     	; 0x316 <mulacc+0x44>
 304:	33 e0       	ldi	r19, 0x03	; 3
 306:	01 c0       	rjmp	.+2      	; 0x30a <mulacc+0x38>
 308:	34 e0       	ldi	r19, 0x04	; 4
 30a:	66 0f       	add	r22, r22
 30c:	77 1f       	adc	r23, r23
 30e:	88 1f       	adc	r24, r24
 310:	99 1f       	adc	r25, r25
 312:	31 50       	subi	r19, 0x01	; 1
 314:	d1 f7       	brne	.-12     	; 0x30a <mulacc+0x38>
 316:	62 0f       	add	r22, r18
 318:	71 1d       	adc	r23, r1
 31a:	81 1d       	adc	r24, r1
 31c:	91 1d       	adc	r25, r1
 31e:	08 95       	ret

00000320 <skip_spaces>:
 320:	0f 93       	push	r16
 322:	1f 93       	push	r17
 324:	cf 93       	push	r28
 326:	df 93       	push	r29
 328:	8c 01       	movw	r16, r24
 32a:	c8 01       	movw	r24, r16
 32c:	0e 94 1e 04 	call	0x83c	; 0x83c <fgetc>
 330:	ec 01       	movw	r28, r24
 332:	97 fd       	sbrc	r25, 7
 334:	08 c0       	rjmp	.+16     	; 0x346 <skip_spaces+0x26>
 336:	0e 94 0a 04 	call	0x814	; 0x814 <isspace>
 33a:	89 2b       	or	r24, r25
 33c:	b1 f7       	brne	.-20     	; 0x32a <skip_spaces+0xa>
 33e:	b8 01       	movw	r22, r16
 340:	ce 01       	movw	r24, r28
 342:	0e 94 5c 04 	call	0x8b8	; 0x8b8 <ungetc>
 346:	ce 01       	movw	r24, r28
 348:	df 91       	pop	r29
 34a:	cf 91       	pop	r28
 34c:	1f 91       	pop	r17
 34e:	0f 91       	pop	r16
 350:	08 95       	ret

00000352 <conv_int>:
 352:	8f 92       	push	r8
 354:	9f 92       	push	r9
 356:	af 92       	push	r10
 358:	bf 92       	push	r11
 35a:	ef 92       	push	r14
 35c:	ff 92       	push	r15
 35e:	0f 93       	push	r16
 360:	1f 93       	push	r17
 362:	cf 93       	push	r28
 364:	df 93       	push	r29
 366:	8c 01       	movw	r16, r24
 368:	d6 2f       	mov	r29, r22
 36a:	7a 01       	movw	r14, r20
 36c:	b2 2e       	mov	r11, r18
 36e:	0e 94 1e 04 	call	0x83c	; 0x83c <fgetc>
 372:	9c 01       	movw	r18, r24
 374:	33 27       	eor	r19, r19
 376:	2b 32       	cpi	r18, 0x2B	; 43
 378:	31 05       	cpc	r19, r1
 37a:	31 f0       	breq	.+12     	; 0x388 <conv_int+0x36>
 37c:	2d 32       	cpi	r18, 0x2D	; 45
 37e:	31 05       	cpc	r19, r1
 380:	61 f4       	brne	.+24     	; 0x39a <conv_int+0x48>
 382:	8b 2d       	mov	r24, r11
 384:	80 68       	ori	r24, 0x80	; 128
 386:	b8 2e       	mov	r11, r24
 388:	d1 50       	subi	r29, 0x01	; 1
 38a:	11 f4       	brne	.+4      	; 0x390 <conv_int+0x3e>
 38c:	80 e0       	ldi	r24, 0x00	; 0
 38e:	68 c0       	rjmp	.+208    	; 0x460 <__EEPROM_REGION_LENGTH__+0x60>
 390:	c8 01       	movw	r24, r16
 392:	0e 94 1e 04 	call	0x83c	; 0x83c <fgetc>
 396:	97 fd       	sbrc	r25, 7
 398:	f9 cf       	rjmp	.-14     	; 0x38c <conv_int+0x3a>
 39a:	cb 2d       	mov	r28, r11
 39c:	cd 7f       	andi	r28, 0xFD	; 253
 39e:	2b 2d       	mov	r18, r11
 3a0:	20 73       	andi	r18, 0x30	; 48
 3a2:	09 f5       	brne	.+66     	; 0x3e6 <conv_int+0x94>
 3a4:	80 33       	cpi	r24, 0x30	; 48
 3a6:	f9 f4       	brne	.+62     	; 0x3e6 <conv_int+0x94>
 3a8:	aa 24       	eor	r10, r10
 3aa:	aa 94       	dec	r10
 3ac:	ad 0e       	add	r10, r29
 3ae:	09 f4       	brne	.+2      	; 0x3b2 <conv_int+0x60>
 3b0:	43 c0       	rjmp	.+134    	; 0x438 <__EEPROM_REGION_LENGTH__+0x38>
 3b2:	c8 01       	movw	r24, r16
 3b4:	0e 94 1e 04 	call	0x83c	; 0x83c <fgetc>
 3b8:	97 fd       	sbrc	r25, 7
 3ba:	3e c0       	rjmp	.+124    	; 0x438 <__EEPROM_REGION_LENGTH__+0x38>
 3bc:	9c 01       	movw	r18, r24
 3be:	2f 7d       	andi	r18, 0xDF	; 223
 3c0:	33 27       	eor	r19, r19
 3c2:	28 35       	cpi	r18, 0x58	; 88
 3c4:	31 05       	cpc	r19, r1
 3c6:	49 f4       	brne	.+18     	; 0x3da <conv_int+0x88>
 3c8:	c2 64       	ori	r28, 0x42	; 66
 3ca:	d2 50       	subi	r29, 0x02	; 2
 3cc:	a9 f1       	breq	.+106    	; 0x438 <__EEPROM_REGION_LENGTH__+0x38>
 3ce:	c8 01       	movw	r24, r16
 3d0:	0e 94 1e 04 	call	0x83c	; 0x83c <fgetc>
 3d4:	97 ff       	sbrs	r25, 7
 3d6:	07 c0       	rjmp	.+14     	; 0x3e6 <conv_int+0x94>
 3d8:	2f c0       	rjmp	.+94     	; 0x438 <__EEPROM_REGION_LENGTH__+0x38>
 3da:	b6 fe       	sbrs	r11, 6
 3dc:	02 c0       	rjmp	.+4      	; 0x3e2 <conv_int+0x90>
 3de:	c2 60       	ori	r28, 0x02	; 2
 3e0:	01 c0       	rjmp	.+2      	; 0x3e4 <conv_int+0x92>
 3e2:	c2 61       	ori	r28, 0x12	; 18
 3e4:	da 2d       	mov	r29, r10
 3e6:	81 2c       	mov	r8, r1
 3e8:	91 2c       	mov	r9, r1
 3ea:	54 01       	movw	r10, r8
 3ec:	20 ed       	ldi	r18, 0xD0	; 208
 3ee:	28 0f       	add	r18, r24
 3f0:	28 30       	cpi	r18, 0x08	; 8
 3f2:	80 f0       	brcs	.+32     	; 0x414 <__EEPROM_REGION_LENGTH__+0x14>
 3f4:	c4 ff       	sbrs	r28, 4
 3f6:	04 c0       	rjmp	.+8      	; 0x400 <__EEPROM_REGION_LENGTH__>
 3f8:	b8 01       	movw	r22, r16
 3fa:	0e 94 5c 04 	call	0x8b8	; 0x8b8 <ungetc>
 3fe:	19 c0       	rjmp	.+50     	; 0x432 <__EEPROM_REGION_LENGTH__+0x32>
 400:	2a 30       	cpi	r18, 0x0A	; 10
 402:	40 f0       	brcs	.+16     	; 0x414 <__EEPROM_REGION_LENGTH__+0x14>
 404:	c6 ff       	sbrs	r28, 6
 406:	f8 cf       	rjmp	.-16     	; 0x3f8 <conv_int+0xa6>
 408:	2f 7d       	andi	r18, 0xDF	; 223
 40a:	3f ee       	ldi	r19, 0xEF	; 239
 40c:	32 0f       	add	r19, r18
 40e:	36 30       	cpi	r19, 0x06	; 6
 410:	98 f7       	brcc	.-26     	; 0x3f8 <conv_int+0xa6>
 412:	27 50       	subi	r18, 0x07	; 7
 414:	4c 2f       	mov	r20, r28
 416:	c5 01       	movw	r24, r10
 418:	b4 01       	movw	r22, r8
 41a:	0e 94 69 01 	call	0x2d2	; 0x2d2 <mulacc>
 41e:	4b 01       	movw	r8, r22
 420:	5c 01       	movw	r10, r24
 422:	c2 60       	ori	r28, 0x02	; 2
 424:	d1 50       	subi	r29, 0x01	; 1
 426:	59 f0       	breq	.+22     	; 0x43e <__EEPROM_REGION_LENGTH__+0x3e>
 428:	c8 01       	movw	r24, r16
 42a:	0e 94 1e 04 	call	0x83c	; 0x83c <fgetc>
 42e:	97 ff       	sbrs	r25, 7
 430:	dd cf       	rjmp	.-70     	; 0x3ec <conv_int+0x9a>
 432:	c1 fd       	sbrc	r28, 1
 434:	04 c0       	rjmp	.+8      	; 0x43e <__EEPROM_REGION_LENGTH__+0x3e>
 436:	aa cf       	rjmp	.-172    	; 0x38c <conv_int+0x3a>
 438:	81 2c       	mov	r8, r1
 43a:	91 2c       	mov	r9, r1
 43c:	54 01       	movw	r10, r8
 43e:	c7 ff       	sbrs	r28, 7
 440:	08 c0       	rjmp	.+16     	; 0x452 <__EEPROM_REGION_LENGTH__+0x52>
 442:	b0 94       	com	r11
 444:	a0 94       	com	r10
 446:	90 94       	com	r9
 448:	80 94       	com	r8
 44a:	81 1c       	adc	r8, r1
 44c:	91 1c       	adc	r9, r1
 44e:	a1 1c       	adc	r10, r1
 450:	b1 1c       	adc	r11, r1
 452:	2c 2f       	mov	r18, r28
 454:	b5 01       	movw	r22, r10
 456:	a4 01       	movw	r20, r8
 458:	c7 01       	movw	r24, r14
 45a:	0e 94 5d 01 	call	0x2ba	; 0x2ba <putval>
 45e:	81 e0       	ldi	r24, 0x01	; 1
 460:	df 91       	pop	r29
 462:	cf 91       	pop	r28
 464:	1f 91       	pop	r17
 466:	0f 91       	pop	r16
 468:	ff 90       	pop	r15
 46a:	ef 90       	pop	r14
 46c:	bf 90       	pop	r11
 46e:	af 90       	pop	r10
 470:	9f 90       	pop	r9
 472:	8f 90       	pop	r8
 474:	08 95       	ret

00000476 <conv_brk>:
 476:	a0 e2       	ldi	r26, 0x20	; 32
 478:	b0 e0       	ldi	r27, 0x00	; 0
 47a:	e1 e4       	ldi	r30, 0x41	; 65
 47c:	f2 e0       	ldi	r31, 0x02	; 2
 47e:	0c 94 7b 04 	jmp	0x8f6	; 0x8f6 <__prologue_saves__+0x6>
 482:	5c 01       	movw	r10, r24
 484:	96 2e       	mov	r9, r22
 486:	7a 01       	movw	r14, r20
 488:	f9 01       	movw	r30, r18
 48a:	8e 01       	movw	r16, r28
 48c:	0f 5f       	subi	r16, 0xFF	; 255
 48e:	1f 4f       	sbci	r17, 0xFF	; 255
 490:	68 01       	movw	r12, r16
 492:	80 e2       	ldi	r24, 0x20	; 32
 494:	d8 01       	movw	r26, r16
 496:	1d 92       	st	X+, r1
 498:	8a 95       	dec	r24
 49a:	e9 f7       	brne	.-6      	; 0x496 <conv_brk+0x20>
 49c:	d5 01       	movw	r26, r10
 49e:	13 96       	adiw	r26, 0x03	; 3
 4a0:	8c 90       	ld	r8, X
 4a2:	80 e0       	ldi	r24, 0x00	; 0
 4a4:	90 e0       	ldi	r25, 0x00	; 0
 4a6:	61 2c       	mov	r6, r1
 4a8:	71 2c       	mov	r7, r1
 4aa:	30 e0       	ldi	r19, 0x00	; 0
 4ac:	61 e0       	ldi	r22, 0x01	; 1
 4ae:	70 e0       	ldi	r23, 0x00	; 0
 4b0:	83 fc       	sbrc	r8, 3
 4b2:	25 91       	lpm	r18, Z+
 4b4:	83 fe       	sbrs	r8, 3
 4b6:	21 91       	ld	r18, Z+
 4b8:	8f 01       	movw	r16, r30
 4ba:	52 2e       	mov	r5, r18
 4bc:	21 11       	cpse	r18, r1
 4be:	03 c0       	rjmp	.+6      	; 0x4c6 <conv_brk+0x50>
 4c0:	80 e0       	ldi	r24, 0x00	; 0
 4c2:	90 e0       	ldi	r25, 0x00	; 0
 4c4:	92 c0       	rjmp	.+292    	; 0x5ea <conv_brk+0x174>
 4c6:	2e 35       	cpi	r18, 0x5E	; 94
 4c8:	11 f4       	brne	.+4      	; 0x4ce <conv_brk+0x58>
 4ca:	00 97       	sbiw	r24, 0x00	; 0
 4cc:	51 f1       	breq	.+84     	; 0x522 <conv_brk+0xac>
 4ce:	43 2f       	mov	r20, r19
 4d0:	50 e0       	ldi	r21, 0x00	; 0
 4d2:	48 17       	cp	r20, r24
 4d4:	59 07       	cpc	r21, r25
 4d6:	3c f4       	brge	.+14     	; 0x4e6 <conv_brk+0x70>
 4d8:	2d 35       	cpi	r18, 0x5D	; 93
 4da:	59 f1       	breq	.+86     	; 0x532 <conv_brk+0xbc>
 4dc:	2d 32       	cpi	r18, 0x2D	; 45
 4de:	19 f4       	brne	.+6      	; 0x4e6 <conv_brk+0x70>
 4e0:	77 20       	and	r7, r7
 4e2:	09 f1       	breq	.+66     	; 0x526 <conv_brk+0xb0>
 4e4:	03 c0       	rjmp	.+6      	; 0x4ec <conv_brk+0x76>
 4e6:	77 20       	and	r7, r7
 4e8:	09 f4       	brne	.+2      	; 0x4ec <conv_brk+0x76>
 4ea:	6a c0       	rjmp	.+212    	; 0x5c0 <conv_brk+0x14a>
 4ec:	45 2d       	mov	r20, r5
 4ee:	46 95       	lsr	r20
 4f0:	46 95       	lsr	r20
 4f2:	46 95       	lsr	r20
 4f4:	d6 01       	movw	r26, r12
 4f6:	a4 0f       	add	r26, r20
 4f8:	b1 1d       	adc	r27, r1
 4fa:	45 2d       	mov	r20, r5
 4fc:	47 70       	andi	r20, 0x07	; 7
 4fe:	8b 01       	movw	r16, r22
 500:	02 c0       	rjmp	.+4      	; 0x506 <conv_brk+0x90>
 502:	00 0f       	add	r16, r16
 504:	11 1f       	adc	r17, r17
 506:	4a 95       	dec	r20
 508:	e2 f7       	brpl	.-8      	; 0x502 <conv_brk+0x8c>
 50a:	a8 01       	movw	r20, r16
 50c:	5c 91       	ld	r21, X
 50e:	45 2b       	or	r20, r21
 510:	4c 93       	st	X, r20
 512:	65 14       	cp	r6, r5
 514:	59 f0       	breq	.+22     	; 0x52c <conv_brk+0xb6>
 516:	56 14       	cp	r5, r6
 518:	10 f4       	brcc	.+4      	; 0x51e <conv_brk+0xa8>
 51a:	53 94       	inc	r5
 51c:	e7 cf       	rjmp	.-50     	; 0x4ec <conv_brk+0x76>
 51e:	5a 94       	dec	r5
 520:	e5 cf       	rjmp	.-54     	; 0x4ec <conv_brk+0x76>
 522:	31 e0       	ldi	r19, 0x01	; 1
 524:	04 c0       	rjmp	.+8      	; 0x52e <conv_brk+0xb8>
 526:	77 24       	eor	r7, r7
 528:	73 94       	inc	r7
 52a:	01 c0       	rjmp	.+2      	; 0x52e <conv_brk+0xb8>
 52c:	71 2c       	mov	r7, r1
 52e:	01 96       	adiw	r24, 0x01	; 1
 530:	bf cf       	rjmp	.-130    	; 0x4b0 <conv_brk+0x3a>
 532:	77 20       	and	r7, r7
 534:	19 f0       	breq	.+6      	; 0x53c <conv_brk+0xc6>
 536:	8e 81       	ldd	r24, Y+6	; 0x06
 538:	80 62       	ori	r24, 0x20	; 32
 53a:	8e 83       	std	Y+6, r24	; 0x06
 53c:	31 11       	cpse	r19, r1
 53e:	03 c0       	rjmp	.+6      	; 0x546 <conv_brk+0xd0>
 540:	88 24       	eor	r8, r8
 542:	83 94       	inc	r8
 544:	17 c0       	rjmp	.+46     	; 0x574 <conv_brk+0xfe>
 546:	f6 01       	movw	r30, r12
 548:	9e 01       	movw	r18, r28
 54a:	2f 5d       	subi	r18, 0xDF	; 223
 54c:	3f 4f       	sbci	r19, 0xFF	; 255
 54e:	80 81       	ld	r24, Z
 550:	80 95       	com	r24
 552:	81 93       	st	Z+, r24
 554:	2e 17       	cp	r18, r30
 556:	3f 07       	cpc	r19, r31
 558:	d1 f7       	brne	.-12     	; 0x54e <conv_brk+0xd8>
 55a:	f2 cf       	rjmp	.-28     	; 0x540 <conv_brk+0xca>
 55c:	e1 14       	cp	r14, r1
 55e:	f1 04       	cpc	r15, r1
 560:	29 f0       	breq	.+10     	; 0x56c <conv_brk+0xf6>
 562:	d7 01       	movw	r26, r14
 564:	8c 93       	st	X, r24
 566:	f7 01       	movw	r30, r14
 568:	31 96       	adiw	r30, 0x01	; 1
 56a:	7f 01       	movw	r14, r30
 56c:	9a 94       	dec	r9
 56e:	81 2c       	mov	r8, r1
 570:	99 20       	and	r9, r9
 572:	f9 f0       	breq	.+62     	; 0x5b2 <conv_brk+0x13c>
 574:	c5 01       	movw	r24, r10
 576:	0e 94 1e 04 	call	0x83c	; 0x83c <fgetc>
 57a:	97 fd       	sbrc	r25, 7
 57c:	18 c0       	rjmp	.+48     	; 0x5ae <conv_brk+0x138>
 57e:	fc 01       	movw	r30, r24
 580:	ff 27       	eor	r31, r31
 582:	23 e0       	ldi	r18, 0x03	; 3
 584:	f5 95       	asr	r31
 586:	e7 95       	ror	r30
 588:	2a 95       	dec	r18
 58a:	e1 f7       	brne	.-8      	; 0x584 <conv_brk+0x10e>
 58c:	ec 0d       	add	r30, r12
 58e:	fd 1d       	adc	r31, r13
 590:	20 81       	ld	r18, Z
 592:	30 e0       	ldi	r19, 0x00	; 0
 594:	ac 01       	movw	r20, r24
 596:	47 70       	andi	r20, 0x07	; 7
 598:	55 27       	eor	r21, r21
 59a:	02 c0       	rjmp	.+4      	; 0x5a0 <conv_brk+0x12a>
 59c:	35 95       	asr	r19
 59e:	27 95       	ror	r18
 5a0:	4a 95       	dec	r20
 5a2:	e2 f7       	brpl	.-8      	; 0x59c <conv_brk+0x126>
 5a4:	20 fd       	sbrc	r18, 0
 5a6:	da cf       	rjmp	.-76     	; 0x55c <conv_brk+0xe6>
 5a8:	b5 01       	movw	r22, r10
 5aa:	0e 94 5c 04 	call	0x8b8	; 0x8b8 <ungetc>
 5ae:	81 10       	cpse	r8, r1
 5b0:	87 cf       	rjmp	.-242    	; 0x4c0 <conv_brk+0x4a>
 5b2:	e1 14       	cp	r14, r1
 5b4:	f1 04       	cpc	r15, r1
 5b6:	11 f0       	breq	.+4      	; 0x5bc <conv_brk+0x146>
 5b8:	d7 01       	movw	r26, r14
 5ba:	1c 92       	st	X, r1
 5bc:	c8 01       	movw	r24, r16
 5be:	15 c0       	rjmp	.+42     	; 0x5ea <conv_brk+0x174>
 5c0:	42 2f       	mov	r20, r18
 5c2:	46 95       	lsr	r20
 5c4:	46 95       	lsr	r20
 5c6:	46 95       	lsr	r20
 5c8:	d6 01       	movw	r26, r12
 5ca:	a4 0f       	add	r26, r20
 5cc:	b1 1d       	adc	r27, r1
 5ce:	42 2f       	mov	r20, r18
 5d0:	47 70       	andi	r20, 0x07	; 7
 5d2:	8b 01       	movw	r16, r22
 5d4:	02 c0       	rjmp	.+4      	; 0x5da <conv_brk+0x164>
 5d6:	00 0f       	add	r16, r16
 5d8:	11 1f       	adc	r17, r17
 5da:	4a 95       	dec	r20
 5dc:	e2 f7       	brpl	.-8      	; 0x5d6 <conv_brk+0x160>
 5de:	a8 01       	movw	r20, r16
 5e0:	5c 91       	ld	r21, X
 5e2:	45 2b       	or	r20, r21
 5e4:	4c 93       	st	X, r20
 5e6:	62 2e       	mov	r6, r18
 5e8:	a2 cf       	rjmp	.-188    	; 0x52e <conv_brk+0xb8>
 5ea:	a0 96       	adiw	r28, 0x20	; 32
 5ec:	ef e0       	ldi	r30, 0x0F	; 15
 5ee:	0c 94 97 04 	jmp	0x92e	; 0x92e <__epilogue_restores__+0x6>

000005f2 <vfscanf>:
 5f2:	a0 e0       	ldi	r26, 0x00	; 0
 5f4:	b0 e0       	ldi	r27, 0x00	; 0
 5f6:	ef ef       	ldi	r30, 0xFF	; 255
 5f8:	f2 e0       	ldi	r31, 0x02	; 2
 5fa:	0c 94 7b 04 	jmp	0x8f6	; 0x8f6 <__prologue_saves__+0x6>
 5fe:	6c 01       	movw	r12, r24
 600:	eb 01       	movw	r28, r22
 602:	5a 01       	movw	r10, r20
 604:	fc 01       	movw	r30, r24
 606:	17 82       	std	Z+7, r1	; 0x07
 608:	16 82       	std	Z+6, r1	; 0x06
 60a:	51 2c       	mov	r5, r1
 60c:	f6 01       	movw	r30, r12
 60e:	e3 80       	ldd	r14, Z+3	; 0x03
 610:	fe 01       	movw	r30, r28
 612:	e3 fc       	sbrc	r14, 3
 614:	85 91       	lpm	r24, Z+
 616:	e3 fe       	sbrs	r14, 3
 618:	81 91       	ld	r24, Z+
 61a:	18 2f       	mov	r17, r24
 61c:	ef 01       	movw	r28, r30
 61e:	88 23       	and	r24, r24
 620:	09 f4       	brne	.+2      	; 0x624 <vfscanf+0x32>
 622:	ee c0       	rjmp	.+476    	; 0x800 <__DATA_REGION_LENGTH__>
 624:	90 e0       	ldi	r25, 0x00	; 0
 626:	0e 94 0a 04 	call	0x814	; 0x814 <isspace>
 62a:	89 2b       	or	r24, r25
 62c:	21 f0       	breq	.+8      	; 0x636 <vfscanf+0x44>
 62e:	c6 01       	movw	r24, r12
 630:	0e 94 90 01 	call	0x320	; 0x320 <skip_spaces>
 634:	eb cf       	rjmp	.-42     	; 0x60c <vfscanf+0x1a>
 636:	15 32       	cpi	r17, 0x25	; 37
 638:	41 f4       	brne	.+16     	; 0x64a <vfscanf+0x58>
 63a:	fe 01       	movw	r30, r28
 63c:	e3 fc       	sbrc	r14, 3
 63e:	15 91       	lpm	r17, Z+
 640:	e3 fe       	sbrs	r14, 3
 642:	11 91       	ld	r17, Z+
 644:	ef 01       	movw	r28, r30
 646:	15 32       	cpi	r17, 0x25	; 37
 648:	81 f4       	brne	.+32     	; 0x66a <vfscanf+0x78>
 64a:	c6 01       	movw	r24, r12
 64c:	0e 94 1e 04 	call	0x83c	; 0x83c <fgetc>
 650:	97 fd       	sbrc	r25, 7
 652:	d4 c0       	rjmp	.+424    	; 0x7fc <vfscanf+0x20a>
 654:	41 2f       	mov	r20, r17
 656:	50 e0       	ldi	r21, 0x00	; 0
 658:	9c 01       	movw	r18, r24
 65a:	33 27       	eor	r19, r19
 65c:	24 17       	cp	r18, r20
 65e:	35 07       	cpc	r19, r21
 660:	a9 f2       	breq	.-86     	; 0x60c <vfscanf+0x1a>
 662:	b6 01       	movw	r22, r12
 664:	0e 94 5c 04 	call	0x8b8	; 0x8b8 <ungetc>
 668:	cb c0       	rjmp	.+406    	; 0x800 <__DATA_REGION_LENGTH__>
 66a:	1a 32       	cpi	r17, 0x2A	; 42
 66c:	39 f4       	brne	.+14     	; 0x67c <vfscanf+0x8a>
 66e:	e3 fc       	sbrc	r14, 3
 670:	15 91       	lpm	r17, Z+
 672:	e3 fe       	sbrs	r14, 3
 674:	11 91       	ld	r17, Z+
 676:	ef 01       	movw	r28, r30
 678:	01 e0       	ldi	r16, 0x01	; 1
 67a:	01 c0       	rjmp	.+2      	; 0x67e <vfscanf+0x8c>
 67c:	00 e0       	ldi	r16, 0x00	; 0
 67e:	f1 2c       	mov	r15, r1
 680:	20 ed       	ldi	r18, 0xD0	; 208
 682:	21 0f       	add	r18, r17
 684:	2a 30       	cpi	r18, 0x0A	; 10
 686:	80 f4       	brcc	.+32     	; 0x6a8 <vfscanf+0xb6>
 688:	02 60       	ori	r16, 0x02	; 2
 68a:	6f 2d       	mov	r22, r15
 68c:	70 e0       	ldi	r23, 0x00	; 0
 68e:	80 e0       	ldi	r24, 0x00	; 0
 690:	90 e0       	ldi	r25, 0x00	; 0
 692:	40 e2       	ldi	r20, 0x20	; 32
 694:	0e 94 69 01 	call	0x2d2	; 0x2d2 <mulacc>
 698:	f6 2e       	mov	r15, r22
 69a:	fe 01       	movw	r30, r28
 69c:	e3 fc       	sbrc	r14, 3
 69e:	15 91       	lpm	r17, Z+
 6a0:	e3 fe       	sbrs	r14, 3
 6a2:	11 91       	ld	r17, Z+
 6a4:	ef 01       	movw	r28, r30
 6a6:	ec cf       	rjmp	.-40     	; 0x680 <vfscanf+0x8e>
 6a8:	01 ff       	sbrs	r16, 1
 6aa:	03 c0       	rjmp	.+6      	; 0x6b2 <vfscanf+0xc0>
 6ac:	f1 10       	cpse	r15, r1
 6ae:	03 c0       	rjmp	.+6      	; 0x6b6 <vfscanf+0xc4>
 6b0:	a7 c0       	rjmp	.+334    	; 0x800 <__DATA_REGION_LENGTH__>
 6b2:	ff 24       	eor	r15, r15
 6b4:	fa 94       	dec	r15
 6b6:	18 36       	cpi	r17, 0x68	; 104
 6b8:	19 f0       	breq	.+6      	; 0x6c0 <vfscanf+0xce>
 6ba:	1c 36       	cpi	r17, 0x6C	; 108
 6bc:	51 f0       	breq	.+20     	; 0x6d2 <vfscanf+0xe0>
 6be:	10 c0       	rjmp	.+32     	; 0x6e0 <vfscanf+0xee>
 6c0:	fe 01       	movw	r30, r28
 6c2:	e3 fc       	sbrc	r14, 3
 6c4:	15 91       	lpm	r17, Z+
 6c6:	e3 fe       	sbrs	r14, 3
 6c8:	11 91       	ld	r17, Z+
 6ca:	ef 01       	movw	r28, r30
 6cc:	18 36       	cpi	r17, 0x68	; 104
 6ce:	41 f4       	brne	.+16     	; 0x6e0 <vfscanf+0xee>
 6d0:	08 60       	ori	r16, 0x08	; 8
 6d2:	04 60       	ori	r16, 0x04	; 4
 6d4:	fe 01       	movw	r30, r28
 6d6:	e3 fc       	sbrc	r14, 3
 6d8:	15 91       	lpm	r17, Z+
 6da:	e3 fe       	sbrs	r14, 3
 6dc:	11 91       	ld	r17, Z+
 6de:	ef 01       	movw	r28, r30
 6e0:	11 23       	and	r17, r17
 6e2:	09 f4       	brne	.+2      	; 0x6e6 <vfscanf+0xf4>
 6e4:	8d c0       	rjmp	.+282    	; 0x800 <__DATA_REGION_LENGTH__>
 6e6:	61 2f       	mov	r22, r17
 6e8:	70 e0       	ldi	r23, 0x00	; 0
 6ea:	88 e6       	ldi	r24, 0x68	; 104
 6ec:	90 e0       	ldi	r25, 0x00	; 0
 6ee:	0e 94 13 04 	call	0x826	; 0x826 <strchr_P>
 6f2:	89 2b       	or	r24, r25
 6f4:	09 f4       	brne	.+2      	; 0x6f8 <vfscanf+0x106>
 6f6:	84 c0       	rjmp	.+264    	; 0x800 <__DATA_REGION_LENGTH__>
 6f8:	00 fd       	sbrc	r16, 0
 6fa:	07 c0       	rjmp	.+14     	; 0x70a <vfscanf+0x118>
 6fc:	f5 01       	movw	r30, r10
 6fe:	80 80       	ld	r8, Z
 700:	91 80       	ldd	r9, Z+1	; 0x01
 702:	c5 01       	movw	r24, r10
 704:	02 96       	adiw	r24, 0x02	; 2
 706:	5c 01       	movw	r10, r24
 708:	02 c0       	rjmp	.+4      	; 0x70e <vfscanf+0x11c>
 70a:	81 2c       	mov	r8, r1
 70c:	91 2c       	mov	r9, r1
 70e:	1e 36       	cpi	r17, 0x6E	; 110
 710:	51 f4       	brne	.+20     	; 0x726 <vfscanf+0x134>
 712:	f6 01       	movw	r30, r12
 714:	46 81       	ldd	r20, Z+6	; 0x06
 716:	57 81       	ldd	r21, Z+7	; 0x07
 718:	60 e0       	ldi	r22, 0x00	; 0
 71a:	70 e0       	ldi	r23, 0x00	; 0
 71c:	20 2f       	mov	r18, r16
 71e:	c4 01       	movw	r24, r8
 720:	0e 94 5d 01 	call	0x2ba	; 0x2ba <putval>
 724:	73 cf       	rjmp	.-282    	; 0x60c <vfscanf+0x1a>
 726:	13 36       	cpi	r17, 0x63	; 99
 728:	a9 f4       	brne	.+42     	; 0x754 <vfscanf+0x162>
 72a:	01 fd       	sbrc	r16, 1
 72c:	02 c0       	rjmp	.+4      	; 0x732 <vfscanf+0x140>
 72e:	ff 24       	eor	r15, r15
 730:	f3 94       	inc	r15
 732:	c6 01       	movw	r24, r12
 734:	0e 94 1e 04 	call	0x83c	; 0x83c <fgetc>
 738:	97 fd       	sbrc	r25, 7
 73a:	60 c0       	rjmp	.+192    	; 0x7fc <vfscanf+0x20a>
 73c:	81 14       	cp	r8, r1
 73e:	91 04       	cpc	r9, r1
 740:	29 f0       	breq	.+10     	; 0x74c <vfscanf+0x15a>
 742:	f4 01       	movw	r30, r8
 744:	80 83       	st	Z, r24
 746:	c4 01       	movw	r24, r8
 748:	01 96       	adiw	r24, 0x01	; 1
 74a:	4c 01       	movw	r8, r24
 74c:	fa 94       	dec	r15
 74e:	f1 10       	cpse	r15, r1
 750:	f0 cf       	rjmp	.-32     	; 0x732 <vfscanf+0x140>
 752:	50 c0       	rjmp	.+160    	; 0x7f4 <vfscanf+0x202>
 754:	1b 35       	cpi	r17, 0x5B	; 91
 756:	59 f4       	brne	.+22     	; 0x76e <vfscanf+0x17c>
 758:	9e 01       	movw	r18, r28
 75a:	a4 01       	movw	r20, r8
 75c:	6f 2d       	mov	r22, r15
 75e:	c6 01       	movw	r24, r12
 760:	0e 94 3b 02 	call	0x476	; 0x476 <conv_brk>
 764:	ec 01       	movw	r28, r24
 766:	89 2b       	or	r24, r25
 768:	09 f0       	breq	.+2      	; 0x76c <vfscanf+0x17a>
 76a:	44 c0       	rjmp	.+136    	; 0x7f4 <vfscanf+0x202>
 76c:	3e c0       	rjmp	.+124    	; 0x7ea <vfscanf+0x1f8>
 76e:	c6 01       	movw	r24, r12
 770:	0e 94 90 01 	call	0x320	; 0x320 <skip_spaces>
 774:	97 fd       	sbrc	r25, 7
 776:	42 c0       	rjmp	.+132    	; 0x7fc <vfscanf+0x20a>
 778:	1f 36       	cpi	r17, 0x6F	; 111
 77a:	61 f1       	breq	.+88     	; 0x7d4 <vfscanf+0x1e2>
 77c:	28 f4       	brcc	.+10     	; 0x788 <vfscanf+0x196>
 77e:	14 36       	cpi	r17, 0x64	; 100
 780:	39 f1       	breq	.+78     	; 0x7d0 <vfscanf+0x1de>
 782:	19 36       	cpi	r17, 0x69	; 105
 784:	51 f1       	breq	.+84     	; 0x7da <vfscanf+0x1e8>
 786:	28 c0       	rjmp	.+80     	; 0x7d8 <vfscanf+0x1e6>
 788:	13 37       	cpi	r17, 0x73	; 115
 78a:	71 f0       	breq	.+28     	; 0x7a8 <vfscanf+0x1b6>
 78c:	15 37       	cpi	r17, 0x75	; 117
 78e:	01 f1       	breq	.+64     	; 0x7d0 <vfscanf+0x1de>
 790:	23 c0       	rjmp	.+70     	; 0x7d8 <vfscanf+0x1e6>
 792:	81 14       	cp	r8, r1
 794:	91 04       	cpc	r9, r1
 796:	29 f0       	breq	.+10     	; 0x7a2 <vfscanf+0x1b0>
 798:	f4 01       	movw	r30, r8
 79a:	60 82       	st	Z, r6
 79c:	c4 01       	movw	r24, r8
 79e:	01 96       	adiw	r24, 0x01	; 1
 7a0:	4c 01       	movw	r8, r24
 7a2:	fa 94       	dec	r15
 7a4:	ff 20       	and	r15, r15
 7a6:	71 f0       	breq	.+28     	; 0x7c4 <vfscanf+0x1d2>
 7a8:	c6 01       	movw	r24, r12
 7aa:	0e 94 1e 04 	call	0x83c	; 0x83c <fgetc>
 7ae:	3c 01       	movw	r6, r24
 7b0:	97 fd       	sbrc	r25, 7
 7b2:	08 c0       	rjmp	.+16     	; 0x7c4 <vfscanf+0x1d2>
 7b4:	0e 94 0a 04 	call	0x814	; 0x814 <isspace>
 7b8:	89 2b       	or	r24, r25
 7ba:	59 f3       	breq	.-42     	; 0x792 <vfscanf+0x1a0>
 7bc:	b6 01       	movw	r22, r12
 7be:	c3 01       	movw	r24, r6
 7c0:	0e 94 5c 04 	call	0x8b8	; 0x8b8 <ungetc>
 7c4:	81 14       	cp	r8, r1
 7c6:	91 04       	cpc	r9, r1
 7c8:	a9 f0       	breq	.+42     	; 0x7f4 <vfscanf+0x202>
 7ca:	f4 01       	movw	r30, r8
 7cc:	10 82       	st	Z, r1
 7ce:	12 c0       	rjmp	.+36     	; 0x7f4 <vfscanf+0x202>
 7d0:	00 62       	ori	r16, 0x20	; 32
 7d2:	03 c0       	rjmp	.+6      	; 0x7da <vfscanf+0x1e8>
 7d4:	00 61       	ori	r16, 0x10	; 16
 7d6:	01 c0       	rjmp	.+2      	; 0x7da <vfscanf+0x1e8>
 7d8:	00 64       	ori	r16, 0x40	; 64
 7da:	20 2f       	mov	r18, r16
 7dc:	a4 01       	movw	r20, r8
 7de:	6f 2d       	mov	r22, r15
 7e0:	c6 01       	movw	r24, r12
 7e2:	0e 94 a9 01 	call	0x352	; 0x352 <conv_int>
 7e6:	81 11       	cpse	r24, r1
 7e8:	05 c0       	rjmp	.+10     	; 0x7f4 <vfscanf+0x202>
 7ea:	f6 01       	movw	r30, r12
 7ec:	83 81       	ldd	r24, Z+3	; 0x03
 7ee:	80 73       	andi	r24, 0x30	; 48
 7f0:	29 f4       	brne	.+10     	; 0x7fc <vfscanf+0x20a>
 7f2:	06 c0       	rjmp	.+12     	; 0x800 <__DATA_REGION_LENGTH__>
 7f4:	00 fd       	sbrc	r16, 0
 7f6:	0a cf       	rjmp	.-492    	; 0x60c <vfscanf+0x1a>
 7f8:	53 94       	inc	r5
 7fa:	08 cf       	rjmp	.-496    	; 0x60c <vfscanf+0x1a>
 7fc:	55 20       	and	r5, r5
 7fe:	19 f0       	breq	.+6      	; 0x806 <__DATA_REGION_LENGTH__+0x6>
 800:	85 2d       	mov	r24, r5
 802:	90 e0       	ldi	r25, 0x00	; 0
 804:	02 c0       	rjmp	.+4      	; 0x80a <__DATA_REGION_LENGTH__+0xa>
 806:	8f ef       	ldi	r24, 0xFF	; 255
 808:	9f ef       	ldi	r25, 0xFF	; 255
 80a:	cd b7       	in	r28, 0x3d	; 61
 80c:	de b7       	in	r29, 0x3e	; 62
 80e:	ef e0       	ldi	r30, 0x0F	; 15
 810:	0c 94 97 04 	jmp	0x92e	; 0x92e <__epilogue_restores__+0x6>

00000814 <isspace>:
 814:	91 11       	cpse	r25, r1
 816:	0c 94 75 04 	jmp	0x8ea	; 0x8ea <__ctype_isfalse>
 81a:	80 32       	cpi	r24, 0x20	; 32
 81c:	19 f0       	breq	.+6      	; 0x824 <isspace+0x10>
 81e:	89 50       	subi	r24, 0x09	; 9
 820:	85 50       	subi	r24, 0x05	; 5
 822:	c8 f7       	brcc	.-14     	; 0x816 <isspace+0x2>
 824:	08 95       	ret

00000826 <strchr_P>:
 826:	fc 01       	movw	r30, r24
 828:	05 90       	lpm	r0, Z+
 82a:	06 16       	cp	r0, r22
 82c:	21 f0       	breq	.+8      	; 0x836 <strchr_P+0x10>
 82e:	00 20       	and	r0, r0
 830:	d9 f7       	brne	.-10     	; 0x828 <strchr_P+0x2>
 832:	c0 01       	movw	r24, r0
 834:	08 95       	ret
 836:	31 97       	sbiw	r30, 0x01	; 1
 838:	cf 01       	movw	r24, r30
 83a:	08 95       	ret

0000083c <fgetc>:
 83c:	cf 93       	push	r28
 83e:	df 93       	push	r29
 840:	ec 01       	movw	r28, r24
 842:	2b 81       	ldd	r18, Y+3	; 0x03
 844:	20 ff       	sbrs	r18, 0
 846:	33 c0       	rjmp	.+102    	; 0x8ae <fgetc+0x72>
 848:	26 ff       	sbrs	r18, 6
 84a:	0a c0       	rjmp	.+20     	; 0x860 <fgetc+0x24>
 84c:	2f 7b       	andi	r18, 0xBF	; 191
 84e:	2b 83       	std	Y+3, r18	; 0x03
 850:	8e 81       	ldd	r24, Y+6	; 0x06
 852:	9f 81       	ldd	r25, Y+7	; 0x07
 854:	01 96       	adiw	r24, 0x01	; 1
 856:	9f 83       	std	Y+7, r25	; 0x07
 858:	8e 83       	std	Y+6, r24	; 0x06
 85a:	8a 81       	ldd	r24, Y+2	; 0x02
 85c:	90 e0       	ldi	r25, 0x00	; 0
 85e:	29 c0       	rjmp	.+82     	; 0x8b2 <fgetc+0x76>
 860:	22 ff       	sbrs	r18, 2
 862:	0f c0       	rjmp	.+30     	; 0x882 <fgetc+0x46>
 864:	e8 81       	ld	r30, Y
 866:	f9 81       	ldd	r31, Y+1	; 0x01
 868:	80 81       	ld	r24, Z
 86a:	08 2e       	mov	r0, r24
 86c:	00 0c       	add	r0, r0
 86e:	99 0b       	sbc	r25, r25
 870:	00 97       	sbiw	r24, 0x00	; 0
 872:	19 f4       	brne	.+6      	; 0x87a <fgetc+0x3e>
 874:	20 62       	ori	r18, 0x20	; 32
 876:	2b 83       	std	Y+3, r18	; 0x03
 878:	1a c0       	rjmp	.+52     	; 0x8ae <fgetc+0x72>
 87a:	31 96       	adiw	r30, 0x01	; 1
 87c:	f9 83       	std	Y+1, r31	; 0x01
 87e:	e8 83       	st	Y, r30
 880:	0e c0       	rjmp	.+28     	; 0x89e <fgetc+0x62>
 882:	ea 85       	ldd	r30, Y+10	; 0x0a
 884:	fb 85       	ldd	r31, Y+11	; 0x0b
 886:	09 95       	icall
 888:	97 ff       	sbrs	r25, 7
 88a:	09 c0       	rjmp	.+18     	; 0x89e <fgetc+0x62>
 88c:	2b 81       	ldd	r18, Y+3	; 0x03
 88e:	01 96       	adiw	r24, 0x01	; 1
 890:	11 f0       	breq	.+4      	; 0x896 <fgetc+0x5a>
 892:	80 e2       	ldi	r24, 0x20	; 32
 894:	01 c0       	rjmp	.+2      	; 0x898 <fgetc+0x5c>
 896:	80 e1       	ldi	r24, 0x10	; 16
 898:	82 2b       	or	r24, r18
 89a:	8b 83       	std	Y+3, r24	; 0x03
 89c:	08 c0       	rjmp	.+16     	; 0x8ae <fgetc+0x72>
 89e:	2e 81       	ldd	r18, Y+6	; 0x06
 8a0:	3f 81       	ldd	r19, Y+7	; 0x07
 8a2:	2f 5f       	subi	r18, 0xFF	; 255
 8a4:	3f 4f       	sbci	r19, 0xFF	; 255
 8a6:	3f 83       	std	Y+7, r19	; 0x07
 8a8:	2e 83       	std	Y+6, r18	; 0x06
 8aa:	99 27       	eor	r25, r25
 8ac:	02 c0       	rjmp	.+4      	; 0x8b2 <fgetc+0x76>
 8ae:	8f ef       	ldi	r24, 0xFF	; 255
 8b0:	9f ef       	ldi	r25, 0xFF	; 255
 8b2:	df 91       	pop	r29
 8b4:	cf 91       	pop	r28
 8b6:	08 95       	ret

000008b8 <ungetc>:
 8b8:	fb 01       	movw	r30, r22
 8ba:	23 81       	ldd	r18, Z+3	; 0x03
 8bc:	20 ff       	sbrs	r18, 0
 8be:	12 c0       	rjmp	.+36     	; 0x8e4 <ungetc+0x2c>
 8c0:	26 fd       	sbrc	r18, 6
 8c2:	10 c0       	rjmp	.+32     	; 0x8e4 <ungetc+0x2c>
 8c4:	8f 3f       	cpi	r24, 0xFF	; 255
 8c6:	3f ef       	ldi	r19, 0xFF	; 255
 8c8:	93 07       	cpc	r25, r19
 8ca:	61 f0       	breq	.+24     	; 0x8e4 <ungetc+0x2c>
 8cc:	82 83       	std	Z+2, r24	; 0x02
 8ce:	2f 7d       	andi	r18, 0xDF	; 223
 8d0:	20 64       	ori	r18, 0x40	; 64
 8d2:	23 83       	std	Z+3, r18	; 0x03
 8d4:	26 81       	ldd	r18, Z+6	; 0x06
 8d6:	37 81       	ldd	r19, Z+7	; 0x07
 8d8:	21 50       	subi	r18, 0x01	; 1
 8da:	31 09       	sbc	r19, r1
 8dc:	37 83       	std	Z+7, r19	; 0x07
 8de:	26 83       	std	Z+6, r18	; 0x06
 8e0:	99 27       	eor	r25, r25
 8e2:	08 95       	ret
 8e4:	8f ef       	ldi	r24, 0xFF	; 255
 8e6:	9f ef       	ldi	r25, 0xFF	; 255
 8e8:	08 95       	ret

000008ea <__ctype_isfalse>:
 8ea:	99 27       	eor	r25, r25
 8ec:	88 27       	eor	r24, r24

000008ee <__ctype_istrue>:
 8ee:	08 95       	ret

000008f0 <__prologue_saves__>:
 8f0:	2f 92       	push	r2
 8f2:	3f 92       	push	r3
 8f4:	4f 92       	push	r4
 8f6:	5f 92       	push	r5
 8f8:	6f 92       	push	r6
 8fa:	7f 92       	push	r7
 8fc:	8f 92       	push	r8
 8fe:	9f 92       	push	r9
 900:	af 92       	push	r10
 902:	bf 92       	push	r11
 904:	cf 92       	push	r12
 906:	df 92       	push	r13
 908:	ef 92       	push	r14
 90a:	ff 92       	push	r15
 90c:	0f 93       	push	r16
 90e:	1f 93       	push	r17
 910:	cf 93       	push	r28
 912:	df 93       	push	r29
 914:	cd b7       	in	r28, 0x3d	; 61
 916:	de b7       	in	r29, 0x3e	; 62
 918:	ca 1b       	sub	r28, r26
 91a:	db 0b       	sbc	r29, r27
 91c:	0f b6       	in	r0, 0x3f	; 63
 91e:	f8 94       	cli
 920:	de bf       	out	0x3e, r29	; 62
 922:	0f be       	out	0x3f, r0	; 63
 924:	cd bf       	out	0x3d, r28	; 61
 926:	09 94       	ijmp

00000928 <__epilogue_restores__>:
 928:	2a 88       	ldd	r2, Y+18	; 0x12
 92a:	39 88       	ldd	r3, Y+17	; 0x11
 92c:	48 88       	ldd	r4, Y+16	; 0x10
 92e:	5f 84       	ldd	r5, Y+15	; 0x0f
 930:	6e 84       	ldd	r6, Y+14	; 0x0e
 932:	7d 84       	ldd	r7, Y+13	; 0x0d
 934:	8c 84       	ldd	r8, Y+12	; 0x0c
 936:	9b 84       	ldd	r9, Y+11	; 0x0b
 938:	aa 84       	ldd	r10, Y+10	; 0x0a
 93a:	b9 84       	ldd	r11, Y+9	; 0x09
 93c:	c8 84       	ldd	r12, Y+8	; 0x08
 93e:	df 80       	ldd	r13, Y+7	; 0x07
 940:	ee 80       	ldd	r14, Y+6	; 0x06
 942:	fd 80       	ldd	r15, Y+5	; 0x05
 944:	0c 81       	ldd	r16, Y+4	; 0x04
 946:	1b 81       	ldd	r17, Y+3	; 0x03
 948:	aa 81       	ldd	r26, Y+2	; 0x02
 94a:	b9 81       	ldd	r27, Y+1	; 0x01
 94c:	ce 0f       	add	r28, r30
 94e:	d1 1d       	adc	r29, r1
 950:	0f b6       	in	r0, 0x3f	; 63
 952:	f8 94       	cli
 954:	de bf       	out	0x3e, r29	; 62
 956:	0f be       	out	0x3f, r0	; 63
 958:	cd bf       	out	0x3d, r28	; 61
 95a:	ed 01       	movw	r28, r26
 95c:	08 95       	ret

0000095e <_exit>:
 95e:	f8 94       	cli

00000960 <__stop_program>:
 960:	ff cf       	rjmp	.-2      	; 0x960 <__stop_program>
