
Merging program properties

Removed property 0xc0000002 to merge /usr/lib/gcc/x86_64-linux-gnu/12/../../../x86_64-linux-gnu/Scrt1.o (not found) and /usr/lib/gcc/x86_64-linux-gnu/12/crtbeginS.o (0x3)
Removed property 0xc0000002 to merge /usr/lib/gcc/x86_64-linux-gnu/12/../../../x86_64-linux-gnu/Scrt1.o (not found) and /usr/lib/gcc/x86_64-linux-gnu/12/crtendS.o (0x3)

As-needed library included to satisfy reference by file (symbol)

libc.so.6                     ropex.o (fgetc@@GLIBC_2.2.5)

Discarded input sections

 .note.GNU-stack
                0x0000000000000000        0x0 /usr/lib/gcc/x86_64-linux-gnu/12/../../../x86_64-linux-gnu/Scrt1.o
 .note.GNU-stack
                0x0000000000000000        0x0 /usr/lib/gcc/x86_64-linux-gnu/12/../../../x86_64-linux-gnu/crti.o
 .note.GNU-stack
                0x0000000000000000        0x0 /usr/lib/gcc/x86_64-linux-gnu/12/crtbeginS.o
 .note.gnu.property
                0x0000000000000000       0x20 /usr/lib/gcc/x86_64-linux-gnu/12/crtbeginS.o
 .note.GNU-stack
                0x0000000000000000        0x0 ropex.o
 .note.GNU-stack
                0x0000000000000000        0x0 /usr/lib/gcc/x86_64-linux-gnu/12/crtendS.o
 .note.gnu.property
                0x0000000000000000       0x20 /usr/lib/gcc/x86_64-linux-gnu/12/crtendS.o
 .note.GNU-stack
                0x0000000000000000        0x0 /usr/lib/gcc/x86_64-linux-gnu/12/../../../x86_64-linux-gnu/crtn.o

Memory Configuration

Name             Origin             Length             Attributes
*default*        0x0000000000000000 0xffffffffffffffff

Linker script and memory map

LOAD /usr/lib/gcc/x86_64-linux-gnu/12/../../../x86_64-linux-gnu/Scrt1.o
LOAD /usr/lib/gcc/x86_64-linux-gnu/12/../../../x86_64-linux-gnu/crti.o
LOAD /usr/lib/gcc/x86_64-linux-gnu/12/crtbeginS.o
LOAD ropex.o
LOAD gadget.o
LOAD /usr/lib/gcc/x86_64-linux-gnu/12/libgcc.a
LOAD /usr/lib/gcc/x86_64-linux-gnu/12/libgcc_s.so
START GROUP
LOAD /usr/lib/gcc/x86_64-linux-gnu/12/../../../x86_64-linux-gnu/libgcc_s.so.1
LOAD /usr/lib/gcc/x86_64-linux-gnu/12/libgcc.a
END GROUP
LOAD /usr/lib/gcc/x86_64-linux-gnu/12/../../../x86_64-linux-gnu/libc.so
START GROUP
LOAD /lib/x86_64-linux-gnu/libc.so.6
LOAD /usr/lib/x86_64-linux-gnu/libc_nonshared.a
LOAD /lib64/ld-linux-x86-64.so.2
END GROUP
LOAD /usr/lib/gcc/x86_64-linux-gnu/12/libgcc.a
LOAD /usr/lib/gcc/x86_64-linux-gnu/12/libgcc_s.so
START GROUP
LOAD /usr/lib/gcc/x86_64-linux-gnu/12/../../../x86_64-linux-gnu/libgcc_s.so.1
LOAD /usr/lib/gcc/x86_64-linux-gnu/12/libgcc.a
END GROUP
LOAD /usr/lib/gcc/x86_64-linux-gnu/12/crtendS.o
LOAD /usr/lib/gcc/x86_64-linux-gnu/12/../../../x86_64-linux-gnu/crtn.o
                [!provide]                        PROVIDE (__executable_start = SEGMENT_START ("text-segment", 0x0))
                0x0000000000000318                . = (SEGMENT_START ("text-segment", 0x0) + SIZEOF_HEADERS)

.interp         0x0000000000000318       0x1c
 *(.interp)
 .interp        0x0000000000000318       0x1c /usr/lib/gcc/x86_64-linux-gnu/12/../../../x86_64-linux-gnu/Scrt1.o

.note.gnu.property
                0x0000000000000338       0x20
 .note.gnu.property
                0x0000000000000338       0x20 /usr/lib/gcc/x86_64-linux-gnu/12/../../../x86_64-linux-gnu/Scrt1.o

.note.gnu.build-id
                0x0000000000000358       0x24
 *(.note.gnu.build-id)
 .note.gnu.build-id
                0x0000000000000358       0x24 /usr/lib/gcc/x86_64-linux-gnu/12/../../../x86_64-linux-gnu/Scrt1.o

.note.ABI-tag   0x000000000000037c       0x20
 .note.ABI-tag  0x000000000000037c       0x20 /usr/lib/gcc/x86_64-linux-gnu/12/../../../x86_64-linux-gnu/Scrt1.o

.hash
 *(.hash)

.gnu.hash       0x00000000000003a0       0x30
 *(.gnu.hash)
 .gnu.hash      0x00000000000003a0       0x30 /usr/lib/gcc/x86_64-linux-gnu/12/../../../x86_64-linux-gnu/Scrt1.o

.dynsym         0x00000000000003d0      0x138
 *(.dynsym)
 .dynsym        0x00000000000003d0      0x138 /usr/lib/gcc/x86_64-linux-gnu/12/../../../x86_64-linux-gnu/Scrt1.o

.dynstr         0x0000000000000508       0xc9
 *(.dynstr)
 .dynstr        0x0000000000000508       0xc9 /usr/lib/gcc/x86_64-linux-gnu/12/../../../x86_64-linux-gnu/Scrt1.o

.gnu.version    0x00000000000005d2       0x1a
 *(.gnu.version)
 .gnu.version   0x00000000000005d2       0x1a /usr/lib/gcc/x86_64-linux-gnu/12/../../../x86_64-linux-gnu/Scrt1.o

.gnu.version_d  0x00000000000005f0        0x0
 *(.gnu.version_d)
 .gnu.version_d
                0x00000000000005f0        0x0 /usr/lib/gcc/x86_64-linux-gnu/12/../../../x86_64-linux-gnu/Scrt1.o

.gnu.version_r  0x00000000000005f0       0x40
 *(.gnu.version_r)
 .gnu.version_r
                0x00000000000005f0       0x40 /usr/lib/gcc/x86_64-linux-gnu/12/../../../x86_64-linux-gnu/Scrt1.o

.rela.dyn       0x0000000000000630       0xf0
 *(.rela.init)
 *(.rela.text .rela.text.* .rela.gnu.linkonce.t.*)
 .rela.text     0x0000000000000630        0x0 /usr/lib/gcc/x86_64-linux-gnu/12/../../../x86_64-linux-gnu/Scrt1.o
 *(.rela.fini)
 *(.rela.rodata .rela.rodata.* .rela.gnu.linkonce.r.*)
 *(.rela.data .rela.data.* .rela.gnu.linkonce.d.*)
 .rela.data.rel.ro
                0x0000000000000630        0x0 /usr/lib/gcc/x86_64-linux-gnu/12/../../../x86_64-linux-gnu/Scrt1.o
 .rela.data.rel.local
                0x0000000000000630       0x18 /usr/lib/gcc/x86_64-linux-gnu/12/../../../x86_64-linux-gnu/Scrt1.o
 *(.rela.tdata .rela.tdata.* .rela.gnu.linkonce.td.*)
 *(.rela.tbss .rela.tbss.* .rela.gnu.linkonce.tb.*)
 *(.rela.ctors)
 *(.rela.dtors)
 *(.rela.got)
 .rela.got      0x0000000000000648       0x78 /usr/lib/gcc/x86_64-linux-gnu/12/../../../x86_64-linux-gnu/Scrt1.o
 *(.rela.bss .rela.bss.* .rela.gnu.linkonce.b.*)
 .rela.bss      0x00000000000006c0       0x30 /usr/lib/gcc/x86_64-linux-gnu/12/../../../x86_64-linux-gnu/Scrt1.o
 *(.rela.ldata .rela.ldata.* .rela.gnu.linkonce.l.*)
 *(.rela.lbss .rela.lbss.* .rela.gnu.linkonce.lb.*)
 *(.rela.lrodata .rela.lrodata.* .rela.gnu.linkonce.lr.*)
 *(.rela.ifunc)
 .rela.ifunc    0x00000000000006f0        0x0 /usr/lib/gcc/x86_64-linux-gnu/12/../../../x86_64-linux-gnu/Scrt1.o
 .rela.fini_array
                0x00000000000006f0       0x18 /usr/lib/gcc/x86_64-linux-gnu/12/../../../x86_64-linux-gnu/Scrt1.o
 .rela.init_array
                0x0000000000000708       0x18 /usr/lib/gcc/x86_64-linux-gnu/12/../../../x86_64-linux-gnu/Scrt1.o

.rela.plt       0x0000000000000720       0x78
 *(.rela.plt)
 .rela.plt      0x0000000000000720       0x78 /usr/lib/gcc/x86_64-linux-gnu/12/../../../x86_64-linux-gnu/Scrt1.o
 *(.rela.iplt)

.relr.dyn
 *(.relr.dyn)
                0x0000000000001000                . = ALIGN (CONSTANT (MAXPAGESIZE))

.init           0x0000000000001000       0x17
 *(SORT_NONE(.init))
 .init          0x0000000000001000       0x12 /usr/lib/gcc/x86_64-linux-gnu/12/../../../x86_64-linux-gnu/crti.o
                0x0000000000001000                _init
 .init          0x0000000000001012        0x5 /usr/lib/gcc/x86_64-linux-gnu/12/../../../x86_64-linux-gnu/crtn.o

.plt            0x0000000000001020       0x60
 *(.plt)
 .plt           0x0000000000001020       0x60 /usr/lib/gcc/x86_64-linux-gnu/12/../../../x86_64-linux-gnu/Scrt1.o
                0x0000000000001030                puts@@GLIBC_2.2.5
                0x0000000000001040                __stack_chk_fail@@GLIBC_2.4
                0x0000000000001050                fgetc@@GLIBC_2.2.5
                0x0000000000001060                fprintf@@GLIBC_2.2.5
                0x0000000000001070                fopen@@GLIBC_2.2.5
 *(.iplt)

.plt.got        0x0000000000001080        0x8
 *(.plt.got)
 .plt.got       0x0000000000001080        0x8 /usr/lib/gcc/x86_64-linux-gnu/12/../../../x86_64-linux-gnu/Scrt1.o
                0x0000000000001080                __cxa_finalize@@GLIBC_2.2.5

.plt.sec
 *(.plt.sec)

.text           0x0000000000001090      0x1d0
 *(.text.unlikely .text.*_unlikely .text.unlikely.*)
 *(.text.exit .text.exit.*)
 *(.text.startup .text.startup.*)
 *(.text.hot .text.hot.*)
 *(SORT_BY_NAME(.text.sorted.*))
 *(.text .stub .text.* .gnu.linkonce.t.*)
 .text          0x0000000000001090       0x22 /usr/lib/gcc/x86_64-linux-gnu/12/../../../x86_64-linux-gnu/Scrt1.o
                0x0000000000001090                _start
 .text          0x00000000000010b2        0x0 /usr/lib/gcc/x86_64-linux-gnu/12/../../../x86_64-linux-gnu/crti.o
 *fill*         0x00000000000010b2        0xe 
 .text          0x00000000000010c0       0xb9 /usr/lib/gcc/x86_64-linux-gnu/12/crtbeginS.o
 .text          0x0000000000001179       0xce ropex.o
                0x0000000000001179                readline
                0x00000000000011af                echo
                0x00000000000011f2                main
 .text          0x0000000000001247       0x19 gadget.o
                0x0000000000001247                gadget
 .text          0x0000000000001260        0x0 /usr/lib/gcc/x86_64-linux-gnu/12/crtendS.o
 .text          0x0000000000001260        0x0 /usr/lib/gcc/x86_64-linux-gnu/12/../../../x86_64-linux-gnu/crtn.o
 *(.gnu.warning)

.fini           0x0000000000001260        0x9
 *(SORT_NONE(.fini))
 .fini          0x0000000000001260        0x4 /usr/lib/gcc/x86_64-linux-gnu/12/../../../x86_64-linux-gnu/crti.o
                0x0000000000001260                _fini
 .fini          0x0000000000001264        0x5 /usr/lib/gcc/x86_64-linux-gnu/12/../../../x86_64-linux-gnu/crtn.o
                [!provide]                        PROVIDE (__etext = .)
                [!provide]                        PROVIDE (_etext = .)
                [!provide]                        PROVIDE (etext = .)
                0x0000000000002000                . = ALIGN (CONSTANT (MAXPAGESIZE))
                0x0000000000002000                . = SEGMENT_START ("rodata-segment", (ALIGN (CONSTANT (MAXPAGESIZE)) + (. & (CONSTANT (MAXPAGESIZE) - 0x1))))

.rodata         0x0000000000002000       0x15
 *(.rodata .rodata.* .gnu.linkonce.r.*)
 .rodata.cst4   0x0000000000002000        0x4 /usr/lib/gcc/x86_64-linux-gnu/12/../../../x86_64-linux-gnu/Scrt1.o
                0x0000000000002000                _IO_stdin_used
 .rodata.str1.1
                0x0000000000002004       0x11 ropex.o

.rodata1
 *(.rodata1)

.eh_frame_hdr   0x0000000000002018       0x24
 *(.eh_frame_hdr)
 .eh_frame_hdr  0x0000000000002018       0x24 /usr/lib/gcc/x86_64-linux-gnu/12/../../../x86_64-linux-gnu/Scrt1.o
                0x0000000000002018                __GNU_EH_FRAME_HDR
 *(.eh_frame_entry .eh_frame_entry.*)

.eh_frame       0x0000000000002040       0x88
 *(.eh_frame)
 .eh_frame      0x0000000000002040       0x30 /usr/lib/gcc/x86_64-linux-gnu/12/../../../x86_64-linux-gnu/Scrt1.o
                                         0x2c (size before relaxing)
 *fill*         0x0000000000002070        0x0 
 .eh_frame      0x0000000000002070       0x40 /usr/lib/gcc/x86_64-linux-gnu/12/../../../x86_64-linux-gnu/Scrt1.o
 .eh_frame      0x00000000000020b0       0x14 /usr/lib/gcc/x86_64-linux-gnu/12/../../../x86_64-linux-gnu/Scrt1.o
                                         0x30 (size before relaxing)
 .eh_frame      0x00000000000020c4        0x4 /usr/lib/gcc/x86_64-linux-gnu/12/crtendS.o
 *(.eh_frame.*)

.sframe         0x00000000000020c8        0x0
 *(.sframe)
 .sframe        0x00000000000020c8        0x0 /usr/lib/gcc/x86_64-linux-gnu/12/../../../x86_64-linux-gnu/Scrt1.o
 *(.sframe.*)

.gcc_except_table
 *(.gcc_except_table .gcc_except_table.*)

.gnu_extab
 *(.gnu_extab*)

.exception_ranges
 *(.exception_ranges*)
                0x0000000000003dd0                . = DATA_SEGMENT_ALIGN (CONSTANT (MAXPAGESIZE), CONSTANT (COMMONPAGESIZE))

.eh_frame
 *(.eh_frame)
 *(.eh_frame.*)

.sframe
 *(.sframe)
 *(.sframe.*)

.gnu_extab
 *(.gnu_extab)

.gcc_except_table
 *(.gcc_except_table .gcc_except_table.*)

.exception_ranges
 *(.exception_ranges*)

.tdata          0x0000000000003dd0        0x0
                [!provide]                        PROVIDE (__tdata_start = .)
 *(.tdata .tdata.* .gnu.linkonce.td.*)

.tbss
 *(.tbss .tbss.* .gnu.linkonce.tb.*)
 *(.tcommon)

.preinit_array  0x0000000000003dd0        0x0
                [!provide]                        PROVIDE (__preinit_array_start = .)
 *(.preinit_array)
                [!provide]                        PROVIDE (__preinit_array_end = .)

.init_array     0x0000000000003dd0        0x8
                [!provide]                        PROVIDE (__init_array_start = .)
 *(SORT_BY_INIT_PRIORITY(.init_array.*) SORT_BY_INIT_PRIORITY(.ctors.*))
 *(.init_array EXCLUDE_FILE(*crtend?.o *crtend.o *crtbegin?.o *crtbegin.o) .ctors)
 .init_array    0x0000000000003dd0        0x8 /usr/lib/gcc/x86_64-linux-gnu/12/crtbeginS.o
                [!provide]                        PROVIDE (__init_array_end = .)

.fini_array     0x0000000000003dd8        0x8
                [!provide]                        PROVIDE (__fini_array_start = .)
 *(SORT_BY_INIT_PRIORITY(.fini_array.*) SORT_BY_INIT_PRIORITY(.dtors.*))
 *(.fini_array EXCLUDE_FILE(*crtend?.o *crtend.o *crtbegin?.o *crtbegin.o) .dtors)
 .fini_array    0x0000000000003dd8        0x8 /usr/lib/gcc/x86_64-linux-gnu/12/crtbeginS.o
                [!provide]                        PROVIDE (__fini_array_end = .)

.ctors
 *crtbegin.o(.ctors)
 *crtbegin?.o(.ctors)
 *(EXCLUDE_FILE(*crtend?.o *crtend.o) .ctors)
 *(SORT_BY_NAME(.ctors.*))
 *(.ctors)

.dtors
 *crtbegin.o(.dtors)
 *crtbegin?.o(.dtors)
 *(EXCLUDE_FILE(*crtend?.o *crtend.o) .dtors)
 *(SORT_BY_NAME(.dtors.*))
 *(.dtors)

.jcr
 *(.jcr)

.data.rel.ro    0x0000000000003de0        0x0
 *(.data.rel.ro.local* .gnu.linkonce.d.rel.ro.local.*)
 *(.data.rel.ro .data.rel.ro.* .gnu.linkonce.d.rel.ro.*)
 .data.rel.ro   0x0000000000003de0        0x0 /usr/lib/gcc/x86_64-linux-gnu/12/../../../x86_64-linux-gnu/Scrt1.o

.dynamic        0x0000000000003de0      0x1e0
 *(.dynamic)
 .dynamic       0x0000000000003de0      0x1e0 /usr/lib/gcc/x86_64-linux-gnu/12/../../../x86_64-linux-gnu/Scrt1.o
                0x0000000000003de0                _DYNAMIC

.got            0x0000000000003fc0       0x28
 *(.got)
 .got           0x0000000000003fc0       0x28 /usr/lib/gcc/x86_64-linux-gnu/12/../../../x86_64-linux-gnu/Scrt1.o
 *(.igot)
                0x0000000000003fe8                . = DATA_SEGMENT_RELRO_END (., (SIZEOF (.got.plt) >= 0x18)?0x18:0x0)

.got.plt        0x0000000000003fe8       0x40
 *(.got.plt)
 .got.plt       0x0000000000003fe8       0x40 /usr/lib/gcc/x86_64-linux-gnu/12/../../../x86_64-linux-gnu/Scrt1.o
                0x0000000000003fe8                _GLOBAL_OFFSET_TABLE_
 *(.igot.plt)

.data           0x0000000000004028       0x10
 *(.data .data.* .gnu.linkonce.d.*)
 .data          0x0000000000004028        0x4 /usr/lib/gcc/x86_64-linux-gnu/12/../../../x86_64-linux-gnu/Scrt1.o
                0x0000000000004028                data_start
                0x0000000000004028                __data_start
 .data          0x000000000000402c        0x0 /usr/lib/gcc/x86_64-linux-gnu/12/../../../x86_64-linux-gnu/crti.o
 .data          0x000000000000402c        0x0 /usr/lib/gcc/x86_64-linux-gnu/12/crtbeginS.o
 *fill*         0x000000000000402c        0x4 
 .data.rel.local
                0x0000000000004030        0x8 /usr/lib/gcc/x86_64-linux-gnu/12/crtbeginS.o
                0x0000000000004030                __dso_handle
 .data          0x0000000000004038        0x0 ropex.o
 .data          0x0000000000004038        0x0 gadget.o
 .data          0x0000000000004038        0x0 /usr/lib/gcc/x86_64-linux-gnu/12/crtendS.o
 .data          0x0000000000004038        0x0 /usr/lib/gcc/x86_64-linux-gnu/12/../../../x86_64-linux-gnu/crtn.o

.tm_clone_table
                0x0000000000004038        0x0
 .tm_clone_table
                0x0000000000004038        0x0 /usr/lib/gcc/x86_64-linux-gnu/12/crtbeginS.o
 .tm_clone_table
                0x0000000000004038        0x0 /usr/lib/gcc/x86_64-linux-gnu/12/crtendS.o

.data1
 *(.data1)
                0x0000000000004038                _edata = .
                [!provide]                        PROVIDE (edata = .)
                0x0000000000004038                . = .
                0x0000000000004038                __bss_start = .

.bss            0x0000000000004040       0x30
 *(.dynbss)
 *fill*         0x0000000000004040        0x0 
 .dynbss        0x0000000000004040       0x28 /usr/lib/gcc/x86_64-linux-gnu/12/../../../x86_64-linux-gnu/Scrt1.o
                0x0000000000004040                stdin@@GLIBC_2.2.5
                0x0000000000004060                stderr@@GLIBC_2.2.5
 *(.bss .bss.* .gnu.linkonce.b.*)
 .bss           0x0000000000004068        0x0 /usr/lib/gcc/x86_64-linux-gnu/12/../../../x86_64-linux-gnu/Scrt1.o
 .bss           0x0000000000004068        0x0 /usr/lib/gcc/x86_64-linux-gnu/12/../../../x86_64-linux-gnu/crti.o
 .bss           0x0000000000004068        0x1 /usr/lib/gcc/x86_64-linux-gnu/12/crtbeginS.o
 .bss           0x0000000000004069        0x0 ropex.o
 .bss           0x0000000000004069        0x0 gadget.o
 .bss           0x0000000000004069        0x0 /usr/lib/gcc/x86_64-linux-gnu/12/crtendS.o
 .bss           0x0000000000004069        0x0 /usr/lib/gcc/x86_64-linux-gnu/12/../../../x86_64-linux-gnu/crtn.o
 *(COMMON)
                0x0000000000004070                . = ALIGN ((. != 0x0)?0x8:0x1)
 *fill*         0x0000000000004069        0x7 

.lbss
 *(.dynlbss)
 *(.lbss .lbss.* .gnu.linkonce.lb.*)
 *(LARGE_COMMON)
                0x0000000000004070                . = ALIGN (0x8)
                0x0000000000004070                . = SEGMENT_START ("ldata-segment", .)

.lrodata
 *(.lrodata .lrodata.* .gnu.linkonce.lr.*)

.ldata          0x0000000000006070        0x0
 *(.ldata .ldata.* .gnu.linkonce.l.*)
                0x0000000000006070                . = ALIGN ((. != 0x0)?0x8:0x1)
                0x0000000000006070                . = ALIGN (0x8)
                0x0000000000004070                _end = .
                [!provide]                        PROVIDE (end = .)
                0x0000000000006070                . = DATA_SEGMENT_END (.)

.stab
 *(.stab)

.stabstr
 *(.stabstr)

.stab.excl
 *(.stab.excl)

.stab.exclstr
 *(.stab.exclstr)

.stab.index
 *(.stab.index)

.stab.indexstr
 *(.stab.indexstr)

.comment        0x0000000000000000       0x1f
 *(.comment)
 .comment       0x0000000000000000       0x1f /usr/lib/gcc/x86_64-linux-gnu/12/crtbeginS.o
                                         0x20 (size before relaxing)
 .comment       0x000000000000001f       0x20 ropex.o
 .comment       0x000000000000001f       0x20 /usr/lib/gcc/x86_64-linux-gnu/12/crtendS.o

.gnu.build.attributes
 *(.gnu.build.attributes .gnu.build.attributes.*)

.debug
 *(.debug)

.line
 *(.line)

.debug_srcinfo
 *(.debug_srcinfo)

.debug_sfnames
 *(.debug_sfnames)

.debug_aranges  0x0000000000000000       0x30
 *(.debug_aranges)
 .debug_aranges
                0x0000000000000000       0x30 ropex.o

.debug_pubnames
 *(.debug_pubnames)

.debug_info     0x0000000000000000      0x4a8
 *(.debug_info .gnu.linkonce.wi.*)
 .debug_info    0x0000000000000000      0x4a8 ropex.o

.debug_abbrev   0x0000000000000000      0x1ad
 *(.debug_abbrev)
 .debug_abbrev  0x0000000000000000      0x1ad ropex.o

.debug_line     0x0000000000000000       0xf4
 *(.debug_line .debug_line.* .debug_line_end)
 .debug_line    0x0000000000000000       0xf4 ropex.o

.debug_frame    0x0000000000000000       0xa0
 *(.debug_frame)
 .debug_frame   0x0000000000000000       0xa0 ropex.o

.debug_str      0x0000000000000000      0x28a
 *(.debug_str)
 .debug_str     0x0000000000000000      0x28a ropex.o
                                        0x2c9 (size before relaxing)

.debug_loc
 *(.debug_loc)

.debug_macinfo
 *(.debug_macinfo)

.debug_weaknames
 *(.debug_weaknames)

.debug_funcnames
 *(.debug_funcnames)

.debug_typenames
 *(.debug_typenames)

.debug_varnames
 *(.debug_varnames)

.debug_pubtypes
 *(.debug_pubtypes)

.debug_ranges
 *(.debug_ranges)

.debug_addr
 *(.debug_addr)

.debug_line_str
                0x0000000000000000       0xda
 *(.debug_line_str)
 .debug_line_str
                0x0000000000000000       0xda ropex.o
                                        0x11a (size before relaxing)

.debug_loclists
                0x0000000000000000       0xda
 *(.debug_loclists)
 .debug_loclists
                0x0000000000000000       0xda ropex.o

.debug_macro
 *(.debug_macro)

.debug_names
 *(.debug_names)

.debug_rnglists
 *(.debug_rnglists)

.debug_str_offsets
 *(.debug_str_offsets)

.debug_sup
 *(.debug_sup)

.gnu.attributes
 *(.gnu.attributes)

/DISCARD/
 *(.note.GNU-stack)
 *(.gnu_debuglink)
 *(.gnu.lto_*)
OUTPUT(ropex elf64-x86-64)
