
task2.elf:     file format elf32-avr

Sections:
Idx Name          Size      VMA       LMA       File off  Algn
  0 .data         00000018  00800100  000008f0  00000984  2**0
                  CONTENTS, ALLOC, LOAD, DATA
  1 .text         000008f0  00000000  00000000  00000094  2**1
                  CONTENTS, ALLOC, LOAD, READONLY, CODE
  2 .bss          00000004  00800118  00800118  0000099c  2**0
                  ALLOC
  3 .stab         00000984  00000000  00000000  0000099c  2**2
                  CONTENTS, READONLY, DEBUGGING
  4 .stabstr      00000efe  00000000  00000000  00001320  2**0
                  CONTENTS, READONLY, DEBUGGING
  5 .comment      00000011  00000000  00000000  0000221e  2**0
                  CONTENTS, READONLY
  6 .note.gnu.avr.deviceinfo 00000040  00000000  00000000  00002230  2**2
                  CONTENTS, READONLY
  7 .debug_info   000005f4  00000000  00000000  00002270  2**0
                  CONTENTS, READONLY, DEBUGGING
  8 .debug_abbrev 000005a2  00000000  00000000  00002864  2**0
                  CONTENTS, READONLY, DEBUGGING
  9 .debug_line   0000001a  00000000  00000000  00002e06  2**0
                  CONTENTS, READONLY, DEBUGGING
 10 .debug_str    00000208  00000000  00000000  00002e20  2**0
                  CONTENTS, READONLY, DEBUGGING

Disassembly of section .text:

00000000 <__vectors>:
   0:	0c 94 34 00 	jmp	0x68	; 0x68 <__ctors_end>
   4:	0c 94 aa 00 	jmp	0x154	; 0x154 <__vector_1>
   8:	0c 94 51 00 	jmp	0xa2	; 0xa2 <__bad_interrupt>
   c:	0c 94 51 00 	jmp	0xa2	; 0xa2 <__bad_interrupt>
  10:	0c 94 51 00 	jmp	0xa2	; 0xa2 <__bad_interrupt>
  14:	0c 94 51 00 	jmp	0xa2	; 0xa2 <__bad_interrupt>
  18:	0c 94 51 00 	jmp	0xa2	; 0xa2 <__bad_interrupt>
  1c:	0c 94 51 00 	jmp	0xa2	; 0xa2 <__bad_interrupt>
  20:	0c 94 51 00 	jmp	0xa2	; 0xa2 <__bad_interrupt>
  24:	0c 94 51 00 	jmp	0xa2	; 0xa2 <__bad_interrupt>
  28:	0c 94 51 00 	jmp	0xa2	; 0xa2 <__bad_interrupt>
  2c:	0c 94 51 00 	jmp	0xa2	; 0xa2 <__bad_interrupt>
  30:	0c 94 51 00 	jmp	0xa2	; 0xa2 <__bad_interrupt>
  34:	0c 94 51 00 	jmp	0xa2	; 0xa2 <__bad_interrupt>
  38:	0c 94 51 00 	jmp	0xa2	; 0xa2 <__bad_interrupt>
  3c:	0c 94 51 00 	jmp	0xa2	; 0xa2 <__bad_interrupt>
  40:	0c 94 51 00 	jmp	0xa2	; 0xa2 <__bad_interrupt>
  44:	0c 94 51 00 	jmp	0xa2	; 0xa2 <__bad_interrupt>
  48:	0c 94 51 00 	jmp	0xa2	; 0xa2 <__bad_interrupt>
  4c:	0c 94 51 00 	jmp	0xa2	; 0xa2 <__bad_interrupt>
  50:	0c 94 51 00 	jmp	0xa2	; 0xa2 <__bad_interrupt>
  54:	0c 94 82 00 	jmp	0x104	; 0x104 <__vector_21>
  58:	0c 94 51 00 	jmp	0xa2	; 0xa2 <__bad_interrupt>
  5c:	0c 94 51 00 	jmp	0xa2	; 0xa2 <__bad_interrupt>
  60:	0c 94 51 00 	jmp	0xa2	; 0xa2 <__bad_interrupt>
  64:	0c 94 51 00 	jmp	0xa2	; 0xa2 <__bad_interrupt>

00000068 <__ctors_end>:
  68:	11 24       	eor	r1, r1
  6a:	1f be       	out	0x3f, r1	; 63
  6c:	cf ef       	ldi	r28, 0xFF	; 255
  6e:	d8 e0       	ldi	r29, 0x08	; 8
  70:	de bf       	out	0x3e, r29	; 62
  72:	cd bf       	out	0x3d, r28	; 61

00000074 <__do_copy_data>:
  74:	11 e0       	ldi	r17, 0x01	; 1
  76:	a0 e0       	ldi	r26, 0x00	; 0
  78:	b1 e0       	ldi	r27, 0x01	; 1
  7a:	e0 ef       	ldi	r30, 0xF0	; 240
  7c:	f8 e0       	ldi	r31, 0x08	; 8
  7e:	02 c0       	rjmp	.+4      	; 0x84 <__do_copy_data+0x10>
  80:	05 90       	lpm	r0, Z+
  82:	0d 92       	st	X+, r0
  84:	a8 31       	cpi	r26, 0x18	; 24
  86:	b1 07       	cpc	r27, r17
  88:	d9 f7       	brne	.-10     	; 0x80 <__do_copy_data+0xc>

0000008a <__do_clear_bss>:
  8a:	21 e0       	ldi	r18, 0x01	; 1
  8c:	a8 e1       	ldi	r26, 0x18	; 24
  8e:	b1 e0       	ldi	r27, 0x01	; 1
  90:	01 c0       	rjmp	.+2      	; 0x94 <.do_clear_bss_start>

00000092 <.do_clear_bss_loop>:
  92:	1d 92       	st	X+, r1

00000094 <.do_clear_bss_start>:
  94:	ac 31       	cpi	r26, 0x1C	; 28
  96:	b2 07       	cpc	r27, r18
  98:	e1 f7       	brne	.-8      	; 0x92 <.do_clear_bss_loop>
  9a:	0e 94 bf 00 	call	0x17e	; 0x17e <main>
  9e:	0c 94 76 04 	jmp	0x8ec	; 0x8ec <_exit>

000000a2 <__bad_interrupt>:
  a2:	0c 94 00 00 	jmp	0	; 0x0 <__vectors>

000000a6 <uart_init>:
#define F_CPU 16000000UL
#define BAUD 9600
#define UBRR_VALUE ((F_CPU)/16/(BAUD)-1)

void uart_init() {
	UBRR0 = UBRR_VALUE;
  a6:	87 e6       	ldi	r24, 0x67	; 103
  a8:	90 e0       	ldi	r25, 0x00	; 0
  aa:	90 93 c5 00 	sts	0x00C5, r25	; 0x8000c5 <__TEXT_REGION_LENGTH__+0x7f80c5>
  ae:	80 93 c4 00 	sts	0x00C4, r24	; 0x8000c4 <__TEXT_REGION_LENGTH__+0x7f80c4>
	UCSR0A = 0;
  b2:	10 92 c0 00 	sts	0x00C0, r1	; 0x8000c0 <__TEXT_REGION_LENGTH__+0x7f80c0>
	UCSR0B = _BV(RXEN0) | _BV(TXEN0);
  b6:	88 e1       	ldi	r24, 0x18	; 24
  b8:	80 93 c1 00 	sts	0x00C1, r24	; 0x8000c1 <__TEXT_REGION_LENGTH__+0x7f80c1>
	UCSR0C = _BV(UCSZ00) | _BV(UCSZ01);
  bc:	86 e0       	ldi	r24, 0x06	; 6
  be:	80 93 c2 00 	sts	0x00C2, r24	; 0x8000c2 <__TEXT_REGION_LENGTH__+0x7f80c2>
  c2:	08 95       	ret

000000c4 <uart_putc>:
}

void uart_putc(char c) {
	while (!(UCSR0A & _BV(UDRE0)));
  c4:	90 91 c0 00 	lds	r25, 0x00C0	; 0x8000c0 <__TEXT_REGION_LENGTH__+0x7f80c0>
  c8:	95 ff       	sbrs	r25, 5
  ca:	fc cf       	rjmp	.-8      	; 0xc4 <uart_putc>
	UDR0 = c;
  cc:	80 93 c6 00 	sts	0x00C6, r24	; 0x8000c6 <__TEXT_REGION_LENGTH__+0x7f80c6>
  d0:	08 95       	ret

000000d2 <uart_puts>:
}

void uart_puts(const char* s) {
	while (*s) uart_putc(*s++);
  d2:	fc 01       	movw	r30, r24
  d4:	20 81       	ld	r18, Z
  d6:	22 23       	and	r18, r18
  d8:	51 f0       	breq	.+20     	; 0xee <uart_puts+0x1c>
  da:	31 96       	adiw	r30, 0x01	; 1
	UCSR0B = _BV(RXEN0) | _BV(TXEN0);
	UCSR0C = _BV(UCSZ00) | _BV(UCSZ01);
}

void uart_putc(char c) {
	while (!(UCSR0A & _BV(UDRE0)));
  dc:	90 91 c0 00 	lds	r25, 0x00C0	; 0x8000c0 <__TEXT_REGION_LENGTH__+0x7f80c0>
  e0:	95 ff       	sbrs	r25, 5
  e2:	fc cf       	rjmp	.-8      	; 0xdc <uart_puts+0xa>
	UDR0 = c;
  e4:	20 93 c6 00 	sts	0x00C6, r18	; 0x8000c6 <__TEXT_REGION_LENGTH__+0x7f80c6>
}

void uart_puts(const char* s) {
	while (*s) uart_putc(*s++);
  e8:	21 91       	ld	r18, Z+
  ea:	21 11       	cpse	r18, r1
  ec:	f7 cf       	rjmp	.-18     	; 0xdc <uart_puts+0xa>
  ee:	08 95       	ret

000000f0 <adc_init>:
#include "uart.h"

#define R_FIXED 10000UL

void adc_init() {
	ADMUX = _BV(REFS0);
  f0:	80 e4       	ldi	r24, 0x40	; 64
  f2:	80 93 7c 00 	sts	0x007C, r24	; 0x80007c <__TEXT_REGION_LENGTH__+0x7f807c>
	DIDR0 = _BV(ADC0D);
  f6:	81 e0       	ldi	r24, 0x01	; 1
  f8:	80 93 7e 00 	sts	0x007E, r24	; 0x80007e <__TEXT_REGION_LENGTH__+0x7f807e>
	ADCSRA = _BV(ADEN) | _BV(ADIE) | _BV(ADPS2) | _BV(ADPS1) | _BV(ADPS0);
  fc:	8f e8       	ldi	r24, 0x8F	; 143
  fe:	80 93 7a 00 	sts	0x007A, r24	; 0x80007a <__TEXT_REGION_LENGTH__+0x7f807a>
 102:	08 95       	ret

00000104 <__vector_21>:
}

volatile uint32_t last_adc = 0;
ISR(ADC_vect) {
 104:	1f 92       	push	r1
 106:	0f 92       	push	r0
 108:	0f b6       	in	r0, 0x3f	; 63
 10a:	0f 92       	push	r0
 10c:	11 24       	eor	r1, r1
 10e:	8f 93       	push	r24
 110:	9f 93       	push	r25
 112:	af 93       	push	r26
 114:	bf 93       	push	r27
	last_adc = ADC;
 116:	80 91 78 00 	lds	r24, 0x0078	; 0x800078 <__TEXT_REGION_LENGTH__+0x7f8078>
 11a:	90 91 79 00 	lds	r25, 0x0079	; 0x800079 <__TEXT_REGION_LENGTH__+0x7f8079>
 11e:	a0 e0       	ldi	r26, 0x00	; 0
 120:	b0 e0       	ldi	r27, 0x00	; 0
 122:	80 93 18 01 	sts	0x0118, r24	; 0x800118 <__data_end>
 126:	90 93 19 01 	sts	0x0119, r25	; 0x800119 <__data_end+0x1>
 12a:	a0 93 1a 01 	sts	0x011A, r26	; 0x80011a <__data_end+0x2>
 12e:	b0 93 1b 01 	sts	0x011B, r27	; 0x80011b <__data_end+0x3>
}
 132:	bf 91       	pop	r27
 134:	af 91       	pop	r26
 136:	9f 91       	pop	r25
 138:	8f 91       	pop	r24
 13a:	0f 90       	pop	r0
 13c:	0f be       	out	0x3f, r0	; 63
 13e:	0f 90       	pop	r0
 140:	1f 90       	pop	r1
 142:	18 95       	reti

00000144 <int0_init>:

void int0_init() {
	PORTD |= _BV(PD2);
 144:	5a 9a       	sbi	0x0b, 2	; 11
	EICRA |= _BV(ISC01); // falling edge
 146:	e9 e6       	ldi	r30, 0x69	; 105
 148:	f0 e0       	ldi	r31, 0x00	; 0
 14a:	80 81       	ld	r24, Z
 14c:	82 60       	ori	r24, 0x02	; 2
 14e:	80 83       	st	Z, r24
	EIMSK |= _BV(INT0);
 150:	e8 9a       	sbi	0x1d, 0	; 29
 152:	08 95       	ret

00000154 <__vector_1>:
}

ISR(INT0_vect) {
 154:	1f 92       	push	r1
 156:	0f 92       	push	r0
 158:	0f b6       	in	r0, 0x3f	; 63
 15a:	0f 92       	push	r0
 15c:	11 24       	eor	r1, r1
 15e:	8f 93       	push	r24
 160:	ef 93       	push	r30
 162:	ff 93       	push	r31
	ADCSRA |= _BV(ADSC);
 164:	ea e7       	ldi	r30, 0x7A	; 122
 166:	f0 e0       	ldi	r31, 0x00	; 0
 168:	80 81       	ld	r24, Z
 16a:	80 64       	ori	r24, 0x40	; 64
 16c:	80 83       	st	Z, r24
}
 16e:	ff 91       	pop	r31
 170:	ef 91       	pop	r30
 172:	8f 91       	pop	r24
 174:	0f 90       	pop	r0
 176:	0f be       	out	0x3f, r0	; 63
 178:	0f 90       	pop	r0
 17a:	1f 90       	pop	r1
 17c:	18 95       	reti

0000017e <main>:

int main() {
 17e:	cf 93       	push	r28
 180:	df 93       	push	r29
 182:	cd b7       	in	r28, 0x3d	; 61
 184:	de b7       	in	r29, 0x3e	; 62
 186:	c4 56       	subi	r28, 0x64	; 100
 188:	d1 09       	sbc	r29, r1
 18a:	0f b6       	in	r0, 0x3f	; 63
 18c:	f8 94       	cli
 18e:	de bf       	out	0x3e, r29	; 62
 190:	0f be       	out	0x3f, r0	; 63
 192:	cd bf       	out	0x3d, r28	; 61
#define F_CPU 16000000UL
#define BAUD 9600
#define UBRR_VALUE ((F_CPU)/16/(BAUD)-1)

void uart_init() {
	UBRR0 = UBRR_VALUE;
 194:	87 e6       	ldi	r24, 0x67	; 103
 196:	90 e0       	ldi	r25, 0x00	; 0
 198:	90 93 c5 00 	sts	0x00C5, r25	; 0x8000c5 <__TEXT_REGION_LENGTH__+0x7f80c5>
 19c:	80 93 c4 00 	sts	0x00C4, r24	; 0x8000c4 <__TEXT_REGION_LENGTH__+0x7f80c4>
	UCSR0A = 0;
 1a0:	10 92 c0 00 	sts	0x00C0, r1	; 0x8000c0 <__TEXT_REGION_LENGTH__+0x7f80c0>
	UCSR0B = _BV(RXEN0) | _BV(TXEN0);
 1a4:	88 e1       	ldi	r24, 0x18	; 24
 1a6:	80 93 c1 00 	sts	0x00C1, r24	; 0x8000c1 <__TEXT_REGION_LENGTH__+0x7f80c1>
	UCSR0C = _BV(UCSZ00) | _BV(UCSZ01);
 1aa:	86 e0       	ldi	r24, 0x06	; 6
 1ac:	80 93 c2 00 	sts	0x00C2, r24	; 0x8000c2 <__TEXT_REGION_LENGTH__+0x7f80c2>
#include "uart.h"

#define R_FIXED 10000UL

void adc_init() {
	ADMUX = _BV(REFS0);
 1b0:	80 e4       	ldi	r24, 0x40	; 64
 1b2:	80 93 7c 00 	sts	0x007C, r24	; 0x80007c <__TEXT_REGION_LENGTH__+0x7f807c>
	DIDR0 = _BV(ADC0D);
 1b6:	81 e0       	ldi	r24, 0x01	; 1
 1b8:	80 93 7e 00 	sts	0x007E, r24	; 0x80007e <__TEXT_REGION_LENGTH__+0x7f807e>
	ADCSRA = _BV(ADEN) | _BV(ADIE) | _BV(ADPS2) | _BV(ADPS1) | _BV(ADPS0);
 1bc:	8f e8       	ldi	r24, 0x8F	; 143
 1be:	80 93 7a 00 	sts	0x007A, r24	; 0x80007a <__TEXT_REGION_LENGTH__+0x7f807a>
ISR(ADC_vect) {
	last_adc = ADC;
}

void int0_init() {
	PORTD |= _BV(PD2);
 1c2:	5a 9a       	sbi	0x0b, 2	; 11
	EICRA |= _BV(ISC01); // falling edge
 1c4:	80 91 69 00 	lds	r24, 0x0069	; 0x800069 <__TEXT_REGION_LENGTH__+0x7f8069>
 1c8:	82 60       	ori	r24, 0x02	; 2
 1ca:	80 93 69 00 	sts	0x0069, r24	; 0x800069 <__TEXT_REGION_LENGTH__+0x7f8069>
	EIMSK |= _BV(INT0);
 1ce:	e8 9a       	sbi	0x1d, 0	; 29
	uart_init();

	adc_init();
	int0_init();

	sei();
 1d0:	78 94       	sei
 1d2:	9e 01       	movw	r18, r28
 1d4:	2f 5f       	subi	r18, 0xFF	; 255
 1d6:	3f 4f       	sbci	r19, 0xFF	; 255
 1d8:	79 01       	movw	r14, r18
		if (last_adc != 0) {
			R = R_FIXED * (1023UL - last_adc) / last_adc;
		}
		sei();

		sprintf(buf, "Last record: %"PRIu32" ohm\r\n", R);
 1da:	00 e0       	ldi	r16, 0x00	; 0
 1dc:	11 e0       	ldi	r17, 0x01	; 1
	sei();

	char buf[100];
	while (1) {
		uint32_t R = 0;
		cli();
 1de:	f8 94       	cli
		if (last_adc != 0) {
 1e0:	80 91 18 01 	lds	r24, 0x0118	; 0x800118 <__data_end>
 1e4:	90 91 19 01 	lds	r25, 0x0119	; 0x800119 <__data_end+0x1>
 1e8:	a0 91 1a 01 	lds	r26, 0x011A	; 0x80011a <__data_end+0x2>
 1ec:	b0 91 1b 01 	lds	r27, 0x011B	; 0x80011b <__data_end+0x3>
 1f0:	89 2b       	or	r24, r25
 1f2:	8a 2b       	or	r24, r26
 1f4:	8b 2b       	or	r24, r27
 1f6:	09 f4       	brne	.+2      	; 0x1fa <main+0x7c>
 1f8:	46 c0       	rjmp	.+140    	; 0x286 <main+0x108>
			R = R_FIXED * (1023UL - last_adc) / last_adc;
 1fa:	20 91 18 01 	lds	r18, 0x0118	; 0x800118 <__data_end>
 1fe:	30 91 19 01 	lds	r19, 0x0119	; 0x800119 <__data_end+0x1>
 202:	40 91 1a 01 	lds	r20, 0x011A	; 0x80011a <__data_end+0x2>
 206:	50 91 1b 01 	lds	r21, 0x011B	; 0x80011b <__data_end+0x3>
 20a:	80 90 18 01 	lds	r8, 0x0118	; 0x800118 <__data_end>
 20e:	90 90 19 01 	lds	r9, 0x0119	; 0x800119 <__data_end+0x1>
 212:	a0 90 1a 01 	lds	r10, 0x011A	; 0x80011a <__data_end+0x2>
 216:	b0 90 1b 01 	lds	r11, 0x011B	; 0x80011b <__data_end+0x3>
 21a:	a0 ef       	ldi	r26, 0xF0	; 240
 21c:	b8 ed       	ldi	r27, 0xD8	; 216
 21e:	0e 94 6d 01 	call	0x2da	; 0x2da <__mulohisi3>
 222:	60 51       	subi	r22, 0x10	; 16
 224:	77 4e       	sbci	r23, 0xE7	; 231
 226:	83 46       	sbci	r24, 0x63	; 99
 228:	9f 4f       	sbci	r25, 0xFF	; 255
 22a:	a5 01       	movw	r20, r10
 22c:	94 01       	movw	r18, r8
 22e:	0e 94 48 01 	call	0x290	; 0x290 <__udivmodsi4>
 232:	c9 01       	movw	r24, r18
 234:	9a 01       	movw	r18, r20
		}
		sei();
 236:	78 94       	sei

		sprintf(buf, "Last record: %"PRIu32" ohm\r\n", R);
 238:	3f 93       	push	r19
 23a:	2f 93       	push	r18
 23c:	9f 93       	push	r25
 23e:	8f 93       	push	r24
 240:	1f 93       	push	r17
 242:	0f 93       	push	r16
 244:	ff 92       	push	r15
 246:	ef 92       	push	r14
 248:	0e 94 8c 01 	call	0x318	; 0x318 <sprintf>
	while (!(UCSR0A & _BV(UDRE0)));
	UDR0 = c;
}

void uart_puts(const char* s) {
	while (*s) uart_putc(*s++);
 24c:	99 81       	ldd	r25, Y+1	; 0x01
 24e:	0f b6       	in	r0, 0x3f	; 63
 250:	f8 94       	cli
 252:	de bf       	out	0x3e, r29	; 62
 254:	0f be       	out	0x3f, r0	; 63
 256:	cd bf       	out	0x3d, r28	; 61
 258:	99 23       	and	r25, r25
 25a:	59 f0       	breq	.+22     	; 0x272 <main+0xf4>
 25c:	fe 01       	movw	r30, r28
 25e:	32 96       	adiw	r30, 0x02	; 2
	UCSR0B = _BV(RXEN0) | _BV(TXEN0);
	UCSR0C = _BV(UCSZ00) | _BV(UCSZ01);
}

void uart_putc(char c) {
	while (!(UCSR0A & _BV(UDRE0)));
 260:	80 91 c0 00 	lds	r24, 0x00C0	; 0x8000c0 <__TEXT_REGION_LENGTH__+0x7f80c0>
 264:	85 ff       	sbrs	r24, 5
 266:	fc cf       	rjmp	.-8      	; 0x260 <main+0xe2>
	UDR0 = c;
 268:	90 93 c6 00 	sts	0x00C6, r25	; 0x8000c6 <__TEXT_REGION_LENGTH__+0x7f80c6>
}

void uart_puts(const char* s) {
	while (*s) uart_putc(*s++);
 26c:	91 91       	ld	r25, Z+
 26e:	91 11       	cpse	r25, r1
 270:	f7 cf       	rjmp	.-18     	; 0x260 <main+0xe2>
	#else
		//round up by default
		__ticks_dc = (uint32_t)(ceil(fabs(__tmp)));
	#endif

	__builtin_avr_delay_cycles(__ticks_dc);
 272:	3f ef       	ldi	r19, 0xFF	; 255
 274:	83 ed       	ldi	r24, 0xD3	; 211
 276:	90 e3       	ldi	r25, 0x30	; 48
 278:	31 50       	subi	r19, 0x01	; 1
 27a:	80 40       	sbci	r24, 0x00	; 0
 27c:	90 40       	sbci	r25, 0x00	; 0
 27e:	e1 f7       	brne	.-8      	; 0x278 <main+0xfa>
 280:	00 c0       	rjmp	.+0      	; 0x282 <main+0x104>
 282:	00 00       	nop
 284:	ac cf       	rjmp	.-168    	; 0x1de <main+0x60>

	sei();

	char buf[100];
	while (1) {
		uint32_t R = 0;
 286:	80 e0       	ldi	r24, 0x00	; 0
 288:	90 e0       	ldi	r25, 0x00	; 0
 28a:	20 e0       	ldi	r18, 0x00	; 0
 28c:	30 e0       	ldi	r19, 0x00	; 0
 28e:	d3 cf       	rjmp	.-90     	; 0x236 <main+0xb8>

00000290 <__udivmodsi4>:
 290:	a1 e2       	ldi	r26, 0x21	; 33
 292:	1a 2e       	mov	r1, r26
 294:	aa 1b       	sub	r26, r26
 296:	bb 1b       	sub	r27, r27
 298:	fd 01       	movw	r30, r26
 29a:	0d c0       	rjmp	.+26     	; 0x2b6 <__udivmodsi4_ep>

0000029c <__udivmodsi4_loop>:
 29c:	aa 1f       	adc	r26, r26
 29e:	bb 1f       	adc	r27, r27
 2a0:	ee 1f       	adc	r30, r30
 2a2:	ff 1f       	adc	r31, r31
 2a4:	a2 17       	cp	r26, r18
 2a6:	b3 07       	cpc	r27, r19
 2a8:	e4 07       	cpc	r30, r20
 2aa:	f5 07       	cpc	r31, r21
 2ac:	20 f0       	brcs	.+8      	; 0x2b6 <__udivmodsi4_ep>
 2ae:	a2 1b       	sub	r26, r18
 2b0:	b3 0b       	sbc	r27, r19
 2b2:	e4 0b       	sbc	r30, r20
 2b4:	f5 0b       	sbc	r31, r21

000002b6 <__udivmodsi4_ep>:
 2b6:	66 1f       	adc	r22, r22
 2b8:	77 1f       	adc	r23, r23
 2ba:	88 1f       	adc	r24, r24
 2bc:	99 1f       	adc	r25, r25
 2be:	1a 94       	dec	r1
 2c0:	69 f7       	brne	.-38     	; 0x29c <__udivmodsi4_loop>
 2c2:	60 95       	com	r22
 2c4:	70 95       	com	r23
 2c6:	80 95       	com	r24
 2c8:	90 95       	com	r25
 2ca:	9b 01       	movw	r18, r22
 2cc:	ac 01       	movw	r20, r24
 2ce:	bd 01       	movw	r22, r26
 2d0:	cf 01       	movw	r24, r30
 2d2:	08 95       	ret

000002d4 <__mulshisi3>:
 2d4:	b7 ff       	sbrs	r27, 7
 2d6:	0c 94 72 01 	jmp	0x2e4	; 0x2e4 <__muluhisi3>

000002da <__mulohisi3>:
 2da:	0e 94 72 01 	call	0x2e4	; 0x2e4 <__muluhisi3>
 2de:	82 1b       	sub	r24, r18
 2e0:	93 0b       	sbc	r25, r19
 2e2:	08 95       	ret

000002e4 <__muluhisi3>:
 2e4:	0e 94 7d 01 	call	0x2fa	; 0x2fa <__umulhisi3>
 2e8:	a5 9f       	mul	r26, r21
 2ea:	90 0d       	add	r25, r0
 2ec:	b4 9f       	mul	r27, r20
 2ee:	90 0d       	add	r25, r0
 2f0:	a4 9f       	mul	r26, r20
 2f2:	80 0d       	add	r24, r0
 2f4:	91 1d       	adc	r25, r1
 2f6:	11 24       	eor	r1, r1
 2f8:	08 95       	ret

000002fa <__umulhisi3>:
 2fa:	a2 9f       	mul	r26, r18
 2fc:	b0 01       	movw	r22, r0
 2fe:	b3 9f       	mul	r27, r19
 300:	c0 01       	movw	r24, r0
 302:	a3 9f       	mul	r26, r19
 304:	70 0d       	add	r23, r0
 306:	81 1d       	adc	r24, r1
 308:	11 24       	eor	r1, r1
 30a:	91 1d       	adc	r25, r1
 30c:	b2 9f       	mul	r27, r18
 30e:	70 0d       	add	r23, r0
 310:	81 1d       	adc	r24, r1
 312:	11 24       	eor	r1, r1
 314:	91 1d       	adc	r25, r1
 316:	08 95       	ret

00000318 <sprintf>:
 318:	ae e0       	ldi	r26, 0x0E	; 14
 31a:	b0 e0       	ldi	r27, 0x00	; 0
 31c:	e2 e9       	ldi	r30, 0x92	; 146
 31e:	f1 e0       	ldi	r31, 0x01	; 1
 320:	0c 94 4d 04 	jmp	0x89a	; 0x89a <__prologue_saves__+0x1c>
 324:	0d 89       	ldd	r16, Y+21	; 0x15
 326:	1e 89       	ldd	r17, Y+22	; 0x16
 328:	86 e0       	ldi	r24, 0x06	; 6
 32a:	8c 83       	std	Y+4, r24	; 0x04
 32c:	1a 83       	std	Y+2, r17	; 0x02
 32e:	09 83       	std	Y+1, r16	; 0x01
 330:	8f ef       	ldi	r24, 0xFF	; 255
 332:	9f e7       	ldi	r25, 0x7F	; 127
 334:	9e 83       	std	Y+6, r25	; 0x06
 336:	8d 83       	std	Y+5, r24	; 0x05
 338:	ae 01       	movw	r20, r28
 33a:	47 5e       	subi	r20, 0xE7	; 231
 33c:	5f 4f       	sbci	r21, 0xFF	; 255
 33e:	6f 89       	ldd	r22, Y+23	; 0x17
 340:	78 8d       	ldd	r23, Y+24	; 0x18
 342:	ce 01       	movw	r24, r28
 344:	01 96       	adiw	r24, 0x01	; 1
 346:	0e 94 ae 01 	call	0x35c	; 0x35c <vfprintf>
 34a:	ef 81       	ldd	r30, Y+7	; 0x07
 34c:	f8 85       	ldd	r31, Y+8	; 0x08
 34e:	e0 0f       	add	r30, r16
 350:	f1 1f       	adc	r31, r17
 352:	10 82       	st	Z, r1
 354:	2e 96       	adiw	r28, 0x0e	; 14
 356:	e4 e0       	ldi	r30, 0x04	; 4
 358:	0c 94 69 04 	jmp	0x8d2	; 0x8d2 <__epilogue_restores__+0x1c>

0000035c <vfprintf>:
 35c:	ab e0       	ldi	r26, 0x0B	; 11
 35e:	b0 e0       	ldi	r27, 0x00	; 0
 360:	e4 eb       	ldi	r30, 0xB4	; 180
 362:	f1 e0       	ldi	r31, 0x01	; 1
 364:	0c 94 3f 04 	jmp	0x87e	; 0x87e <__prologue_saves__>
 368:	6c 01       	movw	r12, r24
 36a:	7b 01       	movw	r14, r22
 36c:	8a 01       	movw	r16, r20
 36e:	fc 01       	movw	r30, r24
 370:	17 82       	std	Z+7, r1	; 0x07
 372:	16 82       	std	Z+6, r1	; 0x06
 374:	83 81       	ldd	r24, Z+3	; 0x03
 376:	81 ff       	sbrs	r24, 1
 378:	cc c1       	rjmp	.+920    	; 0x712 <__EEPROM_REGION_LENGTH__+0x312>
 37a:	ce 01       	movw	r24, r28
 37c:	01 96       	adiw	r24, 0x01	; 1
 37e:	3c 01       	movw	r6, r24
 380:	f6 01       	movw	r30, r12
 382:	93 81       	ldd	r25, Z+3	; 0x03
 384:	f7 01       	movw	r30, r14
 386:	93 fd       	sbrc	r25, 3
 388:	85 91       	lpm	r24, Z+
 38a:	93 ff       	sbrs	r25, 3
 38c:	81 91       	ld	r24, Z+
 38e:	7f 01       	movw	r14, r30
 390:	88 23       	and	r24, r24
 392:	09 f4       	brne	.+2      	; 0x396 <vfprintf+0x3a>
 394:	ba c1       	rjmp	.+884    	; 0x70a <__EEPROM_REGION_LENGTH__+0x30a>
 396:	85 32       	cpi	r24, 0x25	; 37
 398:	39 f4       	brne	.+14     	; 0x3a8 <vfprintf+0x4c>
 39a:	93 fd       	sbrc	r25, 3
 39c:	85 91       	lpm	r24, Z+
 39e:	93 ff       	sbrs	r25, 3
 3a0:	81 91       	ld	r24, Z+
 3a2:	7f 01       	movw	r14, r30
 3a4:	85 32       	cpi	r24, 0x25	; 37
 3a6:	29 f4       	brne	.+10     	; 0x3b2 <vfprintf+0x56>
 3a8:	b6 01       	movw	r22, r12
 3aa:	90 e0       	ldi	r25, 0x00	; 0
 3ac:	0e 94 a5 03 	call	0x74a	; 0x74a <fputc>
 3b0:	e7 cf       	rjmp	.-50     	; 0x380 <vfprintf+0x24>
 3b2:	91 2c       	mov	r9, r1
 3b4:	21 2c       	mov	r2, r1
 3b6:	31 2c       	mov	r3, r1
 3b8:	ff e1       	ldi	r31, 0x1F	; 31
 3ba:	f3 15       	cp	r31, r3
 3bc:	d8 f0       	brcs	.+54     	; 0x3f4 <vfprintf+0x98>
 3be:	8b 32       	cpi	r24, 0x2B	; 43
 3c0:	79 f0       	breq	.+30     	; 0x3e0 <vfprintf+0x84>
 3c2:	38 f4       	brcc	.+14     	; 0x3d2 <vfprintf+0x76>
 3c4:	80 32       	cpi	r24, 0x20	; 32
 3c6:	79 f0       	breq	.+30     	; 0x3e6 <vfprintf+0x8a>
 3c8:	83 32       	cpi	r24, 0x23	; 35
 3ca:	a1 f4       	brne	.+40     	; 0x3f4 <vfprintf+0x98>
 3cc:	23 2d       	mov	r18, r3
 3ce:	20 61       	ori	r18, 0x10	; 16
 3d0:	1d c0       	rjmp	.+58     	; 0x40c <__EEPROM_REGION_LENGTH__+0xc>
 3d2:	8d 32       	cpi	r24, 0x2D	; 45
 3d4:	61 f0       	breq	.+24     	; 0x3ee <vfprintf+0x92>
 3d6:	80 33       	cpi	r24, 0x30	; 48
 3d8:	69 f4       	brne	.+26     	; 0x3f4 <vfprintf+0x98>
 3da:	23 2d       	mov	r18, r3
 3dc:	21 60       	ori	r18, 0x01	; 1
 3de:	16 c0       	rjmp	.+44     	; 0x40c <__EEPROM_REGION_LENGTH__+0xc>
 3e0:	83 2d       	mov	r24, r3
 3e2:	82 60       	ori	r24, 0x02	; 2
 3e4:	38 2e       	mov	r3, r24
 3e6:	e3 2d       	mov	r30, r3
 3e8:	e4 60       	ori	r30, 0x04	; 4
 3ea:	3e 2e       	mov	r3, r30
 3ec:	2a c0       	rjmp	.+84     	; 0x442 <__EEPROM_REGION_LENGTH__+0x42>
 3ee:	f3 2d       	mov	r31, r3
 3f0:	f8 60       	ori	r31, 0x08	; 8
 3f2:	1d c0       	rjmp	.+58     	; 0x42e <__EEPROM_REGION_LENGTH__+0x2e>
 3f4:	37 fc       	sbrc	r3, 7
 3f6:	2d c0       	rjmp	.+90     	; 0x452 <__EEPROM_REGION_LENGTH__+0x52>
 3f8:	20 ed       	ldi	r18, 0xD0	; 208
 3fa:	28 0f       	add	r18, r24
 3fc:	2a 30       	cpi	r18, 0x0A	; 10
 3fe:	40 f0       	brcs	.+16     	; 0x410 <__EEPROM_REGION_LENGTH__+0x10>
 400:	8e 32       	cpi	r24, 0x2E	; 46
 402:	b9 f4       	brne	.+46     	; 0x432 <__EEPROM_REGION_LENGTH__+0x32>
 404:	36 fc       	sbrc	r3, 6
 406:	81 c1       	rjmp	.+770    	; 0x70a <__EEPROM_REGION_LENGTH__+0x30a>
 408:	23 2d       	mov	r18, r3
 40a:	20 64       	ori	r18, 0x40	; 64
 40c:	32 2e       	mov	r3, r18
 40e:	19 c0       	rjmp	.+50     	; 0x442 <__EEPROM_REGION_LENGTH__+0x42>
 410:	36 fe       	sbrs	r3, 6
 412:	06 c0       	rjmp	.+12     	; 0x420 <__EEPROM_REGION_LENGTH__+0x20>
 414:	8a e0       	ldi	r24, 0x0A	; 10
 416:	98 9e       	mul	r9, r24
 418:	20 0d       	add	r18, r0
 41a:	11 24       	eor	r1, r1
 41c:	92 2e       	mov	r9, r18
 41e:	11 c0       	rjmp	.+34     	; 0x442 <__EEPROM_REGION_LENGTH__+0x42>
 420:	ea e0       	ldi	r30, 0x0A	; 10
 422:	2e 9e       	mul	r2, r30
 424:	20 0d       	add	r18, r0
 426:	11 24       	eor	r1, r1
 428:	22 2e       	mov	r2, r18
 42a:	f3 2d       	mov	r31, r3
 42c:	f0 62       	ori	r31, 0x20	; 32
 42e:	3f 2e       	mov	r3, r31
 430:	08 c0       	rjmp	.+16     	; 0x442 <__EEPROM_REGION_LENGTH__+0x42>
 432:	8c 36       	cpi	r24, 0x6C	; 108
 434:	21 f4       	brne	.+8      	; 0x43e <__EEPROM_REGION_LENGTH__+0x3e>
 436:	83 2d       	mov	r24, r3
 438:	80 68       	ori	r24, 0x80	; 128
 43a:	38 2e       	mov	r3, r24
 43c:	02 c0       	rjmp	.+4      	; 0x442 <__EEPROM_REGION_LENGTH__+0x42>
 43e:	88 36       	cpi	r24, 0x68	; 104
 440:	41 f4       	brne	.+16     	; 0x452 <__EEPROM_REGION_LENGTH__+0x52>
 442:	f7 01       	movw	r30, r14
 444:	93 fd       	sbrc	r25, 3
 446:	85 91       	lpm	r24, Z+
 448:	93 ff       	sbrs	r25, 3
 44a:	81 91       	ld	r24, Z+
 44c:	7f 01       	movw	r14, r30
 44e:	81 11       	cpse	r24, r1
 450:	b3 cf       	rjmp	.-154    	; 0x3b8 <vfprintf+0x5c>
 452:	98 2f       	mov	r25, r24
 454:	9f 7d       	andi	r25, 0xDF	; 223
 456:	95 54       	subi	r25, 0x45	; 69
 458:	93 30       	cpi	r25, 0x03	; 3
 45a:	28 f4       	brcc	.+10     	; 0x466 <__EEPROM_REGION_LENGTH__+0x66>
 45c:	0c 5f       	subi	r16, 0xFC	; 252
 45e:	1f 4f       	sbci	r17, 0xFF	; 255
 460:	9f e3       	ldi	r25, 0x3F	; 63
 462:	99 83       	std	Y+1, r25	; 0x01
 464:	0d c0       	rjmp	.+26     	; 0x480 <__EEPROM_REGION_LENGTH__+0x80>
 466:	83 36       	cpi	r24, 0x63	; 99
 468:	31 f0       	breq	.+12     	; 0x476 <__EEPROM_REGION_LENGTH__+0x76>
 46a:	83 37       	cpi	r24, 0x73	; 115
 46c:	71 f0       	breq	.+28     	; 0x48a <__EEPROM_REGION_LENGTH__+0x8a>
 46e:	83 35       	cpi	r24, 0x53	; 83
 470:	09 f0       	breq	.+2      	; 0x474 <__EEPROM_REGION_LENGTH__+0x74>
 472:	59 c0       	rjmp	.+178    	; 0x526 <__EEPROM_REGION_LENGTH__+0x126>
 474:	21 c0       	rjmp	.+66     	; 0x4b8 <__EEPROM_REGION_LENGTH__+0xb8>
 476:	f8 01       	movw	r30, r16
 478:	80 81       	ld	r24, Z
 47a:	89 83       	std	Y+1, r24	; 0x01
 47c:	0e 5f       	subi	r16, 0xFE	; 254
 47e:	1f 4f       	sbci	r17, 0xFF	; 255
 480:	88 24       	eor	r8, r8
 482:	83 94       	inc	r8
 484:	91 2c       	mov	r9, r1
 486:	53 01       	movw	r10, r6
 488:	13 c0       	rjmp	.+38     	; 0x4b0 <__EEPROM_REGION_LENGTH__+0xb0>
 48a:	28 01       	movw	r4, r16
 48c:	f2 e0       	ldi	r31, 0x02	; 2
 48e:	4f 0e       	add	r4, r31
 490:	51 1c       	adc	r5, r1
 492:	f8 01       	movw	r30, r16
 494:	a0 80       	ld	r10, Z
 496:	b1 80       	ldd	r11, Z+1	; 0x01
 498:	36 fe       	sbrs	r3, 6
 49a:	03 c0       	rjmp	.+6      	; 0x4a2 <__EEPROM_REGION_LENGTH__+0xa2>
 49c:	69 2d       	mov	r22, r9
 49e:	70 e0       	ldi	r23, 0x00	; 0
 4a0:	02 c0       	rjmp	.+4      	; 0x4a6 <__EEPROM_REGION_LENGTH__+0xa6>
 4a2:	6f ef       	ldi	r22, 0xFF	; 255
 4a4:	7f ef       	ldi	r23, 0xFF	; 255
 4a6:	c5 01       	movw	r24, r10
 4a8:	0e 94 9a 03 	call	0x734	; 0x734 <strnlen>
 4ac:	4c 01       	movw	r8, r24
 4ae:	82 01       	movw	r16, r4
 4b0:	f3 2d       	mov	r31, r3
 4b2:	ff 77       	andi	r31, 0x7F	; 127
 4b4:	3f 2e       	mov	r3, r31
 4b6:	16 c0       	rjmp	.+44     	; 0x4e4 <__EEPROM_REGION_LENGTH__+0xe4>
 4b8:	28 01       	movw	r4, r16
 4ba:	22 e0       	ldi	r18, 0x02	; 2
 4bc:	42 0e       	add	r4, r18
 4be:	51 1c       	adc	r5, r1
 4c0:	f8 01       	movw	r30, r16
 4c2:	a0 80       	ld	r10, Z
 4c4:	b1 80       	ldd	r11, Z+1	; 0x01
 4c6:	36 fe       	sbrs	r3, 6
 4c8:	03 c0       	rjmp	.+6      	; 0x4d0 <__EEPROM_REGION_LENGTH__+0xd0>
 4ca:	69 2d       	mov	r22, r9
 4cc:	70 e0       	ldi	r23, 0x00	; 0
 4ce:	02 c0       	rjmp	.+4      	; 0x4d4 <__EEPROM_REGION_LENGTH__+0xd4>
 4d0:	6f ef       	ldi	r22, 0xFF	; 255
 4d2:	7f ef       	ldi	r23, 0xFF	; 255
 4d4:	c5 01       	movw	r24, r10
 4d6:	0e 94 8f 03 	call	0x71e	; 0x71e <strnlen_P>
 4da:	4c 01       	movw	r8, r24
 4dc:	f3 2d       	mov	r31, r3
 4de:	f0 68       	ori	r31, 0x80	; 128
 4e0:	3f 2e       	mov	r3, r31
 4e2:	82 01       	movw	r16, r4
 4e4:	33 fc       	sbrc	r3, 3
 4e6:	1b c0       	rjmp	.+54     	; 0x51e <__EEPROM_REGION_LENGTH__+0x11e>
 4e8:	82 2d       	mov	r24, r2
 4ea:	90 e0       	ldi	r25, 0x00	; 0
 4ec:	88 16       	cp	r8, r24
 4ee:	99 06       	cpc	r9, r25
 4f0:	b0 f4       	brcc	.+44     	; 0x51e <__EEPROM_REGION_LENGTH__+0x11e>
 4f2:	b6 01       	movw	r22, r12
 4f4:	80 e2       	ldi	r24, 0x20	; 32
 4f6:	90 e0       	ldi	r25, 0x00	; 0
 4f8:	0e 94 a5 03 	call	0x74a	; 0x74a <fputc>
 4fc:	2a 94       	dec	r2
 4fe:	f4 cf       	rjmp	.-24     	; 0x4e8 <__EEPROM_REGION_LENGTH__+0xe8>
 500:	f5 01       	movw	r30, r10
 502:	37 fc       	sbrc	r3, 7
 504:	85 91       	lpm	r24, Z+
 506:	37 fe       	sbrs	r3, 7
 508:	81 91       	ld	r24, Z+
 50a:	5f 01       	movw	r10, r30
 50c:	b6 01       	movw	r22, r12
 50e:	90 e0       	ldi	r25, 0x00	; 0
 510:	0e 94 a5 03 	call	0x74a	; 0x74a <fputc>
 514:	21 10       	cpse	r2, r1
 516:	2a 94       	dec	r2
 518:	21 e0       	ldi	r18, 0x01	; 1
 51a:	82 1a       	sub	r8, r18
 51c:	91 08       	sbc	r9, r1
 51e:	81 14       	cp	r8, r1
 520:	91 04       	cpc	r9, r1
 522:	71 f7       	brne	.-36     	; 0x500 <__EEPROM_REGION_LENGTH__+0x100>
 524:	e8 c0       	rjmp	.+464    	; 0x6f6 <__EEPROM_REGION_LENGTH__+0x2f6>
 526:	84 36       	cpi	r24, 0x64	; 100
 528:	11 f0       	breq	.+4      	; 0x52e <__EEPROM_REGION_LENGTH__+0x12e>
 52a:	89 36       	cpi	r24, 0x69	; 105
 52c:	41 f5       	brne	.+80     	; 0x57e <__EEPROM_REGION_LENGTH__+0x17e>
 52e:	f8 01       	movw	r30, r16
 530:	37 fe       	sbrs	r3, 7
 532:	07 c0       	rjmp	.+14     	; 0x542 <__EEPROM_REGION_LENGTH__+0x142>
 534:	60 81       	ld	r22, Z
 536:	71 81       	ldd	r23, Z+1	; 0x01
 538:	82 81       	ldd	r24, Z+2	; 0x02
 53a:	93 81       	ldd	r25, Z+3	; 0x03
 53c:	0c 5f       	subi	r16, 0xFC	; 252
 53e:	1f 4f       	sbci	r17, 0xFF	; 255
 540:	08 c0       	rjmp	.+16     	; 0x552 <__EEPROM_REGION_LENGTH__+0x152>
 542:	60 81       	ld	r22, Z
 544:	71 81       	ldd	r23, Z+1	; 0x01
 546:	07 2e       	mov	r0, r23
 548:	00 0c       	add	r0, r0
 54a:	88 0b       	sbc	r24, r24
 54c:	99 0b       	sbc	r25, r25
 54e:	0e 5f       	subi	r16, 0xFE	; 254
 550:	1f 4f       	sbci	r17, 0xFF	; 255
 552:	f3 2d       	mov	r31, r3
 554:	ff 76       	andi	r31, 0x6F	; 111
 556:	3f 2e       	mov	r3, r31
 558:	97 ff       	sbrs	r25, 7
 55a:	09 c0       	rjmp	.+18     	; 0x56e <__EEPROM_REGION_LENGTH__+0x16e>
 55c:	90 95       	com	r25
 55e:	80 95       	com	r24
 560:	70 95       	com	r23
 562:	61 95       	neg	r22
 564:	7f 4f       	sbci	r23, 0xFF	; 255
 566:	8f 4f       	sbci	r24, 0xFF	; 255
 568:	9f 4f       	sbci	r25, 0xFF	; 255
 56a:	f0 68       	ori	r31, 0x80	; 128
 56c:	3f 2e       	mov	r3, r31
 56e:	2a e0       	ldi	r18, 0x0A	; 10
 570:	30 e0       	ldi	r19, 0x00	; 0
 572:	a3 01       	movw	r20, r6
 574:	0e 94 e1 03 	call	0x7c2	; 0x7c2 <__ultoa_invert>
 578:	88 2e       	mov	r8, r24
 57a:	86 18       	sub	r8, r6
 57c:	45 c0       	rjmp	.+138    	; 0x608 <__EEPROM_REGION_LENGTH__+0x208>
 57e:	85 37       	cpi	r24, 0x75	; 117
 580:	31 f4       	brne	.+12     	; 0x58e <__EEPROM_REGION_LENGTH__+0x18e>
 582:	23 2d       	mov	r18, r3
 584:	2f 7e       	andi	r18, 0xEF	; 239
 586:	b2 2e       	mov	r11, r18
 588:	2a e0       	ldi	r18, 0x0A	; 10
 58a:	30 e0       	ldi	r19, 0x00	; 0
 58c:	25 c0       	rjmp	.+74     	; 0x5d8 <__EEPROM_REGION_LENGTH__+0x1d8>
 58e:	93 2d       	mov	r25, r3
 590:	99 7f       	andi	r25, 0xF9	; 249
 592:	b9 2e       	mov	r11, r25
 594:	8f 36       	cpi	r24, 0x6F	; 111
 596:	c1 f0       	breq	.+48     	; 0x5c8 <__EEPROM_REGION_LENGTH__+0x1c8>
 598:	18 f4       	brcc	.+6      	; 0x5a0 <__EEPROM_REGION_LENGTH__+0x1a0>
 59a:	88 35       	cpi	r24, 0x58	; 88
 59c:	79 f0       	breq	.+30     	; 0x5bc <__EEPROM_REGION_LENGTH__+0x1bc>
 59e:	b5 c0       	rjmp	.+362    	; 0x70a <__EEPROM_REGION_LENGTH__+0x30a>
 5a0:	80 37       	cpi	r24, 0x70	; 112
 5a2:	19 f0       	breq	.+6      	; 0x5aa <__EEPROM_REGION_LENGTH__+0x1aa>
 5a4:	88 37       	cpi	r24, 0x78	; 120
 5a6:	21 f0       	breq	.+8      	; 0x5b0 <__EEPROM_REGION_LENGTH__+0x1b0>
 5a8:	b0 c0       	rjmp	.+352    	; 0x70a <__EEPROM_REGION_LENGTH__+0x30a>
 5aa:	e9 2f       	mov	r30, r25
 5ac:	e0 61       	ori	r30, 0x10	; 16
 5ae:	be 2e       	mov	r11, r30
 5b0:	b4 fe       	sbrs	r11, 4
 5b2:	0d c0       	rjmp	.+26     	; 0x5ce <__EEPROM_REGION_LENGTH__+0x1ce>
 5b4:	fb 2d       	mov	r31, r11
 5b6:	f4 60       	ori	r31, 0x04	; 4
 5b8:	bf 2e       	mov	r11, r31
 5ba:	09 c0       	rjmp	.+18     	; 0x5ce <__EEPROM_REGION_LENGTH__+0x1ce>
 5bc:	34 fe       	sbrs	r3, 4
 5be:	0a c0       	rjmp	.+20     	; 0x5d4 <__EEPROM_REGION_LENGTH__+0x1d4>
 5c0:	29 2f       	mov	r18, r25
 5c2:	26 60       	ori	r18, 0x06	; 6
 5c4:	b2 2e       	mov	r11, r18
 5c6:	06 c0       	rjmp	.+12     	; 0x5d4 <__EEPROM_REGION_LENGTH__+0x1d4>
 5c8:	28 e0       	ldi	r18, 0x08	; 8
 5ca:	30 e0       	ldi	r19, 0x00	; 0
 5cc:	05 c0       	rjmp	.+10     	; 0x5d8 <__EEPROM_REGION_LENGTH__+0x1d8>
 5ce:	20 e1       	ldi	r18, 0x10	; 16
 5d0:	30 e0       	ldi	r19, 0x00	; 0
 5d2:	02 c0       	rjmp	.+4      	; 0x5d8 <__EEPROM_REGION_LENGTH__+0x1d8>
 5d4:	20 e1       	ldi	r18, 0x10	; 16
 5d6:	32 e0       	ldi	r19, 0x02	; 2
 5d8:	f8 01       	movw	r30, r16
 5da:	b7 fe       	sbrs	r11, 7
 5dc:	07 c0       	rjmp	.+14     	; 0x5ec <__EEPROM_REGION_LENGTH__+0x1ec>
 5de:	60 81       	ld	r22, Z
 5e0:	71 81       	ldd	r23, Z+1	; 0x01
 5e2:	82 81       	ldd	r24, Z+2	; 0x02
 5e4:	93 81       	ldd	r25, Z+3	; 0x03
 5e6:	0c 5f       	subi	r16, 0xFC	; 252
 5e8:	1f 4f       	sbci	r17, 0xFF	; 255
 5ea:	06 c0       	rjmp	.+12     	; 0x5f8 <__EEPROM_REGION_LENGTH__+0x1f8>
 5ec:	60 81       	ld	r22, Z
 5ee:	71 81       	ldd	r23, Z+1	; 0x01
 5f0:	80 e0       	ldi	r24, 0x00	; 0
 5f2:	90 e0       	ldi	r25, 0x00	; 0
 5f4:	0e 5f       	subi	r16, 0xFE	; 254
 5f6:	1f 4f       	sbci	r17, 0xFF	; 255
 5f8:	a3 01       	movw	r20, r6
 5fa:	0e 94 e1 03 	call	0x7c2	; 0x7c2 <__ultoa_invert>
 5fe:	88 2e       	mov	r8, r24
 600:	86 18       	sub	r8, r6
 602:	fb 2d       	mov	r31, r11
 604:	ff 77       	andi	r31, 0x7F	; 127
 606:	3f 2e       	mov	r3, r31
 608:	36 fe       	sbrs	r3, 6
 60a:	0d c0       	rjmp	.+26     	; 0x626 <__EEPROM_REGION_LENGTH__+0x226>
 60c:	23 2d       	mov	r18, r3
 60e:	2e 7f       	andi	r18, 0xFE	; 254
 610:	a2 2e       	mov	r10, r18
 612:	89 14       	cp	r8, r9
 614:	58 f4       	brcc	.+22     	; 0x62c <__EEPROM_REGION_LENGTH__+0x22c>
 616:	34 fe       	sbrs	r3, 4
 618:	0b c0       	rjmp	.+22     	; 0x630 <__EEPROM_REGION_LENGTH__+0x230>
 61a:	32 fc       	sbrc	r3, 2
 61c:	09 c0       	rjmp	.+18     	; 0x630 <__EEPROM_REGION_LENGTH__+0x230>
 61e:	83 2d       	mov	r24, r3
 620:	8e 7e       	andi	r24, 0xEE	; 238
 622:	a8 2e       	mov	r10, r24
 624:	05 c0       	rjmp	.+10     	; 0x630 <__EEPROM_REGION_LENGTH__+0x230>
 626:	b8 2c       	mov	r11, r8
 628:	a3 2c       	mov	r10, r3
 62a:	03 c0       	rjmp	.+6      	; 0x632 <__EEPROM_REGION_LENGTH__+0x232>
 62c:	b8 2c       	mov	r11, r8
 62e:	01 c0       	rjmp	.+2      	; 0x632 <__EEPROM_REGION_LENGTH__+0x232>
 630:	b9 2c       	mov	r11, r9
 632:	a4 fe       	sbrs	r10, 4
 634:	0f c0       	rjmp	.+30     	; 0x654 <__EEPROM_REGION_LENGTH__+0x254>
 636:	fe 01       	movw	r30, r28
 638:	e8 0d       	add	r30, r8
 63a:	f1 1d       	adc	r31, r1
 63c:	80 81       	ld	r24, Z
 63e:	80 33       	cpi	r24, 0x30	; 48
 640:	21 f4       	brne	.+8      	; 0x64a <__EEPROM_REGION_LENGTH__+0x24a>
 642:	9a 2d       	mov	r25, r10
 644:	99 7e       	andi	r25, 0xE9	; 233
 646:	a9 2e       	mov	r10, r25
 648:	09 c0       	rjmp	.+18     	; 0x65c <__EEPROM_REGION_LENGTH__+0x25c>
 64a:	a2 fe       	sbrs	r10, 2
 64c:	06 c0       	rjmp	.+12     	; 0x65a <__EEPROM_REGION_LENGTH__+0x25a>
 64e:	b3 94       	inc	r11
 650:	b3 94       	inc	r11
 652:	04 c0       	rjmp	.+8      	; 0x65c <__EEPROM_REGION_LENGTH__+0x25c>
 654:	8a 2d       	mov	r24, r10
 656:	86 78       	andi	r24, 0x86	; 134
 658:	09 f0       	breq	.+2      	; 0x65c <__EEPROM_REGION_LENGTH__+0x25c>
 65a:	b3 94       	inc	r11
 65c:	a3 fc       	sbrc	r10, 3
 65e:	11 c0       	rjmp	.+34     	; 0x682 <__EEPROM_REGION_LENGTH__+0x282>
 660:	a0 fe       	sbrs	r10, 0
 662:	06 c0       	rjmp	.+12     	; 0x670 <__EEPROM_REGION_LENGTH__+0x270>
 664:	b2 14       	cp	r11, r2
 666:	88 f4       	brcc	.+34     	; 0x68a <__EEPROM_REGION_LENGTH__+0x28a>
 668:	28 0c       	add	r2, r8
 66a:	92 2c       	mov	r9, r2
 66c:	9b 18       	sub	r9, r11
 66e:	0e c0       	rjmp	.+28     	; 0x68c <__EEPROM_REGION_LENGTH__+0x28c>
 670:	b2 14       	cp	r11, r2
 672:	60 f4       	brcc	.+24     	; 0x68c <__EEPROM_REGION_LENGTH__+0x28c>
 674:	b6 01       	movw	r22, r12
 676:	80 e2       	ldi	r24, 0x20	; 32
 678:	90 e0       	ldi	r25, 0x00	; 0
 67a:	0e 94 a5 03 	call	0x74a	; 0x74a <fputc>
 67e:	b3 94       	inc	r11
 680:	f7 cf       	rjmp	.-18     	; 0x670 <__EEPROM_REGION_LENGTH__+0x270>
 682:	b2 14       	cp	r11, r2
 684:	18 f4       	brcc	.+6      	; 0x68c <__EEPROM_REGION_LENGTH__+0x28c>
 686:	2b 18       	sub	r2, r11
 688:	02 c0       	rjmp	.+4      	; 0x68e <__EEPROM_REGION_LENGTH__+0x28e>
 68a:	98 2c       	mov	r9, r8
 68c:	21 2c       	mov	r2, r1
 68e:	a4 fe       	sbrs	r10, 4
 690:	10 c0       	rjmp	.+32     	; 0x6b2 <__EEPROM_REGION_LENGTH__+0x2b2>
 692:	b6 01       	movw	r22, r12
 694:	80 e3       	ldi	r24, 0x30	; 48
 696:	90 e0       	ldi	r25, 0x00	; 0
 698:	0e 94 a5 03 	call	0x74a	; 0x74a <fputc>
 69c:	a2 fe       	sbrs	r10, 2
 69e:	17 c0       	rjmp	.+46     	; 0x6ce <__EEPROM_REGION_LENGTH__+0x2ce>
 6a0:	a1 fc       	sbrc	r10, 1
 6a2:	03 c0       	rjmp	.+6      	; 0x6aa <__EEPROM_REGION_LENGTH__+0x2aa>
 6a4:	88 e7       	ldi	r24, 0x78	; 120
 6a6:	90 e0       	ldi	r25, 0x00	; 0
 6a8:	02 c0       	rjmp	.+4      	; 0x6ae <__EEPROM_REGION_LENGTH__+0x2ae>
 6aa:	88 e5       	ldi	r24, 0x58	; 88
 6ac:	90 e0       	ldi	r25, 0x00	; 0
 6ae:	b6 01       	movw	r22, r12
 6b0:	0c c0       	rjmp	.+24     	; 0x6ca <__EEPROM_REGION_LENGTH__+0x2ca>
 6b2:	8a 2d       	mov	r24, r10
 6b4:	86 78       	andi	r24, 0x86	; 134
 6b6:	59 f0       	breq	.+22     	; 0x6ce <__EEPROM_REGION_LENGTH__+0x2ce>
 6b8:	a1 fe       	sbrs	r10, 1
 6ba:	02 c0       	rjmp	.+4      	; 0x6c0 <__EEPROM_REGION_LENGTH__+0x2c0>
 6bc:	8b e2       	ldi	r24, 0x2B	; 43
 6be:	01 c0       	rjmp	.+2      	; 0x6c2 <__EEPROM_REGION_LENGTH__+0x2c2>
 6c0:	80 e2       	ldi	r24, 0x20	; 32
 6c2:	a7 fc       	sbrc	r10, 7
 6c4:	8d e2       	ldi	r24, 0x2D	; 45
 6c6:	b6 01       	movw	r22, r12
 6c8:	90 e0       	ldi	r25, 0x00	; 0
 6ca:	0e 94 a5 03 	call	0x74a	; 0x74a <fputc>
 6ce:	89 14       	cp	r8, r9
 6d0:	38 f4       	brcc	.+14     	; 0x6e0 <__EEPROM_REGION_LENGTH__+0x2e0>
 6d2:	b6 01       	movw	r22, r12
 6d4:	80 e3       	ldi	r24, 0x30	; 48
 6d6:	90 e0       	ldi	r25, 0x00	; 0
 6d8:	0e 94 a5 03 	call	0x74a	; 0x74a <fputc>
 6dc:	9a 94       	dec	r9
 6de:	f7 cf       	rjmp	.-18     	; 0x6ce <__EEPROM_REGION_LENGTH__+0x2ce>
 6e0:	8a 94       	dec	r8
 6e2:	f3 01       	movw	r30, r6
 6e4:	e8 0d       	add	r30, r8
 6e6:	f1 1d       	adc	r31, r1
 6e8:	80 81       	ld	r24, Z
 6ea:	b6 01       	movw	r22, r12
 6ec:	90 e0       	ldi	r25, 0x00	; 0
 6ee:	0e 94 a5 03 	call	0x74a	; 0x74a <fputc>
 6f2:	81 10       	cpse	r8, r1
 6f4:	f5 cf       	rjmp	.-22     	; 0x6e0 <__EEPROM_REGION_LENGTH__+0x2e0>
 6f6:	22 20       	and	r2, r2
 6f8:	09 f4       	brne	.+2      	; 0x6fc <__EEPROM_REGION_LENGTH__+0x2fc>
 6fa:	42 ce       	rjmp	.-892    	; 0x380 <vfprintf+0x24>
 6fc:	b6 01       	movw	r22, r12
 6fe:	80 e2       	ldi	r24, 0x20	; 32
 700:	90 e0       	ldi	r25, 0x00	; 0
 702:	0e 94 a5 03 	call	0x74a	; 0x74a <fputc>
 706:	2a 94       	dec	r2
 708:	f6 cf       	rjmp	.-20     	; 0x6f6 <__EEPROM_REGION_LENGTH__+0x2f6>
 70a:	f6 01       	movw	r30, r12
 70c:	86 81       	ldd	r24, Z+6	; 0x06
 70e:	97 81       	ldd	r25, Z+7	; 0x07
 710:	02 c0       	rjmp	.+4      	; 0x716 <__EEPROM_REGION_LENGTH__+0x316>
 712:	8f ef       	ldi	r24, 0xFF	; 255
 714:	9f ef       	ldi	r25, 0xFF	; 255
 716:	2b 96       	adiw	r28, 0x0b	; 11
 718:	e2 e1       	ldi	r30, 0x12	; 18
 71a:	0c 94 5b 04 	jmp	0x8b6	; 0x8b6 <__epilogue_restores__>

0000071e <strnlen_P>:
 71e:	fc 01       	movw	r30, r24
 720:	05 90       	lpm	r0, Z+
 722:	61 50       	subi	r22, 0x01	; 1
 724:	70 40       	sbci	r23, 0x00	; 0
 726:	01 10       	cpse	r0, r1
 728:	d8 f7       	brcc	.-10     	; 0x720 <strnlen_P+0x2>
 72a:	80 95       	com	r24
 72c:	90 95       	com	r25
 72e:	8e 0f       	add	r24, r30
 730:	9f 1f       	adc	r25, r31
 732:	08 95       	ret

00000734 <strnlen>:
 734:	fc 01       	movw	r30, r24
 736:	61 50       	subi	r22, 0x01	; 1
 738:	70 40       	sbci	r23, 0x00	; 0
 73a:	01 90       	ld	r0, Z+
 73c:	01 10       	cpse	r0, r1
 73e:	d8 f7       	brcc	.-10     	; 0x736 <strnlen+0x2>
 740:	80 95       	com	r24
 742:	90 95       	com	r25
 744:	8e 0f       	add	r24, r30
 746:	9f 1f       	adc	r25, r31
 748:	08 95       	ret

0000074a <fputc>:
 74a:	0f 93       	push	r16
 74c:	1f 93       	push	r17
 74e:	cf 93       	push	r28
 750:	df 93       	push	r29
 752:	fb 01       	movw	r30, r22
 754:	23 81       	ldd	r18, Z+3	; 0x03
 756:	21 fd       	sbrc	r18, 1
 758:	03 c0       	rjmp	.+6      	; 0x760 <fputc+0x16>
 75a:	8f ef       	ldi	r24, 0xFF	; 255
 75c:	9f ef       	ldi	r25, 0xFF	; 255
 75e:	2c c0       	rjmp	.+88     	; 0x7b8 <fputc+0x6e>
 760:	22 ff       	sbrs	r18, 2
 762:	16 c0       	rjmp	.+44     	; 0x790 <fputc+0x46>
 764:	46 81       	ldd	r20, Z+6	; 0x06
 766:	57 81       	ldd	r21, Z+7	; 0x07
 768:	24 81       	ldd	r18, Z+4	; 0x04
 76a:	35 81       	ldd	r19, Z+5	; 0x05
 76c:	42 17       	cp	r20, r18
 76e:	53 07       	cpc	r21, r19
 770:	44 f4       	brge	.+16     	; 0x782 <fputc+0x38>
 772:	a0 81       	ld	r26, Z
 774:	b1 81       	ldd	r27, Z+1	; 0x01
 776:	9d 01       	movw	r18, r26
 778:	2f 5f       	subi	r18, 0xFF	; 255
 77a:	3f 4f       	sbci	r19, 0xFF	; 255
 77c:	31 83       	std	Z+1, r19	; 0x01
 77e:	20 83       	st	Z, r18
 780:	8c 93       	st	X, r24
 782:	26 81       	ldd	r18, Z+6	; 0x06
 784:	37 81       	ldd	r19, Z+7	; 0x07
 786:	2f 5f       	subi	r18, 0xFF	; 255
 788:	3f 4f       	sbci	r19, 0xFF	; 255
 78a:	37 83       	std	Z+7, r19	; 0x07
 78c:	26 83       	std	Z+6, r18	; 0x06
 78e:	14 c0       	rjmp	.+40     	; 0x7b8 <fputc+0x6e>
 790:	8b 01       	movw	r16, r22
 792:	ec 01       	movw	r28, r24
 794:	fb 01       	movw	r30, r22
 796:	00 84       	ldd	r0, Z+8	; 0x08
 798:	f1 85       	ldd	r31, Z+9	; 0x09
 79a:	e0 2d       	mov	r30, r0
 79c:	09 95       	icall
 79e:	89 2b       	or	r24, r25
 7a0:	e1 f6       	brne	.-72     	; 0x75a <fputc+0x10>
 7a2:	d8 01       	movw	r26, r16
 7a4:	16 96       	adiw	r26, 0x06	; 6
 7a6:	8d 91       	ld	r24, X+
 7a8:	9c 91       	ld	r25, X
 7aa:	17 97       	sbiw	r26, 0x07	; 7
 7ac:	01 96       	adiw	r24, 0x01	; 1
 7ae:	17 96       	adiw	r26, 0x07	; 7
 7b0:	9c 93       	st	X, r25
 7b2:	8e 93       	st	-X, r24
 7b4:	16 97       	sbiw	r26, 0x06	; 6
 7b6:	ce 01       	movw	r24, r28
 7b8:	df 91       	pop	r29
 7ba:	cf 91       	pop	r28
 7bc:	1f 91       	pop	r17
 7be:	0f 91       	pop	r16
 7c0:	08 95       	ret

000007c2 <__ultoa_invert>:
 7c2:	fa 01       	movw	r30, r20
 7c4:	aa 27       	eor	r26, r26
 7c6:	28 30       	cpi	r18, 0x08	; 8
 7c8:	51 f1       	breq	.+84     	; 0x81e <__DATA_REGION_LENGTH__+0x1e>
 7ca:	20 31       	cpi	r18, 0x10	; 16
 7cc:	81 f1       	breq	.+96     	; 0x82e <__DATA_REGION_LENGTH__+0x2e>
 7ce:	e8 94       	clt
 7d0:	6f 93       	push	r22
 7d2:	6e 7f       	andi	r22, 0xFE	; 254
 7d4:	6e 5f       	subi	r22, 0xFE	; 254
 7d6:	7f 4f       	sbci	r23, 0xFF	; 255
 7d8:	8f 4f       	sbci	r24, 0xFF	; 255
 7da:	9f 4f       	sbci	r25, 0xFF	; 255
 7dc:	af 4f       	sbci	r26, 0xFF	; 255
 7de:	b1 e0       	ldi	r27, 0x01	; 1
 7e0:	3e d0       	rcall	.+124    	; 0x85e <__DATA_REGION_LENGTH__+0x5e>
 7e2:	b4 e0       	ldi	r27, 0x04	; 4
 7e4:	3c d0       	rcall	.+120    	; 0x85e <__DATA_REGION_LENGTH__+0x5e>
 7e6:	67 0f       	add	r22, r23
 7e8:	78 1f       	adc	r23, r24
 7ea:	89 1f       	adc	r24, r25
 7ec:	9a 1f       	adc	r25, r26
 7ee:	a1 1d       	adc	r26, r1
 7f0:	68 0f       	add	r22, r24
 7f2:	79 1f       	adc	r23, r25
 7f4:	8a 1f       	adc	r24, r26
 7f6:	91 1d       	adc	r25, r1
 7f8:	a1 1d       	adc	r26, r1
 7fa:	6a 0f       	add	r22, r26
 7fc:	71 1d       	adc	r23, r1
 7fe:	81 1d       	adc	r24, r1
 800:	91 1d       	adc	r25, r1
 802:	a1 1d       	adc	r26, r1
 804:	20 d0       	rcall	.+64     	; 0x846 <__DATA_REGION_LENGTH__+0x46>
 806:	09 f4       	brne	.+2      	; 0x80a <__DATA_REGION_LENGTH__+0xa>
 808:	68 94       	set
 80a:	3f 91       	pop	r19
 80c:	2a e0       	ldi	r18, 0x0A	; 10
 80e:	26 9f       	mul	r18, r22
 810:	11 24       	eor	r1, r1
 812:	30 19       	sub	r19, r0
 814:	30 5d       	subi	r19, 0xD0	; 208
 816:	31 93       	st	Z+, r19
 818:	de f6       	brtc	.-74     	; 0x7d0 <__ultoa_invert+0xe>
 81a:	cf 01       	movw	r24, r30
 81c:	08 95       	ret
 81e:	46 2f       	mov	r20, r22
 820:	47 70       	andi	r20, 0x07	; 7
 822:	40 5d       	subi	r20, 0xD0	; 208
 824:	41 93       	st	Z+, r20
 826:	b3 e0       	ldi	r27, 0x03	; 3
 828:	0f d0       	rcall	.+30     	; 0x848 <__DATA_REGION_LENGTH__+0x48>
 82a:	c9 f7       	brne	.-14     	; 0x81e <__DATA_REGION_LENGTH__+0x1e>
 82c:	f6 cf       	rjmp	.-20     	; 0x81a <__DATA_REGION_LENGTH__+0x1a>
 82e:	46 2f       	mov	r20, r22
 830:	4f 70       	andi	r20, 0x0F	; 15
 832:	40 5d       	subi	r20, 0xD0	; 208
 834:	4a 33       	cpi	r20, 0x3A	; 58
 836:	18 f0       	brcs	.+6      	; 0x83e <__DATA_REGION_LENGTH__+0x3e>
 838:	49 5d       	subi	r20, 0xD9	; 217
 83a:	31 fd       	sbrc	r19, 1
 83c:	40 52       	subi	r20, 0x20	; 32
 83e:	41 93       	st	Z+, r20
 840:	02 d0       	rcall	.+4      	; 0x846 <__DATA_REGION_LENGTH__+0x46>
 842:	a9 f7       	brne	.-22     	; 0x82e <__DATA_REGION_LENGTH__+0x2e>
 844:	ea cf       	rjmp	.-44     	; 0x81a <__DATA_REGION_LENGTH__+0x1a>
 846:	b4 e0       	ldi	r27, 0x04	; 4
 848:	a6 95       	lsr	r26
 84a:	97 95       	ror	r25
 84c:	87 95       	ror	r24
 84e:	77 95       	ror	r23
 850:	67 95       	ror	r22
 852:	ba 95       	dec	r27
 854:	c9 f7       	brne	.-14     	; 0x848 <__DATA_REGION_LENGTH__+0x48>
 856:	00 97       	sbiw	r24, 0x00	; 0
 858:	61 05       	cpc	r22, r1
 85a:	71 05       	cpc	r23, r1
 85c:	08 95       	ret
 85e:	9b 01       	movw	r18, r22
 860:	ac 01       	movw	r20, r24
 862:	0a 2e       	mov	r0, r26
 864:	06 94       	lsr	r0
 866:	57 95       	ror	r21
 868:	47 95       	ror	r20
 86a:	37 95       	ror	r19
 86c:	27 95       	ror	r18
 86e:	ba 95       	dec	r27
 870:	c9 f7       	brne	.-14     	; 0x864 <__DATA_REGION_LENGTH__+0x64>
 872:	62 0f       	add	r22, r18
 874:	73 1f       	adc	r23, r19
 876:	84 1f       	adc	r24, r20
 878:	95 1f       	adc	r25, r21
 87a:	a0 1d       	adc	r26, r0
 87c:	08 95       	ret

0000087e <__prologue_saves__>:
 87e:	2f 92       	push	r2
 880:	3f 92       	push	r3
 882:	4f 92       	push	r4
 884:	5f 92       	push	r5
 886:	6f 92       	push	r6
 888:	7f 92       	push	r7
 88a:	8f 92       	push	r8
 88c:	9f 92       	push	r9
 88e:	af 92       	push	r10
 890:	bf 92       	push	r11
 892:	cf 92       	push	r12
 894:	df 92       	push	r13
 896:	ef 92       	push	r14
 898:	ff 92       	push	r15
 89a:	0f 93       	push	r16
 89c:	1f 93       	push	r17
 89e:	cf 93       	push	r28
 8a0:	df 93       	push	r29
 8a2:	cd b7       	in	r28, 0x3d	; 61
 8a4:	de b7       	in	r29, 0x3e	; 62
 8a6:	ca 1b       	sub	r28, r26
 8a8:	db 0b       	sbc	r29, r27
 8aa:	0f b6       	in	r0, 0x3f	; 63
 8ac:	f8 94       	cli
 8ae:	de bf       	out	0x3e, r29	; 62
 8b0:	0f be       	out	0x3f, r0	; 63
 8b2:	cd bf       	out	0x3d, r28	; 61
 8b4:	09 94       	ijmp

000008b6 <__epilogue_restores__>:
 8b6:	2a 88       	ldd	r2, Y+18	; 0x12
 8b8:	39 88       	ldd	r3, Y+17	; 0x11
 8ba:	48 88       	ldd	r4, Y+16	; 0x10
 8bc:	5f 84       	ldd	r5, Y+15	; 0x0f
 8be:	6e 84       	ldd	r6, Y+14	; 0x0e
 8c0:	7d 84       	ldd	r7, Y+13	; 0x0d
 8c2:	8c 84       	ldd	r8, Y+12	; 0x0c
 8c4:	9b 84       	ldd	r9, Y+11	; 0x0b
 8c6:	aa 84       	ldd	r10, Y+10	; 0x0a
 8c8:	b9 84       	ldd	r11, Y+9	; 0x09
 8ca:	c8 84       	ldd	r12, Y+8	; 0x08
 8cc:	df 80       	ldd	r13, Y+7	; 0x07
 8ce:	ee 80       	ldd	r14, Y+6	; 0x06
 8d0:	fd 80       	ldd	r15, Y+5	; 0x05
 8d2:	0c 81       	ldd	r16, Y+4	; 0x04
 8d4:	1b 81       	ldd	r17, Y+3	; 0x03
 8d6:	aa 81       	ldd	r26, Y+2	; 0x02
 8d8:	b9 81       	ldd	r27, Y+1	; 0x01
 8da:	ce 0f       	add	r28, r30
 8dc:	d1 1d       	adc	r29, r1
 8de:	0f b6       	in	r0, 0x3f	; 63
 8e0:	f8 94       	cli
 8e2:	de bf       	out	0x3e, r29	; 62
 8e4:	0f be       	out	0x3f, r0	; 63
 8e6:	cd bf       	out	0x3d, r28	; 61
 8e8:	ed 01       	movw	r28, r26
 8ea:	08 95       	ret

000008ec <_exit>:
 8ec:	f8 94       	cli

000008ee <__stop_program>:
 8ee:	ff cf       	rjmp	.-2      	; 0x8ee <__stop_program>
