
task1.elf:     file format elf32-avr

Sections:
Idx Name          Size      VMA       LMA       File off  Algn
  0 .data         00000000  00800100  0000016c  00000200  2**0
                  CONTENTS, ALLOC, LOAD, DATA
  1 .text         0000016c  00000000  00000000  00000094  2**1
                  CONTENTS, ALLOC, LOAD, READONLY, CODE
  2 .bss          000003ea  00800100  00800100  00000200  2**0
                  ALLOC
  3 .stab         00000678  00000000  00000000  00000200  2**2
                  CONTENTS, READONLY, DEBUGGING
  4 .stabstr      00000cbf  00000000  00000000  00000878  2**0
                  CONTENTS, READONLY, DEBUGGING
  5 .comment      00000011  00000000  00000000  00001537  2**0
                  CONTENTS, READONLY
  6 .note.gnu.avr.deviceinfo 00000040  00000000  00000000  00001548  2**2
                  CONTENTS, READONLY
  7 .debug_info   000005f4  00000000  00000000  00001588  2**0
                  CONTENTS, READONLY, DEBUGGING
  8 .debug_abbrev 000005a2  00000000  00000000  00001b7c  2**0
                  CONTENTS, READONLY, DEBUGGING
  9 .debug_line   0000001a  00000000  00000000  0000211e  2**0
                  CONTENTS, READONLY, DEBUGGING
 10 .debug_str    00000208  00000000  00000000  00002138  2**0
                  CONTENTS, READONLY, DEBUGGING

Disassembly of section .text:

00000000 <__vectors>:
   0:	0c 94 34 00 	jmp	0x68	; 0x68 <__ctors_end>
   4:	0c 94 46 00 	jmp	0x8c	; 0x8c <__bad_interrupt>
   8:	0c 94 46 00 	jmp	0x8c	; 0x8c <__bad_interrupt>
   c:	0c 94 46 00 	jmp	0x8c	; 0x8c <__bad_interrupt>
  10:	0c 94 46 00 	jmp	0x8c	; 0x8c <__bad_interrupt>
  14:	0c 94 46 00 	jmp	0x8c	; 0x8c <__bad_interrupt>
  18:	0c 94 46 00 	jmp	0x8c	; 0x8c <__bad_interrupt>
  1c:	0c 94 5a 00 	jmp	0xb4	; 0xb4 <__vector_7>
  20:	0c 94 46 00 	jmp	0x8c	; 0x8c <__bad_interrupt>
  24:	0c 94 46 00 	jmp	0x8c	; 0x8c <__bad_interrupt>
  28:	0c 94 46 00 	jmp	0x8c	; 0x8c <__bad_interrupt>
  2c:	0c 94 46 00 	jmp	0x8c	; 0x8c <__bad_interrupt>
  30:	0c 94 46 00 	jmp	0x8c	; 0x8c <__bad_interrupt>
  34:	0c 94 46 00 	jmp	0x8c	; 0x8c <__bad_interrupt>
  38:	0c 94 46 00 	jmp	0x8c	; 0x8c <__bad_interrupt>
  3c:	0c 94 46 00 	jmp	0x8c	; 0x8c <__bad_interrupt>
  40:	0c 94 46 00 	jmp	0x8c	; 0x8c <__bad_interrupt>
  44:	0c 94 46 00 	jmp	0x8c	; 0x8c <__bad_interrupt>
  48:	0c 94 46 00 	jmp	0x8c	; 0x8c <__bad_interrupt>
  4c:	0c 94 46 00 	jmp	0x8c	; 0x8c <__bad_interrupt>
  50:	0c 94 46 00 	jmp	0x8c	; 0x8c <__bad_interrupt>
  54:	0c 94 46 00 	jmp	0x8c	; 0x8c <__bad_interrupt>
  58:	0c 94 46 00 	jmp	0x8c	; 0x8c <__bad_interrupt>
  5c:	0c 94 46 00 	jmp	0x8c	; 0x8c <__bad_interrupt>
  60:	0c 94 46 00 	jmp	0x8c	; 0x8c <__bad_interrupt>
  64:	0c 94 46 00 	jmp	0x8c	; 0x8c <__bad_interrupt>

00000068 <__ctors_end>:
  68:	11 24       	eor	r1, r1
  6a:	1f be       	out	0x3f, r1	; 63
  6c:	cf ef       	ldi	r28, 0xFF	; 255
  6e:	d8 e0       	ldi	r29, 0x08	; 8
  70:	de bf       	out	0x3e, r29	; 62
  72:	cd bf       	out	0x3d, r28	; 61

00000074 <__do_clear_bss>:
  74:	24 e0       	ldi	r18, 0x04	; 4
  76:	a0 e0       	ldi	r26, 0x00	; 0
  78:	b1 e0       	ldi	r27, 0x01	; 1
  7a:	01 c0       	rjmp	.+2      	; 0x7e <.do_clear_bss_start>

0000007c <.do_clear_bss_loop>:
  7c:	1d 92       	st	X+, r1

0000007e <.do_clear_bss_start>:
  7e:	aa 3e       	cpi	r26, 0xEA	; 234
  80:	b2 07       	cpc	r27, r18
  82:	e1 f7       	brne	.-8      	; 0x7c <.do_clear_bss_loop>
  84:	0e 94 98 00 	call	0x130	; 0x130 <main>
  88:	0c 94 b4 00 	jmp	0x168	; 0x168 <_exit>

0000008c <__bad_interrupt>:
  8c:	0c 94 00 00 	jmp	0	; 0x0 <__vectors>

00000090 <io_init>:

uint8_t queue[QUEUE_LEN];
uint16_t last = 0;

void io_init() {
	BTN_PORT |= 1 << BTN;
  90:	5a 9a       	sbi	0x0b, 2	; 11
	LED_DDR  |= 1 << LED;
  92:	38 9a       	sbi	0x07, 0	; 7
  94:	08 95       	ret

00000096 <timer2_init>:
}

void timer2_init() {
	TCCR2A = _BV(WGM21); // CTC
  96:	82 e0       	ldi	r24, 0x02	; 2
  98:	80 93 b0 00 	sts	0x00B0, r24	; 0x8000b0 <__TEXT_REGION_LENGTH__+0x7f80b0>
	TCCR2B = _BV(CS21) | _BV(CS20); // /32 prescaler
  9c:	83 e0       	ldi	r24, 0x03	; 3
  9e:	80 93 b1 00 	sts	0x00B1, r24	; 0x8000b1 <__TEXT_REGION_LENGTH__+0x7f80b1>
	OCR2A = 249; // 1khz = 16e6 / (2 * 32 * (1 + 249))
  a2:	89 ef       	ldi	r24, 0xF9	; 249
  a4:	80 93 b3 00 	sts	0x00B3, r24	; 0x8000b3 <__TEXT_REGION_LENGTH__+0x7f80b3>
	TIMSK2 |= _BV(OCIE2A); // interrupt
  a8:	e0 e7       	ldi	r30, 0x70	; 112
  aa:	f0 e0       	ldi	r31, 0x00	; 0
  ac:	80 81       	ld	r24, Z
  ae:	82 60       	ori	r24, 0x02	; 2
  b0:	80 83       	st	Z, r24
  b2:	08 95       	ret

000000b4 <__vector_7>:
}

ISR(TIMER2_COMPA_vect) {	
  b4:	1f 92       	push	r1
  b6:	0f 92       	push	r0
  b8:	0f b6       	in	r0, 0x3f	; 63
  ba:	0f 92       	push	r0
  bc:	11 24       	eor	r1, r1
  be:	2f 93       	push	r18
  c0:	3f 93       	push	r19
  c2:	4f 93       	push	r20
  c4:	5f 93       	push	r21
  c6:	8f 93       	push	r24
  c8:	9f 93       	push	r25
  ca:	ef 93       	push	r30
  cc:	ff 93       	push	r31
	LED_PORT = queue[last] << LED;
  ce:	e0 91 00 01 	lds	r30, 0x0100	; 0x800100 <__DATA_REGION_ORIGIN__>
  d2:	f0 91 01 01 	lds	r31, 0x0101	; 0x800101 <__DATA_REGION_ORIGIN__+0x1>
  d6:	ee 5f       	subi	r30, 0xFE	; 254
  d8:	fe 4f       	sbci	r31, 0xFE	; 254
  da:	80 81       	ld	r24, Z
  dc:	88 b9       	out	0x08, r24	; 8

	uint8_t pressed = (BTN_PIN & _BV(BTN)) ? 0 : 1;
  de:	29 b1       	in	r18, 0x09	; 9
	queue[last++] = pressed;
  e0:	80 91 00 01 	lds	r24, 0x0100	; 0x800100 <__DATA_REGION_ORIGIN__>
  e4:	90 91 01 01 	lds	r25, 0x0101	; 0x800101 <__DATA_REGION_ORIGIN__+0x1>
  e8:	ac 01       	movw	r20, r24
  ea:	4f 5f       	subi	r20, 0xFF	; 255
  ec:	5f 4f       	sbci	r21, 0xFF	; 255
  ee:	50 93 01 01 	sts	0x0101, r21	; 0x800101 <__DATA_REGION_ORIGIN__+0x1>
  f2:	40 93 00 01 	sts	0x0100, r20	; 0x800100 <__DATA_REGION_ORIGIN__>
  f6:	fc 01       	movw	r30, r24
  f8:	ee 5f       	subi	r30, 0xFE	; 254
  fa:	fe 4f       	sbci	r31, 0xFE	; 254
  fc:	22 fb       	bst	r18, 2
  fe:	33 27       	eor	r19, r19
 100:	30 f9       	bld	r19, 0
 102:	21 e0       	ldi	r18, 0x01	; 1
 104:	23 27       	eor	r18, r19
 106:	20 83       	st	Z, r18
	
	if (last == QUEUE_LEN)
 108:	48 3e       	cpi	r20, 0xE8	; 232
 10a:	53 40       	sbci	r21, 0x03	; 3
 10c:	21 f4       	brne	.+8      	; 0x116 <__vector_7+0x62>
		last = 0;
 10e:	10 92 01 01 	sts	0x0101, r1	; 0x800101 <__DATA_REGION_ORIGIN__+0x1>
 112:	10 92 00 01 	sts	0x0100, r1	; 0x800100 <__DATA_REGION_ORIGIN__>
}
 116:	ff 91       	pop	r31
 118:	ef 91       	pop	r30
 11a:	9f 91       	pop	r25
 11c:	8f 91       	pop	r24
 11e:	5f 91       	pop	r21
 120:	4f 91       	pop	r20
 122:	3f 91       	pop	r19
 124:	2f 91       	pop	r18
 126:	0f 90       	pop	r0
 128:	0f be       	out	0x3f, r0	; 63
 12a:	0f 90       	pop	r0
 12c:	1f 90       	pop	r1
 12e:	18 95       	reti

00000130 <main>:

uint8_t queue[QUEUE_LEN];
uint16_t last = 0;

void io_init() {
	BTN_PORT |= 1 << BTN;
 130:	5a 9a       	sbi	0x0b, 2	; 11
	LED_DDR  |= 1 << LED;
 132:	38 9a       	sbi	0x07, 0	; 7
}

void timer2_init() {
	TCCR2A = _BV(WGM21); // CTC
 134:	82 e0       	ldi	r24, 0x02	; 2
 136:	80 93 b0 00 	sts	0x00B0, r24	; 0x8000b0 <__TEXT_REGION_LENGTH__+0x7f80b0>
	TCCR2B = _BV(CS21) | _BV(CS20); // /32 prescaler
 13a:	83 e0       	ldi	r24, 0x03	; 3
 13c:	80 93 b1 00 	sts	0x00B1, r24	; 0x8000b1 <__TEXT_REGION_LENGTH__+0x7f80b1>
	OCR2A = 249; // 1khz = 16e6 / (2 * 32 * (1 + 249))
 140:	89 ef       	ldi	r24, 0xF9	; 249
 142:	80 93 b3 00 	sts	0x00B3, r24	; 0x8000b3 <__TEXT_REGION_LENGTH__+0x7f80b3>
	TIMSK2 |= _BV(OCIE2A); // interrupt
 146:	80 91 70 00 	lds	r24, 0x0070	; 0x800070 <__TEXT_REGION_LENGTH__+0x7f8070>
 14a:	82 60       	ori	r24, 0x02	; 2
 14c:	80 93 70 00 	sts	0x0070, r24	; 0x800070 <__TEXT_REGION_LENGTH__+0x7f8070>

int main() {
	io_init();
	timer2_init();

	set_sleep_mode(SLEEP_MODE_IDLE);
 150:	83 b7       	in	r24, 0x33	; 51
 152:	81 7f       	andi	r24, 0xF1	; 241
 154:	83 bf       	out	0x33, r24	; 51
	sei();
 156:	78 94       	sei

	while (1) {
		sleep_mode();
 158:	83 b7       	in	r24, 0x33	; 51
 15a:	81 60       	ori	r24, 0x01	; 1
 15c:	83 bf       	out	0x33, r24	; 51
 15e:	88 95       	sleep
 160:	83 b7       	in	r24, 0x33	; 51
 162:	8e 7f       	andi	r24, 0xFE	; 254
 164:	83 bf       	out	0x33, r24	; 51
 166:	f8 cf       	rjmp	.-16     	; 0x158 <main+0x28>

00000168 <_exit>:
 168:	f8 94       	cli

0000016a <__stop_program>:
 16a:	ff cf       	rjmp	.-2      	; 0x16a <__stop_program>
