Archive member included to satisfy reference by file (symbol)

/usr/lib/gcc/x86_64-linux-gnu/12/../../../x86_64-linux-gnu/libc.a(libc-start.o)
                              /usr/lib/gcc/x86_64-linux-gnu/12/../../../x86_64-linux-gnu/crt1.o (__libc_start_main)
/usr/lib/gcc/x86_64-linux-gnu/12/../../../x86_64-linux-gnu/libc.a(check_fds.o)
                              /usr/lib/gcc/x86_64-linux-gnu/12/../../../x86_64-linux-gnu/libc.a(libc-start.o) (__libc_check_standard_fds)
/usr/lib/gcc/x86_64-linux-gnu/12/../../../x86_64-linux-gnu/libc.a(libc-tls.o)
                              /usr/lib/gcc/x86_64-linux-gnu/12/../../../x86_64-linux-gnu/libc.a(libc-start.o) (__libc_setup_tls)
/usr/lib/gcc/x86_64-linux-gnu/12/../../../x86_64-linux-gnu/libc.a(errno.o)
                              /usr/lib/gcc/x86_64-linux-gnu/12/../../../x86_64-linux-gnu/libc.a(check_fds.o) (__libc_errno)
/usr/lib/gcc/x86_64-linux-gnu/12/../../../x86_64-linux-gnu/libc.a(assert.o)
                              /usr/lib/gcc/x86_64-linux-gnu/12/../../../x86_64-linux-gnu/libc.a(libc-start.o) (__assert_fail)
/usr/lib/gcc/x86_64-linux-gnu/12/../../../x86_64-linux-gnu/libc.a(dcgettext.o)
                              /usr/lib/gcc/x86_64-linux-gnu/12/../../../x86_64-linux-gnu/libc.a(assert.o) (__dcgettext)
/usr/lib/gcc/x86_64-linux-gnu/12/../../../x86_64-linux-gnu/libc.a(dcigettext.o)
                              /usr/lib/gcc/x86_64-linux-gnu/12/../../../x86_64-linux-gnu/libc.a(dcgettext.o) (__dcigettext)
/usr/lib/gcc/x86_64-linux-gnu/12/../../../x86_64-linux-gnu/libc.a(finddomain.o)
                              /usr/lib/gcc/x86_64-linux-gnu/12/../../../x86_64-linux-gnu/libc.a(dcigettext.o) (_nl_find_domain)
/usr/lib/gcc/x86_64-linux-gnu/12/../../../x86_64-linux-gnu/libc.a(loadmsgcat.o)
                              /usr/lib/gcc/x86_64-linux-gnu/12/../../../x86_64-linux-gnu/libc.a(dcigettext.o) (_nl_load_domain)
/usr/lib/gcc/x86_64-linux-gnu/12/../../../x86_64-linux-gnu/libc.a(localealias.o)
                              /usr/lib/gcc/x86_64-linux-gnu/12/../../../x86_64-linux-gnu/libc.a(finddomain.o) (_nl_expand_alias)
/usr/lib/gcc/x86_64-linux-gnu/12/../../../x86_64-linux-gnu/libc.a(l10nflist.o)
                              /usr/lib/gcc/x86_64-linux-gnu/12/../../../x86_64-linux-gnu/libc.a(finddomain.o) (_nl_make_l10nflist)
/usr/lib/gcc/x86_64-linux-gnu/12/../../../x86_64-linux-gnu/libc.a(explodename.o)
                              /usr/lib/gcc/x86_64-linux-gnu/12/../../../x86_64-linux-gnu/libc.a(finddomain.o) (_nl_explode_name)
/usr/lib/gcc/x86_64-linux-gnu/12/../../../x86_64-linux-gnu/libc.a(plural.o)
                              /usr/lib/gcc/x86_64-linux-gnu/12/../../../x86_64-linux-gnu/libc.a(loadmsgcat.o) (__gettext_free_exp)
/usr/lib/gcc/x86_64-linux-gnu/12/../../../x86_64-linux-gnu/libc.a(plural-exp.o)
                              /usr/lib/gcc/x86_64-linux-gnu/12/../../../x86_64-linux-gnu/libc.a(loadmsgcat.o) (__gettext_extract_plural)
/usr/lib/gcc/x86_64-linux-gnu/12/../../../x86_64-linux-gnu/libc.a(hash-string.o)
                              /usr/lib/gcc/x86_64-linux-gnu/12/../../../x86_64-linux-gnu/libc.a(dcigettext.o) (__hash_string)
/usr/lib/gcc/x86_64-linux-gnu/12/../../../x86_64-linux-gnu/libc.a(bsd-_setjmp.o)
                              /usr/lib/gcc/x86_64-linux-gnu/12/../../../x86_64-linux-gnu/libc.a(libc-start.o) (_setjmp)
/usr/lib/gcc/x86_64-linux-gnu/12/../../../x86_64-linux-gnu/libc.a(raise.o)
                              /usr/lib/gcc/x86_64-linux-gnu/12/../../../x86_64-linux-gnu/libc.a(dcigettext.o) (raise)
/usr/lib/gcc/x86_64-linux-gnu/12/../../../x86_64-linux-gnu/libc.a(abort.o)
                              /usr/lib/gcc/x86_64-linux-gnu/12/../../../x86_64-linux-gnu/libc.a(assert.o) (abort)
/usr/lib/gcc/x86_64-linux-gnu/12/../../../x86_64-linux-gnu/libc.a(cxa_atexit.o)
                              /usr/lib/gcc/x86_64-linux-gnu/12/../../../x86_64-linux-gnu/libc.a(libc-start.o) (__cxa_atexit)
/usr/lib/gcc/x86_64-linux-gnu/12/../../../x86_64-linux-gnu/libc.a(exit.o)
                              /usr/lib/gcc/x86_64-linux-gnu/12/../../../x86_64-linux-gnu/libc.a(cxa_atexit.o) (__exit_funcs_done)
/usr/lib/gcc/x86_64-linux-gnu/12/../../../x86_64-linux-gnu/libc.a(getenv.o)
                              /usr/lib/gcc/x86_64-linux-gnu/12/../../../x86_64-linux-gnu/libc.a(dcigettext.o) (getenv)
/usr/lib/gcc/x86_64-linux-gnu/12/../../../x86_64-linux-gnu/libc.a(msort.o)
                              /usr/lib/gcc/x86_64-linux-gnu/12/../../../x86_64-linux-gnu/libc.a(localealias.o) (qsort)
/usr/lib/gcc/x86_64-linux-gnu/12/../../../x86_64-linux-gnu/libc.a(qsort.o)
                              /usr/lib/gcc/x86_64-linux-gnu/12/../../../x86_64-linux-gnu/libc.a(msort.o) (_quicksort)
/usr/lib/gcc/x86_64-linux-gnu/12/../../../x86_64-linux-gnu/libc.a(strtoul.o)
                              /usr/lib/gcc/x86_64-linux-gnu/12/../../../x86_64-linux-gnu/libc.a(plural-exp.o) (strtoul)
[...]
Memory Configuration

Name             Origin             Length             Attributes
*default*        0x0000000000000000 0xffffffffffffffff

Linker script and memory map

LOAD /usr/lib/gcc/x86_64-linux-gnu/12/../../../x86_64-linux-gnu/crt1.o
LOAD /usr/lib/gcc/x86_64-linux-gnu/12/../../../x86_64-linux-gnu/crti.o
LOAD /usr/lib/gcc/x86_64-linux-gnu/12/crtbeginT.o
LOAD ropex.o
LOAD gadget.o
START GROUP
LOAD /usr/lib/gcc/x86_64-linux-gnu/12/libgcc.a
LOAD /usr/lib/gcc/x86_64-linux-gnu/12/libgcc_eh.a
LOAD /usr/lib/gcc/x86_64-linux-gnu/12/../../../x86_64-linux-gnu/libc.a
END GROUP
LOAD /usr/lib/gcc/x86_64-linux-gnu/12/crtend.o
LOAD /usr/lib/gcc/x86_64-linux-gnu/12/../../../x86_64-linux-gnu/crtn.o
                [!provide]                        PROVIDE (__executable_start = SEGMENT_START ("text-segment", 0x400000))
                0x0000000000400270                . = (SEGMENT_START ("text-segment", 0x400000) + SIZEOF_HEADERS)

.interp
 *(.interp)

.note.gnu.property
                0x0000000000400270       0x20
 .note.gnu.property
                0x0000000000400270       0x20 /usr/lib/gcc/x86_64-linux-gnu/12/../../../x86_64-linux-gnu/crt1.o

.note.gnu.build-id
                0x0000000000400290       0x24
 *(.note.gnu.build-id)
 .note.gnu.build-id
                0x0000000000400290       0x24 /usr/lib/gcc/x86_64-linux-gnu/12/../../../x86_64-linux-gnu/crt1.o

.note.ABI-tag   0x00000000004002b4       0x20
 .note.ABI-tag  0x00000000004002b4       0x20 /usr/lib/gcc/x86_64-linux-gnu/12/../../../x86_64-linux-gnu/crt1.o

.hash
 *(.hash)

.gnu.hash
 *(.gnu.hash)

.dynsym
 *(.dynsym)

.dynstr
 *(.dynstr)

.gnu.version
 *(.gnu.version)

.gnu.version_d
 *(.gnu.version_d)

.gnu.version_r
 *(.gnu.version_r)

.rela.dyn       0x00000000004002d8        0x0
 *(.rela.init)
 *(.rela.text .rela.text.* .rela.gnu.linkonce.t.*)
 .rela.text     0x00000000004002d8        0x0 /usr/lib/gcc/x86_64-linux-gnu/12/../../../x86_64-linux-gnu/crt1.o
 *(.rela.fini)
 *(.rela.rodata .rela.rodata.* .rela.gnu.linkonce.r.*)
 *(.rela.data .rela.data.* .rela.gnu.linkonce.d.*)
 .rela.data.rel.ro
                0x00000000004002d8        0x0 /usr/lib/gcc/x86_64-linux-gnu/12/../../../x86_64-linux-gnu/crt1.o
 *(.rela.tdata .rela.tdata.* .rela.gnu.linkonce.td.*)
 *(.rela.tbss .rela.tbss.* .rela.gnu.linkonce.tb.*)
 *(.rela.ctors)
 *(.rela.dtors)
 *(.rela.got)
 .rela.got      0x00000000004002d8        0x0 /usr/lib/gcc/x86_64-linux-gnu/12/../../../x86_64-linux-gnu/crt1.o
 *(.rela.bss .rela.bss.* .rela.gnu.linkonce.b.*)
 *(.rela.ldata .rela.ldata.* .rela.gnu.linkonce.l.*)
 *(.rela.lbss .rela.lbss.* .rela.gnu.linkonce.lb.*)
 *(.rela.lrodata .rela.lrodata.* .rela.gnu.linkonce.lr.*)
 *(.rela.ifunc)
 .rela.eh_frame
                0x00000000004002d8        0x0 /usr/lib/gcc/x86_64-linux-gnu/12/../../../x86_64-linux-gnu/crt1.o
 .rela__libc_IO_vtables
                0x00000000004002d8        0x0 /usr/lib/gcc/x86_64-linux-gnu/12/../../../x86_64-linux-gnu/crt1.o

.rela.plt       0x00000000004002d8      0x240
 *(.rela.plt)
                0x00000000004002d8                PROVIDE (__rela_iplt_start = .)
 *(.rela.iplt)
 .rela.iplt     0x00000000004002d8      0x240 /usr/lib/gcc/x86_64-linux-gnu/12/../../../x86_64-linux-gnu/crt1.o
                0x0000000000400518                PROVIDE (__rela_iplt_end = .)

.relr.dyn
 *(.relr.dyn)
                0x0000000000401000                . = ALIGN (CONSTANT (MAXPAGESIZE))

.init           0x0000000000401000       0x17
 *(SORT_NONE(.init))
 .init          0x0000000000401000       0x12 /usr/lib/gcc/x86_64-linux-gnu/12/../../../x86_64-linux-gnu/crti.o
                0x0000000000401000                _init
 .init          0x0000000000401012        0x5 /usr/lib/gcc/x86_64-linux-gnu/12/../../../x86_64-linux-gnu/crtn.o

.plt            0x0000000000401018       0xc0
 *(.plt)
 *(.iplt)
 *fill*         0x0000000000401018        0x0 
 .iplt          0x0000000000401018       0xc0 /usr/lib/gcc/x86_64-linux-gnu/12/../../../x86_64-linux-gnu/crt1.o

.plt.got
 *(.plt.got)

.plt.sec
 *(.plt.sec)

.text           0x0000000000401100    0x7733f
 *(.text.unlikely .text.*_unlikely .text.unlikely.*)
 .text.unlikely
                0x0000000000401100        0xf /usr/lib/gcc/x86_64-linux-gnu/12/../../../x86_64-linux-gnu/libc.a(assert.o)
 .text.unlikely
                0x000000000040110f        0xa /usr/lib/gcc/x86_64-linux-gnu/12/../../../x86_64-linux-gnu/libc.a(loadmsgcat.o)
 .text.unlikely
                0x0000000000401119      0x191 /usr/lib/gcc/x86_64-linux-gnu/12/../../../x86_64-linux-gnu/libc.a(abort.o)
                0x0000000000401119                abort
 .text.unlikely
                0x00000000004012aa       0x34 /usr/lib/gcc/x86_64-linux-gnu/12/../../../x86_64-linux-gnu/libc.a(iofclose.o)
 .text.unlikely
                0x00000000004012de       0x34 /usr/lib/gcc/x86_64-linux-gnu/12/../../../x86_64-linux-gnu/libc.a(iofflush.o)
 .text.unlikely
                0x0000000000401312       0x35 /usr/lib/gcc/x86_64-linux-gnu/12/../../../x86_64-linux-gnu/libc.a(ioputs.o)
 .text.unlikely
                0x0000000000401347       0x40 /usr/lib/gcc/x86_64-linux-gnu/12/../../../x86_64-linux-gnu/libc.a(wfileops.o)
 .text.unlikely
                0x0000000000401387       0x34 /usr/lib/gcc/x86_64-linux-gnu/12/../../../x86_64-linux-gnu/libc.a(getc.o)
 .text.unlikely
                0x00000000004013bb       0x35 /usr/lib/gcc/x86_64-linux-gnu/12/../../../x86_64-linux-gnu/libc.a(fileops.o)
 .text.unlikely
                0x00000000004013f0        0x6 /usr/lib/gcc/x86_64-linux-gnu/12/../../../x86_64-linux-gnu/libc.a(init-first.o)
                0x00000000004013f0                _dl_start
 .text.unlikely
                0x00000000004013f6        0x5 /usr/lib/gcc/x86_64-linux-gnu/12/../../../x86_64-linux-gnu/libc.a(printf_fp.o)
 .text.unlikely
                0x00000000004013fb        0x5 /usr/lib/gcc/x86_64-linux-gnu/12/../../../x86_64-linux-gnu/libc.a(printf_fphex.o)
 .text.unlikely
                0x0000000000401400       0x34 /usr/lib/gcc/x86_64-linux-gnu/12/../../../x86_64-linux-gnu/libc.a(iofputs.o)
 .text.unlikely
                0x0000000000401434       0x34 /usr/lib/gcc/x86_64-linux-gnu/12/../../../x86_64-linux-gnu/libc.a(iofwrite.o)
 .text.unlikely
                0x0000000000401468       0x34 /usr/lib/gcc/x86_64-linux-gnu/12/../../../x86_64-linux-gnu/libc.a(iogetdelim.o)
 .text.unlikely
                0x000000000040149c       0x27 /usr/lib/gcc/x86_64-linux-gnu/12/../../../x86_64-linux-gnu/libc.a(pthread_once.o)
 .text.unlikely
                0x00000000004014c3        0x5 /usr/lib/gcc/x86_64-linux-gnu/12/../../../x86_64-linux-gnu/libc.a(nptl-stack.o)
 .text.unlikely
                0x00000000004014c8       0x57 /usr/lib/gcc/x86_64-linux-gnu/12/libgcc_eh.a(unwind-dw2.o)
 .text.unlikely
                0x000000000040151f       0x29 /usr/lib/gcc/x86_64-linux-gnu/12/libgcc_eh.a(unwind-dw2-fde-dip.o)
 .text.unlikely
                0x0000000000401548       0x11 /usr/lib/gcc/x86_64-linux-gnu/12/libgcc_eh.a(unwind-c.o)
 *(.text.exit .text.exit.*)
 *(.text.startup .text.startup.*)
 *(.text.hot .text.hot.*)
 *(SORT_BY_NAME(.text.sorted.*))
 *(.text .stub .text.* .gnu.linkonce.t.*)
 *fill*         0x0000000000401559        0x7 
 .text          0x0000000000401560       0x31 /usr/lib/gcc/x86_64-linux-gnu/12/../../../x86_64-linux-gnu/crt1.o
                0x0000000000401560                _start
                0x0000000000401590                _dl_relocate_static_pie
 .text          0x0000000000401591        0x0 /usr/lib/gcc/x86_64-linux-gnu/12/../../../x86_64-linux-gnu/crti.o
 *fill*         0x0000000000401591        0xf 
 .text          0x00000000004015a0       0xe5 /usr/lib/gcc/x86_64-linux-gnu/12/crtbeginT.o
 .text          0x0000000000401685       0x9e ropex.o
                0x0000000000401685                readline
                0x00000000004016bb                echo
                0x00000000004016d4                main
 .text          0x0000000000401723       0x19 gadget.o
                0x0000000000401723                gadget
 *fill*         0x000000000040173c        0x4 
 .text          0x0000000000401740     0x2297 /usr/lib/gcc/x86_64-linux-gnu/12/../../../x86_64-linux-gnu/libc.a(libc-start.o)
                0x00000000004028c0                __libc_start_main_impl
                0x00000000004028c0                __libc_start_main
 *fill*         0x00000000004039d7        0x9 
 .text          0x00000000004039e0       0xe2 /usr/lib/gcc/x86_64-linux-gnu/12/../../../x86_64-linux-gnu/libc.a(check_fds.o)
                0x0000000000403a90                __libc_check_standard_fds
 *fill*         0x0000000000403ac2        0xe 
 .text          0x0000000000403ad0      0x2a9 /usr/lib/gcc/x86_64-linux-gnu/12/../../../x86_64-linux-gnu/libc.a(libc-tls.o)
                0x0000000000403ad0                __libc_setup_tls
 .text          0x0000000000403d79        0x0 /usr/lib/gcc/x86_64-linux-gnu/12/../../../x86_64-linux-gnu/libc.a(errno.o)
 *fill*         0x0000000000403d79        0x7 
 .text          0x0000000000403d80      0x192 /usr/lib/gcc/x86_64-linux-gnu/12/../../../x86_64-linux-gnu/libc.a(assert.o)
                0x0000000000403d80                __assert_fail_base
                0x0000000000403ed0                __assert_fail
 *fill*         0x0000000000403f12        0xe 
 .text          0x0000000000403f20        0xf /usr/lib/gcc/x86_64-linux-gnu/12/../../../x86_64-linux-gnu/libc.a(dcgettext.o)
                0x0000000000403f20                __dcgettext
                0x0000000000403f20                dcgettext
 *fill*         0x0000000000403f2f        0x1 
 .text          0x0000000000403f30     0x14f3 /usr/lib/gcc/x86_64-linux-gnu/12/../../../x86_64-linux-gnu/libc.a(dcigettext.o)
                0x00000000004041a0                _nl_find_msg
                0x0000000000404c30                __dcigettext
 *fill*         0x0000000000405423        0xd 
 .text          0x0000000000405430      0x277 /usr/lib/gcc/x86_64-linux-gnu/12/../../../x86_64-linux-gnu/libc.a(finddomain.o)
                0x0000000000405430                _nl_find_domain
 *fill*         0x00000000004056a7        0x9 
 .text          0x00000000004056b0     0x14a2 /usr/lib/gcc/x86_64-linux-gnu/12/../../../x86_64-linux-gnu/libc.a(loadmsgcat.o)
                0x00000000004056b0                _nl_load_domain
 *fill*         0x0000000000406b52        0xe 
 .text          0x0000000000406b60      0x67c /usr/lib/gcc/x86_64-linux-gnu/12/../../../x86_64-linux-gnu/libc.a(localealias.o)
                0x0000000000407050                _nl_expand_alias
 *fill*         0x00000000004071dc        0x4 
 .text          0x00000000004071e0      0x617 /usr/lib/gcc/x86_64-linux-gnu/12/../../../x86_64-linux-gnu/libc.a(l10nflist.o)
                0x00000000004071e0                _nl_make_l10nflist
                0x00000000004076f0                _nl_normalize_codeset
 *fill*         0x00000000004077f7        0x9 
 .text          0x0000000000407800      0x1d7 /usr/lib/gcc/x86_64-linux-gnu/12/../../../x86_64-linux-gnu/libc.a(explodename.o)
                0x0000000000407800                _nl_explode_name
 *fill*         0x00000000004079d7        0x9 
 .text          0x00000000004079e0      0xbdf /usr/lib/gcc/x86_64-linux-gnu/12/../../../x86_64-linux-gnu/libc.a(plural.o)
                0x00000000004079e0                __gettext_free_exp
                0x0000000000407a40                __gettextparse
 *fill*         0x00000000004085bf        0x1 
 .text          0x00000000004085c0      0x10b /usr/lib/gcc/x86_64-linux-gnu/12/../../../x86_64-linux-gnu/libc.a(plural-exp.o)
                0x00000000004085c0                __gettext_extract_plural
 *fill*         0x00000000004086cb        0x5 
 .text          0x00000000004086d0       0x41 /usr/lib/gcc/x86_64-linux-gnu/12/../../../x86_64-linux-gnu/libc.a(hash-string.o)
                0x00000000004086d0                __hash_string
 *fill*         0x0000000000408711        0xf 
 .text          0x0000000000408720        0x7 /usr/lib/gcc/x86_64-linux-gnu/12/../../../x86_64-linux-gnu/libc.a(bsd-_setjmp.o)
                0x0000000000408720                _setjmp
 *fill*         0x0000000000408727        0x9 
 .text          0x0000000000408730       0x31 /usr/lib/gcc/x86_64-linux-gnu/12/../../../x86_64-linux-gnu/libc.a(raise.o)
                0x0000000000408730                gsignal
                0x0000000000408730                raise
 .text          0x0000000000408761        0x0 /usr/lib/gcc/x86_64-linux-gnu/12/../../../x86_64-linux-gnu/libc.a(abort.o)
 *fill*         0x0000000000408761        0xf 
 .text          0x0000000000408770      0x20c /usr/lib/gcc/x86_64-linux-gnu/12/../../../x86_64-linux-gnu/libc.a(cxa_atexit.o)
                0x0000000000408770                __new_exitfn
                0x0000000000408880                __internal_atexit
                0x0000000000408970                __cxa_atexit
 *fill*         0x000000000040897c        0x4 
 .text          0x0000000000408980      0x2da /usr/lib/gcc/x86_64-linux-gnu/12/../../../x86_64-linux-gnu/libc.a(exit.o)
                0x0000000000408980                __run_exit_handlers
                0x0000000000408c40                exit
 *fill*         0x0000000000408c5a        0x6 
 .text          0x0000000000408c60       0xcc /usr/lib/gcc/x86_64-linux-gnu/12/../../../x86_64-linux-gnu/libc.a(getenv.o)
                0x0000000000408c60                getenv
 *fill*         0x0000000000408d2c        0x4 
 .text          0x0000000000408d30      0x678 /usr/lib/gcc/x86_64-linux-gnu/12/../../../x86_64-linux-gnu/libc.a(msort.o)
                0x0000000000409050                __qsort_r
                0x0000000000409050                qsort_r
                0x00000000004093a0                qsort
 *fill*         0x00000000004093a8        0x8 
 .text          0x00000000004093b0      0x536 /usr/lib/gcc/x86_64-linux-gnu/12/../../../x86_64-linux-gnu/libc.a(qsort.o)
                0x00000000004093b0                _quicksort
 *fill*         0x00000000004098e6        0xa 
 .text          0x00000000004098f0       0x22 /usr/lib/gcc/x86_64-linux-gnu/12/../../../x86_64-linux-gnu/libc.a(strtoul.o)
                0x00000000004098f0                __strtoull_internal
                0x00000000004098f0                __strtoul_internal
                0x0000000000409900                strtoumax
                0x0000000000409900                strtoul
                0x0000000000409900                strtoull
                0x0000000000409900                strtouq
                0x0000000000409900                __strtoul
 *fill*         0x0000000000409912        0xe 
 .text          0x0000000000409920      0x43a /usr/lib/gcc/x86_64-linux-gnu/12/../../../x86_64-linux-gnu/libc.a(strtoul_l.o)
                0x0000000000409920                ____strtoul_l_internal
                0x0000000000409920                ____strtoull_l_internal
                0x0000000000409d50                __strtoull_l
                0x0000000000409d50                strtoull_l
                0x0000000000409d50                strtoul_l
                0x0000000000409d50                __strtoul_l
 *fill*         0x0000000000409d5a        0x6 
 .text          0x0000000000409d60      0x26b /usr/lib/gcc/x86_64-linux-gnu/12/../../../x86_64-linux-gnu/libc.a(grouping.o)
                0x0000000000409d60                __correctly_grouped_prefixmb
 *fill*         0x0000000000409fcb        0x5 
 .text          0x0000000000409fd0       0xb3 /usr/lib/gcc/x86_64-linux-gnu/12/../../../x86_64-linux-gnu/libc.a(asprintf.o)
                0x0000000000409fd0                __asprintf
                0x0000000000409fd0                asprintf
                0x0000000000409fd0                ___asprintf
 *fill*         0x000000000040a083        0xd 
 .text          0x000000000040a090       0xb3 /usr/lib/gcc/x86_64-linux-gnu/12/../../../x86_64-linux-gnu/libc.a(fprintf.o)
                0x000000000040a090                fprintf
                0x000000000040a090                _IO_fprintf
                0x000000000040a090                __fprintf
 *fill*         0x000000000040a143        0xd 
 .text          0x000000000040a150     0x514f /usr/lib/gcc/x86_64-linux-gnu/12/../../../x86_64-linux-gnu/libc.a(vfprintf-internal.o)
                0x000000000040ce20                __vfprintf_internal
 *fill*         0x000000000040f29f        0x1 
 .text          0x000000000040f2a0       0x33 /usr/lib/gcc/x86_64-linux-gnu/12/../../../x86_64-linux-gnu/libc.a(errname.o)
                0x000000000040f2a0                __get_errname
 *fill*         0x000000000040f2d3        0xd 
 .text          0x000000000040f2e0      0x469 /usr/lib/gcc/x86_64-linux-gnu/12/../../../x86_64-linux-gnu/libc.a(fxprintf.o)
                0x000000000040f450                __vfxprintf
                0x000000000040f520                __fxprintf
                0x000000000040f5e0                __fxprintf_nocancel
 *fill*         0x000000000040f749        0x7 
 .text          0x000000000040f750      0x6b5 /usr/lib/gcc/x86_64-linux-gnu/12/../../../x86_64-linux-gnu/libc.a(printf-parsemb.o)
                0x000000000040f7d0                __parse_one_specmb
 *fill*         0x000000000040fe05        0xb 
 .text          0x000000000040fe10      0x1f2 /usr/lib/gcc/x86_64-linux-gnu/12/../../../x86_64-linux-gnu/libc.a(iofclose.o)
                0x000000000040fe10                _IO_fclose
                0x000000000040fe10                _IO_new_fclose
                0x000000000040fe10                fclose
                0x000000000040fe10                __new_fclose
 *fill*         0x0000000000410002        0xe 
 .text          0x0000000000410010       0xe7 /usr/lib/gcc/x86_64-linux-gnu/12/../../../x86_64-linux-gnu/libc.a(iofflush.o)
                0x0000000000410010                _IO_fflush
                0x0000000000410010                fflush
 *fill*         0x00000000004100f7        0x9 
 .text          0x0000000000410100      0x13a /usr/lib/gcc/x86_64-linux-gnu/12/../../../x86_64-linux-gnu/libc.a(iofopen.o)
                0x0000000000410100                __fopen_maybe_mmap
                0x0000000000410140                __fopen_internal
                0x0000000000410230                _IO_fopen64
                0x0000000000410230                _IO_new_fopen
                0x0000000000410230                fopen
                0x0000000000410230                _IO_fopen
                0x0000000000410230                __new_fopen
                0x0000000000410230                fopen64
 *fill*         0x000000000041023a        0x6 
 .text          0x0000000000410240      0x127 /usr/lib/gcc/x86_64-linux-gnu/12/../../../x86_64-linux-gnu/libc.a(iopadn.o)
                0x0000000000410240                _IO_padn
 *fill*         0x0000000000410367        0x9 
 .text          0x0000000000410370      0x195 /usr/lib/gcc/x86_64-linux-gnu/12/../../../x86_64-linux-gnu/libc.a(ioputs.o)
                0x0000000000410370                puts
                0x0000000000410370                _IO_puts
 *fill*         0x0000000000410505        0xb 
 .text          0x0000000000410510     0x1926 /usr/lib/gcc/x86_64-linux-gnu/12/../../../x86_64-linux-gnu/libc.a(wfileops.o)
                0x0000000000410510                _IO_wfile_underflow
                0x0000000000410c40                _IO_wfile_seekoff
                0x00000000004116a0                _IO_wdo_write
                0x0000000000411870                _IO_wfile_overflow
                0x0000000000411b40                _IO_wfile_sync
                0x0000000000411cd0                _IO_wfile_xsputn
 *fill*         0x0000000000411e36        0xa 
 .text          0x0000000000411e40      0x435 /usr/lib/gcc/x86_64-linux-gnu/12/../../../x86_64-linux-gnu/libc.a(iofwide.o)
                0x0000000000411e40                _IO_fwide
                0x0000000000411fb0                __libio_codecvt_out
                0x00000000004120a0                __libio_codecvt_in
                0x0000000000412190                __libio_codecvt_encoding
                0x00000000004121c0                __libio_codecvt_length
 *fill*         0x0000000000412275        0xb 
 .text          0x0000000000412280      0x10f /usr/lib/gcc/x86_64-linux-gnu/12/../../../x86_64-linux-gnu/libc.a(getc.o)
                0x0000000000412280                getc
                0x0000000000412280                _IO_getc
                0x0000000000412280                fgetc
 *fill*         0x000000000041238f        0x1 
 .text          0x0000000000412390      0x1a7 /usr/lib/gcc/x86_64-linux-gnu/12/../../../x86_64-linux-gnu/libc.a(vasprintf.o)
                0x0000000000412390                __vasprintf_internal
                0x0000000000412530                __vasprintf
                0x0000000000412530                vasprintf
 *fill*         0x0000000000412537        0x9 
 .text          0x0000000000412540      0x294 /usr/lib/gcc/x86_64-linux-gnu/12/../../../x86_64-linux-gnu/libc.a(libc_fatal.o)
                0x0000000000412540                __libc_message
                0x00000000004127b0                __libc_fatal
 *fill*         0x00000000004127d4        0xc 
 .text          0x00000000004127e0       0x18 /usr/lib/gcc/x86_64-linux-gnu/12/../../../x86_64-linux-gnu/libc.a(vtables.o)
                0x00000000004127e0                _IO_vtable_check
 *fill*         0x00000000004127f8        0x8 
 .text          0x0000000000412800       0x90 /usr/lib/gcc/x86_64-linux-gnu/12/../../../x86_64-linux-gnu/libc.a(iofgets_u.o)
                0x0000000000412800                __fgets_unlocked
                0x0000000000412800                fgets_unlocked
 .text          0x0000000000412890     0x23a1 /usr/lib/gcc/x86_64-linux-gnu/12/../../../x86_64-linux-gnu/libc.a(fileops.o)
                0x0000000000412900                _IO_file_close
                0x0000000000412910                _IO_file_setbuf
                0x0000000000412910                _IO_new_file_setbuf
                0x0000000000412ab0                _IO_file_underflow
                0x0000000000412ab0                _IO_new_file_underflow
                0x0000000000412d70                _IO_file_close_mmap
                0x0000000000412fd0                _IO_file_seek
                0x0000000000413200                _IO_file_underflow_maybe_mmap
                0x00000000004132c0                _IO_file_seekoff
                0x00000000004132c0                _IO_new_file_seekoff
                0x0000000000413890                _IO_file_stat
                0x00000000004138a0                _IO_file_write
                0x00000000004138a0                _IO_new_file_write
                0x0000000000413a40                _IO_file_xsgetn
                0x0000000000413c50                _IO_file_seekoff_mmap
                0x0000000000413d80                _IO_file_underflow_mmap
                0x0000000000413e10                _IO_new_file_xsputn
                0x0000000000413e10                _IO_file_xsputn
                0x0000000000413ff0                _IO_file_read
                0x0000000000414010                _IO_file_setbuf_mmap
                0x0000000000414090                _IO_new_file_init_internal
                0x00000000004140c0                _IO_new_file_init
                0x00000000004140c0                _IO_file_init
                0x00000000004140f0                _IO_file_open
                0x00000000004141d0                _IO_new_file_attach
                0x00000000004141d0                _IO_file_attach
                0x0000000000414280                _IO_new_do_write
                0x0000000000414280                _IO_do_write
                0x00000000004142b0                _IO_new_file_close_it
                0x00000000004142b0                _IO_file_close_it
                0x0000000000414410                _IO_new_file_fopen
                0x0000000000414410                _IO_file_fopen
                0x00000000004148a0                _IO_file_finish
                0x00000000004148a0                _IO_new_file_finish
                0x0000000000414940                _IO_file_overflow
                0x0000000000414940                _IO_new_file_overflow
                0x0000000000414b50                _IO_file_sync
                0x0000000000414b50                _IO_new_file_sync
 *fill*         0x0000000000414c31        0xf 
 .text          0x0000000000414c40     0x21d7 /usr/lib/gcc/x86_64-linux-gnu/12/../../../x86_64-linux-gnu/libc.a(genops.o)
                0x00000000004150f0                _IO_un_link
                0x0000000000415110                _IO_link_in
                0x0000000000415310                _IO_least_marker
                0x0000000000415340                _IO_switch_to_main_get_area
                0x0000000000415380                _IO_switch_to_backup_area
                0x00000000004153b0                _IO_switch_to_get_mode
                0x0000000000415450                _IO_free_backup_area
                0x00000000004154a0                __overflow
                0x0000000000415510                __underflow
                0x0000000000415680                __uflow
                0x00000000004157f0                _IO_setb
                0x0000000000415850                _IO_doallocbuf
                0x0000000000415910                _IO_default_underflow
                0x0000000000415920                _IO_default_uflow
                0x0000000000415980                _IO_default_xsputn
                0x0000000000415a90                _IO_sgetn
                0x0000000000415b00                _IO_default_xsgetn
                0x0000000000415bb0                _IO_default_setbuf
                0x0000000000415ca0                _IO_default_seekpos
                0x0000000000415d10                _IO_default_doallocate
                0x0000000000415d80                _IO_init_internal
                0x0000000000415e00                _IO_init
                0x0000000000415e80                _IO_enable_locks
                0x0000000000415ec0                _IO_old_init
                0x0000000000415f30                _IO_no_init
                0x0000000000416000                _IO_default_sync
                0x0000000000416010                _IO_default_finish
                0x0000000000416080                _IO_default_seekoff
                0x0000000000416090                _IO_sputbackc
                0x0000000000416120                _IO_sungetc
                0x0000000000416190                _IO_adjust_column
                0x00000000004161c0                _IO_flush_all_lockp
                0x0000000000416440                _IO_cleanup
                0x0000000000416740                _IO_flush_all
                0x0000000000416750                _IO_flush_all_linebuffered
                0x0000000000416750                _flushlbf
                0x0000000000416970                _IO_init_marker
                0x00000000004169d0                _IO_remove_marker
                0x0000000000416a10                _IO_marker_difference
                0x0000000000416a20                _IO_marker_delta
                0x0000000000416a50                _IO_seekmark
                0x0000000000416b00                _IO_unsave_markers
                0x0000000000416b60                _IO_default_pbackfail
                0x0000000000416cd0                _IO_default_seek
                0x0000000000416ce0                _IO_default_stat
                0x0000000000416cf0                _IO_default_read
                0x0000000000416d00                _IO_default_write
                0x0000000000416d10                _IO_default_showmanyc
                0x0000000000416d20                _IO_default_imbue
                0x0000000000416d30                _IO_iter_begin
                0x0000000000416d40                _IO_iter_end
                0x0000000000416d50                _IO_iter_next
                0x0000000000416d60                _IO_iter_file
                0x0000000000416d70                _IO_list_lock
                0x0000000000416dc0                _IO_list_unlock
                0x0000000000416e00                _IO_list_resetlock
 .text          0x0000000000416e17        0x0 /usr/lib/gcc/x86_64-linux-gnu/12/../../../x86_64-linux-gnu/libc.a(stdfiles.o)
 .text          0x0000000000416e17        0x0 /usr/lib/gcc/x86_64-linux-gnu/12/../../../x86_64-linux-gnu/libc.a(stdio.o)
 *fill*         0x0000000000416e17        0x9 
 .text          0x0000000000416e20      0x8e4 /usr/lib/gcc/x86_64-linux-gnu/12/../../../x86_64-linux-gnu/libc.a(strops.o)
                0x0000000000416e20                _IO_str_underflow
                0x0000000000416e80                _IO_str_overflow
                0x0000000000417210                _IO_str_seekoff
                0x00000000004174a0                _IO_str_pbackfail
                0x00000000004174c0                _IO_str_finish
                0x00000000004174f0                _IO_str_init_static_internal
                0x0000000000417590                _IO_str_init_static
                0x0000000000417640                _IO_str_init_readonly
                0x00000000004176f0                _IO_str_count
 *fill*         0x0000000000417704        0xc 
 .text          0x0000000000417710       0x44 /usr/lib/gcc/x86_64-linux-gnu/12/../../../x86_64-linux-gnu/libc.a(alloca_cutoff.o)
                0x0000000000417710                __libc_alloca_cutoff
 *fill*         0x0000000000417754        0xc 
 .text          0x0000000000417760       0xbd /usr/lib/gcc/x86_64-linux-gnu/12/../../../x86_64-linux-gnu/libc.a(libc-cleanup.o)
                0x0000000000417760                __libc_cleanup_push_defer
                0x00000000004177b0                __libc_cleanup_pop_restore
 *fill*         0x000000000041781d        0x3 
 .text          0x0000000000417820       0xe4 /usr/lib/gcc/x86_64-linux-gnu/12/../../../x86_64-linux-gnu/libc.a(lowlevellock.o)
                0x0000000000417820                __lll_lock_wait_private
                0x0000000000417870                __lll_lock_wait
                0x00000000004178d0                __lll_lock_wake_private
                0x00000000004178f0                __lll_lock_wake
 *fill*         0x0000000000417904        0xc 
 .text          0x0000000000417910      0x143 /usr/lib/gcc/x86_64-linux-gnu/12/../../../x86_64-linux-gnu/libc.a(nptl_deallocate_tsd.o)
                0x0000000000417910                __nptl_deallocate_tsd
 .text          0x0000000000417a53        0x0 /usr/lib/gcc/x86_64-linux-gnu/12/../../../x86_64-linux-gnu/libc.a(nptl_nthreads.o)
 .text          0x0000000000417a53        0x0 /usr/lib/gcc/x86_64-linux-gnu/12/../../../x86_64-linux-gnu/libc.a(pthread_keys.o)
 *fill*         0x0000000000417a53        0xd 
 .text          0x0000000000417a60      0x176 /usr/lib/gcc/x86_64-linux-gnu/12/../../../x86_64-linux-gnu/libc.a(pthread_kill.o)
                0x0000000000417bb0                __pthread_kill_internal
                0x0000000000417bc0                pthread_kill
                0x0000000000417bc0                __pthread_kill
 *fill*         0x0000000000417bd6        0xa 
 .text          0x0000000000417be0       0x3a /usr/lib/gcc/x86_64-linux-gnu/12/../../../x86_64-linux-gnu/libc.a(pthread_rwlock_init.o)
                0x0000000000417be0                pthread_rwlock_init
                0x0000000000417be0                __pthread_rwlock_init
                0x0000000000417be0                ___pthread_rwlock_init
 *fill*         0x0000000000417c1a        0x6 
 .text          0x0000000000417c20      0x1d8 /usr/lib/gcc/x86_64-linux-gnu/12/../../../x86_64-linux-gnu/libc.a(pthread_rwlock_rdlock.o)
                0x0000000000417c20                pthread_rwlock_rdlock
                0x0000000000417c20                __pthread_rwlock_rdlock
                0x0000000000417c20                ___pthread_rwlock_rdlock
 *fill*         0x0000000000417df8        0x8 
 .text          0x0000000000417e00      0x1cb /usr/lib/gcc/x86_64-linux-gnu/12/../../../x86_64-linux-gnu/libc.a(pthread_rwlock_unlock.o)
                0x0000000000417e00                pthread_rwlock_unlock
                0x0000000000417e00                __pthread_rwlock_unlock
                0x0000000000417e00                ___pthread_rwlock_unlock
 *fill*         0x0000000000417fcb        0x5 
 .text          0x0000000000417fd0      0x3a6 /usr/lib/gcc/x86_64-linux-gnu/12/../../../x86_64-linux-gnu/libc.a(pthread_rwlock_wrlock.o)
                0x0000000000417fd0                ___pthread_rwlock_wrlock
                0x0000000000417fd0                __pthread_rwlock_wrlock
                0x0000000000417fd0                pthread_rwlock_wrlock
 *fill*         0x0000000000418376        0xa 
 .text          0x0000000000418380        0xa /usr/lib/gcc/x86_64-linux-gnu/12/../../../x86_64-linux-gnu/libc.a(pthread_self.o)
                0x0000000000418380                pthread_self
                0x0000000000418380                __pthread_self
 *fill*         0x000000000041838a        0x6 
 .text          0x0000000000418390       0x7e /usr/lib/gcc/x86_64-linux-gnu/12/../../../x86_64-linux-gnu/libc.a(pthread_setcancelstate.o)
                0x0000000000418390                __pthread_setcancelstate
                0x0000000000418390                pthread_setcancelstate
 *fill*         0x000000000041840e        0x2 
 .text          0x0000000000418410     0x5c46 /usr/lib/gcc/x86_64-linux-gnu/12/../../../x86_64-linux-gnu/libc.a(malloc.o)
                0x000000000041c4c0                __glibc_morecore
                0x000000000041c500                __malloc_fork_lock_parent
                0x000000000041c580                __malloc_fork_unlock_parent
                0x000000000041c600                __malloc_fork_unlock_child
                0x000000000041c6a0                malloc
                0x000000000041c6a0                __malloc
                0x000000000041c6a0                __libc_malloc
                0x000000000041cc50                __free
                0x000000000041cc50                __libc_free
                0x000000000041cc50                free
                0x000000000041cd50                __malloc_arena_thread_freeres
                0x000000000041ce80                __libc_realloc
                0x000000000041ce80                realloc
                0x000000000041ce80                __realloc
                0x000000000041d320                __libc_memalign
                0x000000000041d320                __memalign
                0x000000000041d320                memalign
                0x000000000041d320                aligned_alloc
                0x000000000041d360                __libc_valloc
                0x000000000041d360                valloc
                0x000000000041d360                __valloc
                0x000000000041d3a0                pvalloc
                0x000000000041d3a0                __libc_pvalloc
                0x000000000041d3a0                __pvalloc
                0x000000000041d3f0                __calloc
                0x000000000041d3f0                calloc
                0x000000000041d3f0                __libc_calloc
                0x000000000041d7a0                __malloc_trim
                0x000000000041d7a0                malloc_trim
                0x000000000041da50                malloc_usable_size
                0x000000000041da50                __malloc_usable_size
                0x000000000041da90                __mallinfo2
                0x000000000041da90                mallinfo2
                0x000000000041da90                __libc_mallinfo2
                0x000000000041dbb0                __mallinfo
                0x000000000041dbb0                __libc_mallinfo
                0x000000000041dbb0                mallinfo
                0x000000000041dc20                malloc_stats
                0x000000000041dc20                __malloc_stats
                0x000000000041de20                __libc_mallopt
                0x000000000041de20                mallopt
                0x000000000041de20                __mallopt
                0x000000000041dfa0                __posix_memalign
                0x000000000041dfa0                posix_memalign
                0x000000000041e020                __malloc_info
                0x000000000041e020                malloc_info
 *fill*         0x000000000041e056        0xa 
 .text          0x000000000041e060       0x9d /usr/lib/gcc/x86_64-linux-gnu/12/../../../x86_64-linux-gnu/libc.a(scratch_buffer_grow_preserve.o)
                0x000000000041e060                __libc_scratch_buffer_grow_preserve
 *fill*         0x000000000041e0fd        0x3 
 .text          0x000000000041e100       0xa5 /usr/lib/gcc/x86_64-linux-gnu/12/../../../x86_64-linux-gnu/libc.a(scratch_buffer_set_array_size.o)
                0x000000000041e100                __libc_scratch_buffer_set_array_size
 *fill*         0x000000000041e1a5        0xb 
 .text          0x000000000041e1b0       0x6a /usr/lib/gcc/x86_64-linux-gnu/12/../../../x86_64-linux-gnu/libc.a(_strerror.o)
                0x000000000041e1b0                __strerror_r
                0x000000000041e1b0                strerror_r
 *fill*         0x000000000041e21a        0x6 
 .text          0x000000000041e220       0xf6 /usr/lib/gcc/x86_64-linux-gnu/12/../../../x86_64-linux-gnu/libc.a(memcpy.o)
                0x000000000041e220                memcpy
                0x000000000041e220                __new_memcpy
 *fill*         0x000000000041e316        0xa 
 .text          0x000000000041e320       0xf6 /usr/lib/gcc/x86_64-linux-gnu/12/../../../x86_64-linux-gnu/libc.a(memmove.o)
                0x000000000041e320                memmove
                0x000000000041e320                __libc_memmove
 *fill*         0x000000000041e416        0xa 
 .text          0x000000000041e420       0xf6 /usr/lib/gcc/x86_64-linux-gnu/12/../../../x86_64-linux-gnu/libc.a(mempcpy.o)
                0x000000000041e420                mempcpy
                0x000000000041e420                __mempcpy
 *fill*         0x000000000041e516        0xa 
 .text          0x000000000041e520       0xf1 /usr/lib/gcc/x86_64-linux-gnu/12/../../../x86_64-linux-gnu/libc.a(memset.o)
                0x000000000041e520                memset
 *fill*         0x000000000041e611        0xf 
 .text          0x000000000041e620       0x7d /usr/lib/gcc/x86_64-linux-gnu/12/../../../x86_64-linux-gnu/libc.a(rawmemchr.o)
                0x000000000041e620                __rawmemchr
                0x000000000041e620                rawmemchr
 *fill*         0x000000000041e69d        0x3 
 .text          0x000000000041e6a0       0x61 /usr/lib/gcc/x86_64-linux-gnu/12/../../../x86_64-linux-gnu/libc.a(stpcpy.o)
                0x000000000041e6a0                stpcpy
                0x000000000041e6a0                __stpcpy
 *fill*         0x000000000041e701        0xf 
 .text          0x000000000041e710       0x80 /usr/lib/gcc/x86_64-linux-gnu/12/../../../x86_64-linux-gnu/libc.a(strcasecmp_l.o)
                0x000000000041e710                strcasecmp_l
                0x000000000041e710                __strcasecmp_l
 .text          0x000000000041e790       0x68 /usr/lib/gcc/x86_64-linux-gnu/12/../../../x86_64-linux-gnu/libc.a(strchr.o)
                0x000000000041e790                index
                0x000000000041e790                strchr
 *fill*         0x000000000041e7f8        0x8 
 .text          0x000000000041e800       0x70 /usr/lib/gcc/x86_64-linux-gnu/12/../../../x86_64-linux-gnu/libc.a(strchrnul.o)
                0x000000000041e800                __strchrnul
                0x000000000041e800                strchrnul
 .text          0x000000000041e870       0x80 /usr/lib/gcc/x86_64-linux-gnu/12/../../../x86_64-linux-gnu/libc.a(strcmp.o)
                0x000000000041e870                strcmp
 .text          0x000000000041e8f0       0x61 /usr/lib/gcc/x86_64-linux-gnu/12/../../../x86_64-linux-gnu/libc.a(strcpy.o)
                0x000000000041e8f0                strcpy
 *fill*         0x000000000041e951        0xf 
 .text          0x000000000041e960       0x1a /usr/lib/gcc/x86_64-linux-gnu/12/../../../x86_64-linux-gnu/libc.a(strcspn.o)
                0x000000000041e960                strcspn
 *fill*         0x000000000041e97a        0x6 
 .text          0x000000000041e980       0x39 /usr/lib/gcc/x86_64-linux-gnu/12/../../../x86_64-linux-gnu/libc.a(strdup.o)
                0x000000000041e980                __strdup
                0x000000000041e980                strdup
 *fill*         0x000000000041e9b9        0x7 
 .text          0x000000000041e9c0       0x70 /usr/lib/gcc/x86_64-linux-gnu/12/../../../x86_64-linux-gnu/libc.a(strlen.o)
                0x000000000041e9c0                strlen
 .text          0x000000000041ea30       0x80 /usr/lib/gcc/x86_64-linux-gnu/12/../../../x86_64-linux-gnu/libc.a(strncmp.o)
                0x000000000041ea30                strncmp
 .text          0x000000000041eab0       0x70 /usr/lib/gcc/x86_64-linux-gnu/12/../../../x86_64-linux-gnu/libc.a(strnlen.o)
                0x000000000041eab0                __strnlen
                0x000000000041eab0                strnlen
 .text          0x000000000041eb20      0x7b8 /usr/lib/gcc/x86_64-linux-gnu/12/../../../x86_64-linux-gnu/libc.a(strstr.o)
                0x000000000041efa0                __strstr_generic
                0x000000000041f290                strstr
                0x000000000041f290                __libc_strstr
 .text          0x000000000041f2d8        0x0 /usr/lib/gcc/x86_64-linux-gnu/12/../../../x86_64-linux-gnu/libc.a(memmove-avx-unaligned-erms.o)
 *fill*         0x000000000041f2d8       0x28 
 .text.avx      0x000000000041f300      0x75e /usr/lib/gcc/x86_64-linux-gnu/12/../../../x86_64-linux-gnu/libc.a(memmove-avx-unaligned-erms.o)
                0x000000000041f300                __mempcpy_avx_unaligned
                0x000000000041f310                __memcpy_avx_unaligned
                0x000000000041f310                __memmove_avx_unaligned
                0x000000000041f340                __mempcpy_avx_unaligned_erms
                0x000000000041f380                __memcpy_avx_unaligned_erms
                0x000000000041f380                __memmove_avx_unaligned_erms
 .text          0x000000000041fa5e        0x0 /usr/lib/gcc/x86_64-linux-gnu/12/../../../x86_64-linux-gnu/libc.a(memmove-avx-unaligned-erms-rtm.o)
 *fill*         0x000000000041fa5e       0x22 
 .text.avx.rtm  0x000000000041fa80      0x75f /usr/lib/gcc/x86_64-linux-gnu/12/../../../x86_64-linux-gnu/libc.a(memmove-avx-unaligned-erms-rtm.o)
                0x000000000041fa80                __mempcpy_avx_unaligned_rtm
                0x000000000041fa90                __memcpy_avx_unaligned_rtm
                0x000000000041fa90                __memmove_avx_unaligned_rtm
                0x000000000041fac0                __mempcpy_avx_unaligned_erms_rtm
                0x000000000041fb00                __memmove_avx_unaligned_erms_rtm
                0x000000000041fb00                __memcpy_avx_unaligned_erms_rtm
 .text          0x00000000004201df        0x0 /usr/lib/gcc/x86_64-linux-gnu/12/../../../x86_64-linux-gnu/libc.a(memmove-avx512-no-vzeroupper.o)
 *fill*         0x00000000004201df        0x1 
 .text.avx512   0x00000000004201e0      0x76b /usr/lib/gcc/x86_64-linux-gnu/12/../../../x86_64-linux-gnu/libc.a(memmove-avx512-no-vzeroupper.o)
                0x00000000004201e0                __mempcpy_chk_avx512_no_vzeroupper
                0x00000000004201f0                __mempcpy_avx512_no_vzeroupper
                0x0000000000420200                __memcpy_chk_avx512_no_vzeroupper
                0x0000000000420200                __memmove_chk_avx512_no_vzeroupper
                0x0000000000420210                __memcpy_avx512_no_vzeroupper
                0x0000000000420210                __memmove_avx512_no_vzeroupper
 .text          0x000000000042094b        0x0 /usr/lib/gcc/x86_64-linux-gnu/12/../../../x86_64-linux-gnu/libc.a(memmove-avx512-unaligned-erms.o)
 *fill*         0x000000000042094b       0x35 
 .text.evex512  0x0000000000420980      0x820 /usr/lib/gcc/x86_64-linux-gnu/12/../../../x86_64-linux-gnu/libc.a(memmove-avx512-unaligned-erms.o)
                0x0000000000420980                __mempcpy_avx512_unaligned
                0x0000000000420990                __memmove_avx512_unaligned
                0x0000000000420990                __memcpy_avx512_unaligned
                0x00000000004209d0                __mempcpy_avx512_unaligned_erms
                0x0000000000420a00                __memmove_avx512_unaligned_erms
                0x0000000000420a00                __memcpy_avx512_unaligned_erms
 .text          0x00000000004211a0       0x5d /usr/lib/gcc/x86_64-linux-gnu/12/../../../x86_64-linux-gnu/libc.a(memmove-erms.o)
                0x00000000004211a0                __mempcpy_chk_erms
                0x00000000004211b0                __mempcpy_erms
                0x00000000004211c0                __memcpy_chk_erms
                0x00000000004211c0                __memmove_chk_erms
                0x00000000004211d0                __memmove_erms
                0x00000000004211d0                __memcpy_erms
 .text          0x00000000004211fd        0x0 /usr/lib/gcc/x86_64-linux-gnu/12/../../../x86_64-linux-gnu/libc.a(memmove-evex-unaligned-erms.o)
 *fill*         0x00000000004211fd        0x3 
 .text.evex     0x0000000000421200      0x83b /usr/lib/gcc/x86_64-linux-gnu/12/../../../x86_64-linux-gnu/libc.a(memmove-evex-unaligned-erms.o)
                0x0000000000421200                __mempcpy_evex_unaligned
                0x0000000000421210                __memmove_evex_unaligned
                0x0000000000421210                __memcpy_evex_unaligned
                0x0000000000421250                __mempcpy_evex_unaligned_erms
                0x0000000000421280                __memmove_evex_unaligned_erms
                0x0000000000421280                __memcpy_evex_unaligned_erms
 *fill*         0x0000000000421a3b        0x5 
 .text          0x0000000000421a40      0x5d2 /usr/lib/gcc/x86_64-linux-gnu/12/../../../x86_64-linux-gnu/libc.a(memmove-sse2-unaligned-erms.o)
                0x0000000000421a40                __mempcpy_sse2_unaligned
                0x0000000000421a50                __memmove_sse2_unaligned
                0x0000000000421a50                __memcpy_sse2_unaligned
                0x0000000000421a80                __mempcpy_sse2_unaligned_erms
                0x0000000000421ac0                __memmove_sse2_unaligned_erms
                0x0000000000421ac0                __memcpy_sse2_unaligned_erms
 .text          0x0000000000422012        0x0 /usr/lib/gcc/x86_64-linux-gnu/12/../../../x86_64-linux-gnu/libc.a(memmove-ssse3.o)
 *fill*         0x0000000000422012       0x2e 
 .text.ssse3    0x0000000000422040      0xf7d /usr/lib/gcc/x86_64-linux-gnu/12/../../../x86_64-linux-gnu/libc.a(memmove-ssse3.o)
                0x0000000000422040                __mempcpy_ssse3
                0x0000000000422080                __memcpy_ssse3
                0x0000000000422080                __memmove_ssse3
 .text          0x0000000000422fbd        0x0 /usr/lib/gcc/x86_64-linux-gnu/12/../../../x86_64-linux-gnu/libc.a(memset-avx2-unaligned-erms.o)
 *fill*         0x0000000000422fbd        0x3 
 .text.avx      0x0000000000422fc0      0x1bd /usr/lib/gcc/x86_64-linux-gnu/12/../../../x86_64-linux-gnu/libc.a(memset-avx2-unaligned-erms.o)
                0x0000000000422fc0                __wmemset_avx2_unaligned
                0x0000000000422ff0                __memset_avx2_unaligned
                0x0000000000423040                __memset_avx2_unaligned_erms
 .text          0x000000000042317d        0x0 /usr/lib/gcc/x86_64-linux-gnu/12/../../../x86_64-linux-gnu/libc.a(memset-avx2-unaligned-erms-rtm.o)
 *fill*         0x000000000042317d        0x3 
 .text.avx.rtm  0x0000000000423180      0x1bd /usr/lib/gcc/x86_64-linux-gnu/12/../../../x86_64-linux-gnu/libc.a(memset-avx2-unaligned-erms-rtm.o)
                0x0000000000423180                __wmemset_avx2_unaligned_rtm
                0x00000000004231b0                __memset_avx2_unaligned_rtm
                0x0000000000423200                __memset_avx2_unaligned_erms_rtm
 .text          0x000000000042333d        0x0 /usr/lib/gcc/x86_64-linux-gnu/12/../../../x86_64-linux-gnu/libc.a(memset-avx512-no-vzeroupper.o)
 *fill*         0x000000000042333d        0x3 
 .text.avx512   0x0000000000423340      0x280 /usr/lib/gcc/x86_64-linux-gnu/12/../../../x86_64-linux-gnu/libc.a(memset-avx512-no-vzeroupper.o)
                0x0000000000423340                __memset_chk_avx512_no_vzeroupper
                0x0000000000423350                __memset_avx512_no_vzeroupper
 .text          0x00000000004235c0        0x0 /usr/lib/gcc/x86_64-linux-gnu/12/../../../x86_64-linux-gnu/libc.a(memset-avx512-unaligned-erms.o)
 .text.evex512  0x00000000004235c0      0x1e8 /usr/lib/gcc/x86_64-linux-gnu/12/../../../x86_64-linux-gnu/libc.a(memset-avx512-unaligned-erms.o)
                0x00000000004235c0                __wmemset_avx512_unaligned
                0x00000000004235e0                __memset_avx512_unaligned
                0x0000000000423640                __memset_avx512_unaligned_erms
 *fill*         0x00000000004237a8        0x8 
 .text          0x00000000004237b0       0x29 /usr/lib/gcc/x86_64-linux-gnu/12/../../../x86_64-linux-gnu/libc.a(memset-erms.o)
                0x00000000004237b0                __memset_chk_erms
                0x00000000004237c0                __memset_erms
 .text          0x00000000004237d9        0x0 /usr/lib/gcc/x86_64-linux-gnu/12/../../../x86_64-linux-gnu/libc.a(memset-evex-unaligned-erms.o)
 *fill*         0x00000000004237d9       0x27 
 .text.evex     0x0000000000423800      0x1b8 /usr/lib/gcc/x86_64-linux-gnu/12/../../../x86_64-linux-gnu/libc.a(memset-evex-unaligned-erms.o)
                0x0000000000423800                __wmemset_evex_unaligned
                0x0000000000423820                __memset_evex_unaligned
                0x0000000000423880                __memset_evex_unaligned_erms
 *fill*         0x00000000004239b8        0x8 
 .text          0x00000000004239c0      0x179 /usr/lib/gcc/x86_64-linux-gnu/12/../../../x86_64-linux-gnu/libc.a(memset-sse2-unaligned-erms.o)
                0x00000000004239c0                __wmemset_sse2_unaligned
                0x00000000004239e0                __memset_sse2_unaligned
                0x0000000000423a40                __memset_sse2_unaligned_erms
 .text          0x0000000000423b39        0x0 /usr/lib/gcc/x86_64-linux-gnu/12/../../../x86_64-linux-gnu/libc.a(rawmemchr-avx2.o)
 *fill*         0x0000000000423b39        0x7 
 .text.avx      0x0000000000423b40      0x157 /usr/lib/gcc/x86_64-linux-gnu/12/../../../x86_64-linux-gnu/libc.a(rawmemchr-avx2.o)
                0x0000000000423b40                __rawmemchr_avx2
 .text          0x0000000000423c97        0x0 /usr/lib/gcc/x86_64-linux-gnu/12/../../../x86_64-linux-gnu/libc.a(rawmemchr-avx2-rtm.o)
 *fill*         0x0000000000423c97        0x9 
 .text.avx.rtm  0x0000000000423ca0      0x168 /usr/lib/gcc/x86_64-linux-gnu/12/../../../x86_64-linux-gnu/libc.a(rawmemchr-avx2-rtm.o)
                0x0000000000423ca0                __rawmemchr_avx2_rtm
 .text          0x0000000000423e08        0x0 /usr/lib/gcc/x86_64-linux-gnu/12/../../../x86_64-linux-gnu/libc.a(rawmemchr-evex.o)
 *fill*         0x0000000000423e08       0x38 
 .text.evex     0x0000000000423e40      0x16d /usr/lib/gcc/x86_64-linux-gnu/12/../../../x86_64-linux-gnu/libc.a(rawmemchr-evex.o)
                0x0000000000423e40                __rawmemchr_evex
 .text          0x0000000000423fad        0x0 /usr/lib/gcc/x86_64-linux-gnu/12/../../../x86_64-linux-gnu/libc.a(rawmemchr-evex-rtm.o)
 *fill*         0x0000000000423fad       0x13 
 .text.evex.rtm
                0x0000000000423fc0      0x18a /usr/lib/gcc/x86_64-linux-gnu/12/../../../x86_64-linux-gnu/libc.a(rawmemchr-evex-rtm.o)
                0x0000000000423fc0                __rawmemchr_evex_rtm
 *fill*         0x000000000042414a        0x6 
 .text          0x0000000000424150      0x1f9 /usr/lib/gcc/x86_64-linux-gnu/12/../../../x86_64-linux-gnu/libc.a(rawmemchr-sse2.o)
                0x0000000000424150                __rawmemchr_sse2
 .text          0x0000000000424349        0x0 /usr/lib/gcc/x86_64-linux-gnu/12/../../../x86_64-linux-gnu/libc.a(stpcpy-avx2.o)
 *fill*         0x0000000000424349        0x7 
 .text.avx      0x0000000000424350      0x3ac /usr/lib/gcc/x86_64-linux-gnu/12/../../../x86_64-linux-gnu/libc.a(stpcpy-avx2.o)
                0x0000000000424350                __stpcpy_avx2
 .text          0x00000000004246fc        0x0 /usr/lib/gcc/x86_64-linux-gnu/12/../../../x86_64-linux-gnu/libc.a(stpcpy-avx2-rtm.o)
 *fill*         0x00000000004246fc        0x4 
 .text.avx.rtm  0x0000000000424700      0x3bd /usr/lib/gcc/x86_64-linux-gnu/12/../../../x86_64-linux-gnu/libc.a(stpcpy-avx2-rtm.o)
                0x0000000000424700                __stpcpy_avx2_rtm
 .text          0x0000000000424abd        0x0 /usr/lib/gcc/x86_64-linux-gnu/12/../../../x86_64-linux-gnu/libc.a(stpcpy-evex.o)
 *fill*         0x0000000000424abd        0x3 
 .text.evex     0x0000000000424ac0      0x447 /usr/lib/gcc/x86_64-linux-gnu/12/../../../x86_64-linux-gnu/libc.a(stpcpy-evex.o)
                0x0000000000424ac0                __stpcpy_evex
 *fill*         0x0000000000424f07        0x9 
 .text          0x0000000000424f10       0xdc /usr/lib/gcc/x86_64-linux-gnu/12/../../../x86_64-linux-gnu/libc.a(stpcpy-sse2.o)
                0x0000000000424f10                __stpcpy_sse2
 *fill*         0x0000000000424fec        0x4 
 .text          0x0000000000424ff0      0x6b0 /usr/lib/gcc/x86_64-linux-gnu/12/../../../x86_64-linux-gnu/libc.a(stpcpy-sse2-unaligned.o)
                0x0000000000424ff0                __stpcpy_sse2_unaligned
 .text          0x00000000004256a0        0x0 /usr/lib/gcc/x86_64-linux-gnu/12/../../../x86_64-linux-gnu/libc.a(strcasecmp_l-avx2.o)
 .text.avx      0x00000000004256a0      0xa02 /usr/lib/gcc/x86_64-linux-gnu/12/../../../x86_64-linux-gnu/libc.a(strcasecmp_l-avx2.o)
                0x00000000004256a0                __strcasecmp_avx2
                0x00000000004256b0                __strcasecmp_l_avx2
 .text          0x00000000004260a2        0x0 /usr/lib/gcc/x86_64-linux-gnu/12/../../../x86_64-linux-gnu/libc.a(strcasecmp_l-avx2-rtm.o)
 *fill*         0x00000000004260a2        0xe 
 .text.avx.rtm  0x00000000004260b0      0xa12 /usr/lib/gcc/x86_64-linux-gnu/12/../../../x86_64-linux-gnu/libc.a(strcasecmp_l-avx2-rtm.o)
                0x00000000004260b0                __strcasecmp_avx2_rtm
                0x00000000004260c0                __strcasecmp_l_avx2_rtm
 .text          0x0000000000426ac2        0x0 /usr/lib/gcc/x86_64-linux-gnu/12/../../../x86_64-linux-gnu/libc.a(strcasecmp_l-evex.o)
 *fill*         0x0000000000426ac2       0x1e 
 .text.evex     0x0000000000426ae0      0xa20 /usr/lib/gcc/x86_64-linux-gnu/12/../../../x86_64-linux-gnu/libc.a(strcasecmp_l-evex.o)
                0x0000000000426ae0                __strcasecmp_evex
                0x0000000000426af0                __strcasecmp_l_evex
 .text          0x0000000000427500     0x1de6 /usr/lib/gcc/x86_64-linux-gnu/12/../../../x86_64-linux-gnu/libc.a(strcasecmp_l-sse2.o)
                0x0000000000427500                __strcasecmp_sse2
                0x0000000000427510                __strcasecmp_l_sse2
 .text          0x00000000004292e6        0x0 /usr/lib/gcc/x86_64-linux-gnu/12/../../../x86_64-linux-gnu/libc.a(strcasecmp_l-sse4_2.o)
 *fill*         0x00000000004292e6        0xa 
 .text.sse4.2   0x00000000004292f0     0x1846 /usr/lib/gcc/x86_64-linux-gnu/12/../../../x86_64-linux-gnu/libc.a(strcasecmp_l-sse4_2.o)
                0x00000000004292f0                __strcasecmp_sse42
                0x0000000000429300                __strcasecmp_l_sse42
 .text          0x000000000042ab36        0x0 /usr/lib/gcc/x86_64-linux-gnu/12/../../../x86_64-linux-gnu/libc.a(strchr-avx2.o)
 *fill*         0x000000000042ab36        0xa 
 .text.avx      0x000000000042ab40      0x22c /usr/lib/gcc/x86_64-linux-gnu/12/../../../x86_64-linux-gnu/libc.a(strchr-avx2.o)
                0x000000000042ab40                __strchr_avx2
 .text          0x000000000042ad6c        0x0 /usr/lib/gcc/x86_64-linux-gnu/12/../../../x86_64-linux-gnu/libc.a(strchr-avx2-rtm.o)
 *fill*         0x000000000042ad6c       0x14 
 .text.avx.rtm  0x000000000042ad80      0x22f /usr/lib/gcc/x86_64-linux-gnu/12/../../../x86_64-linux-gnu/libc.a(strchr-avx2-rtm.o)
                0x000000000042ad80                __strchr_avx2_rtm
 .text          0x000000000042afaf        0x0 /usr/lib/gcc/x86_64-linux-gnu/12/../../../x86_64-linux-gnu/libc.a(strchr-evex.o)
 *fill*         0x000000000042afaf       0x11 
 .text.evex     0x000000000042afc0      0x23e /usr/lib/gcc/x86_64-linux-gnu/12/../../../x86_64-linux-gnu/libc.a(strchr-evex.o)
                0x000000000042afc0                __strchr_evex
 *fill*         0x000000000042b1fe        0x2 
 .text          0x000000000042b200      0x21a /usr/lib/gcc/x86_64-linux-gnu/12/../../../x86_64-linux-gnu/libc.a(strchr-sse2.o)
                0x000000000042b200                __strchr_sse2
 .text          0x000000000042b41a        0x0 /usr/lib/gcc/x86_64-linux-gnu/12/../../../x86_64-linux-gnu/libc.a(strchr-sse2-no-bsf.o)
 *fill*         0x000000000042b41a        0x6 
 .text.atom     0x000000000042b420      0x315 /usr/lib/gcc/x86_64-linux-gnu/12/../../../x86_64-linux-gnu/libc.a(strchr-sse2-no-bsf.o)
                0x000000000042b420                __strchr_sse2_no_bsf
 .text          0x000000000042b735        0x0 /usr/lib/gcc/x86_64-linux-gnu/12/../../../x86_64-linux-gnu/libc.a(strchrnul-avx2.o)
 *fill*         0x000000000042b735        0xb 
 .text.avx      0x000000000042b740      0x1e4 /usr/lib/gcc/x86_64-linux-gnu/12/../../../x86_64-linux-gnu/libc.a(strchrnul-avx2.o)
                0x000000000042b740                __strchrnul_avx2
 .text          0x000000000042b924        0x0 /usr/lib/gcc/x86_64-linux-gnu/12/../../../x86_64-linux-gnu/libc.a(strchrnul-avx2-rtm.o)
 *fill*         0x000000000042b924       0x1c 
 .text.avx.rtm  0x000000000042b940      0x1e5 /usr/lib/gcc/x86_64-linux-gnu/12/../../../x86_64-linux-gnu/libc.a(strchrnul-avx2-rtm.o)
                0x000000000042b940                __strchrnul_avx2_rtm
 .text          0x000000000042bb25        0x0 /usr/lib/gcc/x86_64-linux-gnu/12/../../../x86_64-linux-gnu/libc.a(strchrnul-evex.o)
 *fill*         0x000000000042bb25       0x1b 
 .text.evex     0x000000000042bb40      0x207 /usr/lib/gcc/x86_64-linux-gnu/12/../../../x86_64-linux-gnu/libc.a(strchrnul-evex.o)
                0x000000000042bb40                __strchrnul_evex
 *fill*         0x000000000042bd47        0x9 
 .text          0x000000000042bd50      0x20a /usr/lib/gcc/x86_64-linux-gnu/12/../../../x86_64-linux-gnu/libc.a(strchrnul-sse2.o)
                0x000000000042bd50                __strchrnul_sse2
 .text          0x000000000042bf5a        0x0 /usr/lib/gcc/x86_64-linux-gnu/12/../../../x86_64-linux-gnu/libc.a(strcmp-avx2.o)
 *fill*         0x000000000042bf5a        0x6 
 .text.avx      0x000000000042bf60      0x555 /usr/lib/gcc/x86_64-linux-gnu/12/../../../x86_64-linux-gnu/libc.a(strcmp-avx2.o)
                0x000000000042bf60                __strcmp_avx2
 .text          0x000000000042c4b5        0x0 /usr/lib/gcc/x86_64-linux-gnu/12/../../../x86_64-linux-gnu/libc.a(strcmp-avx2-rtm.o)
 *fill*         0x000000000042c4b5        0xb 
 .text.avx.rtm  0x000000000042c4c0      0x555 /usr/lib/gcc/x86_64-linux-gnu/12/../../../x86_64-linux-gnu/libc.a(strcmp-avx2-rtm.o)
                0x000000000042c4c0                __strcmp_avx2_rtm
 .text          0x000000000042ca15        0x0 /usr/lib/gcc/x86_64-linux-gnu/12/../../../x86_64-linux-gnu/libc.a(strcmp-evex.o)
 *fill*         0x000000000042ca15        0xb 
 .text.evex     0x000000000042ca20      0x556 /usr/lib/gcc/x86_64-linux-gnu/12/../../../x86_64-linux-gnu/libc.a(strcmp-evex.o)
                0x000000000042ca20                __strcmp_evex
 *fill*         0x000000000042cf76        0xa 
 .text          0x000000000042cf80     0x1439 /usr/lib/gcc/x86_64-linux-gnu/12/../../../x86_64-linux-gnu/libc.a(strcmp-sse2.o)
                0x000000000042cf80                __strcmp_sse2
 *fill*         0x000000000042e3b9        0x7 
 .text          0x000000000042e3c0      0x2a3 /usr/lib/gcc/x86_64-linux-gnu/12/../../../x86_64-linux-gnu/libc.a(strcmp-sse2-unaligned.o)
                0x000000000042e3c0                __strcmp_sse2_unaligned
 .text          0x000000000042e663        0x0 /usr/lib/gcc/x86_64-linux-gnu/12/../../../x86_64-linux-gnu/libc.a(strcmp-sse4_2.o)
 *fill*         0x000000000042e663        0xd 
 .text.sse4.2   0x000000000042e670      0xda9 /usr/lib/gcc/x86_64-linux-gnu/12/../../../x86_64-linux-gnu/libc.a(strcmp-sse4_2.o)
                0x000000000042e670                __strcmp_sse42
 .text          0x000000000042f419        0x0 /usr/lib/gcc/x86_64-linux-gnu/12/../../../x86_64-linux-gnu/libc.a(strcpy-avx2.o)
 *fill*         0x000000000042f419        0x7 
 .text.avx      0x000000000042f420      0x388 /usr/lib/gcc/x86_64-linux-gnu/12/../../../x86_64-linux-gnu/libc.a(strcpy-avx2.o)
                0x000000000042f420                __strcpy_avx2
 .text          0x000000000042f7a8        0x0 /usr/lib/gcc/x86_64-linux-gnu/12/../../../x86_64-linux-gnu/libc.a(strcpy-avx2-rtm.o)
 *fill*         0x000000000042f7a8        0x8 
 .text.avx.rtm  0x000000000042f7b0      0x3a9 /usr/lib/gcc/x86_64-linux-gnu/12/../../../x86_64-linux-gnu/libc.a(strcpy-avx2-rtm.o)
                0x000000000042f7b0                __strcpy_avx2_rtm
 .text          0x000000000042fb59        0x0 /usr/lib/gcc/x86_64-linux-gnu/12/../../../x86_64-linux-gnu/libc.a(strcpy-evex.o)
 *fill*         0x000000000042fb59        0x7 
 .text.evex     0x000000000042fb60      0x433 /usr/lib/gcc/x86_64-linux-gnu/12/../../../x86_64-linux-gnu/libc.a(strcpy-evex.o)
                0x000000000042fb60                __strcpy_evex
 *fill*         0x000000000042ff93        0xd 
 .text          0x000000000042ffa0       0xdc /usr/lib/gcc/x86_64-linux-gnu/12/../../../x86_64-linux-gnu/libc.a(strcpy-sse2.o)
                0x000000000042ffa0                __strcpy_sse2
 *fill*         0x000000000043007c        0x4 
 .text          0x0000000000430080      0x630 /usr/lib/gcc/x86_64-linux-gnu/12/../../../x86_64-linux-gnu/libc.a(strcpy-sse2-unaligned.o)
                0x0000000000430080                __strcpy_sse2_unaligned
 .text          0x00000000004306b0        0x0 /usr/lib/gcc/x86_64-linux-gnu/12/../../../x86_64-linux-gnu/libc.a(strcspn-sse4.o)
 .text.sse4.2   0x00000000004306b0      0x11b /usr/lib/gcc/x86_64-linux-gnu/12/../../../x86_64-linux-gnu/libc.a(strcspn-sse4.o)
                0x00000000004306b0                __strcspn_sse42
 .text          0x00000000004307cb        0x0 /usr/lib/gcc/x86_64-linux-gnu/12/../../../x86_64-linux-gnu/libc.a(strlen-avx2.o)
 *fill*         0x00000000004307cb       0x15 
 .text.avx      0x00000000004307e0      0x172 /usr/lib/gcc/x86_64-linux-gnu/12/../../../x86_64-linux-gnu/libc.a(strlen-avx2.o)
                0x00000000004307e0                __strlen_avx2
 .text          0x0000000000430952        0x0 /usr/lib/gcc/x86_64-linux-gnu/12/../../../x86_64-linux-gnu/libc.a(strlen-avx2-rtm.o)
 *fill*         0x0000000000430952        0xe 
 .text.avx.rtm  0x0000000000430960      0x16b /usr/lib/gcc/x86_64-linux-gnu/12/../../../x86_64-linux-gnu/libc.a(strlen-avx2-rtm.o)
                0x0000000000430960                __strlen_avx2_rtm
 .text          0x0000000000430acb        0x0 /usr/lib/gcc/x86_64-linux-gnu/12/../../../x86_64-linux-gnu/libc.a(strlen-evex.o)
 *fill*         0x0000000000430acb       0x15 
 .text.evex     0x0000000000430ae0      0x174 /usr/lib/gcc/x86_64-linux-gnu/12/../../../x86_64-linux-gnu/libc.a(strlen-evex.o)
                0x0000000000430ae0                __strlen_evex
 *fill*         0x0000000000430c54        0xc 
 .text          0x0000000000430c60      0x19c /usr/lib/gcc/x86_64-linux-gnu/12/../../../x86_64-linux-gnu/libc.a(strlen-sse2.o)
                0x0000000000430c60                __strlen_sse2
 .text          0x0000000000430dfc        0x0 /usr/lib/gcc/x86_64-linux-gnu/12/../../../x86_64-linux-gnu/libc.a(strncmp-avx2.o)
 *fill*         0x0000000000430dfc        0x4 
 .text.avx      0x0000000000430e00      0x64e /usr/lib/gcc/x86_64-linux-gnu/12/../../../x86_64-linux-gnu/libc.a(strncmp-avx2.o)
                0x0000000000430e00                __strncmp_avx2
 .text          0x000000000043144e        0x0 /usr/lib/gcc/x86_64-linux-gnu/12/../../../x86_64-linux-gnu/libc.a(strncmp-avx2-rtm.o)
 *fill*         0x000000000043144e        0x2 
 .text.avx.rtm  0x0000000000431450      0x66e /usr/lib/gcc/x86_64-linux-gnu/12/../../../x86_64-linux-gnu/libc.a(strncmp-avx2-rtm.o)
                0x0000000000431450                __strncmp_avx2_rtm
 .text          0x0000000000431abe        0x0 /usr/lib/gcc/x86_64-linux-gnu/12/../../../x86_64-linux-gnu/libc.a(strncmp-evex.o)
 *fill*         0x0000000000431abe        0x2 
 .text.evex     0x0000000000431ac0      0x66e /usr/lib/gcc/x86_64-linux-gnu/12/../../../x86_64-linux-gnu/libc.a(strncmp-evex.o)
                0x0000000000431ac0                __strncmp_evex
 *fill*         0x000000000043212e        0x2 
 .text          0x0000000000432130     0x1849 /usr/lib/gcc/x86_64-linux-gnu/12/../../../x86_64-linux-gnu/libc.a(strncmp-sse2.o)
                0x0000000000432130                __strncmp_sse2
 .text          0x0000000000433979        0x0 /usr/lib/gcc/x86_64-linux-gnu/12/../../../x86_64-linux-gnu/libc.a(strncmp-sse4_2.o)
 *fill*         0x0000000000433979        0x7 
 .text.sse4.2   0x0000000000433980      0xfd9 /usr/lib/gcc/x86_64-linux-gnu/12/../../../x86_64-linux-gnu/libc.a(strncmp-sse4_2.o)
                0x0000000000433980                __strncmp_sse42
 .text          0x0000000000434959        0x0 /usr/lib/gcc/x86_64-linux-gnu/12/../../../x86_64-linux-gnu/libc.a(strnlen-avx2.o)
 *fill*         0x0000000000434959        0x7 
 .text.avx      0x0000000000434960      0x2ce /usr/lib/gcc/x86_64-linux-gnu/12/../../../x86_64-linux-gnu/libc.a(strnlen-avx2.o)
                0x0000000000434960                __strnlen_avx2
 .text          0x0000000000434c2e        0x0 /usr/lib/gcc/x86_64-linux-gnu/12/../../../x86_64-linux-gnu/libc.a(strnlen-avx2-rtm.o)
 *fill*         0x0000000000434c2e       0x12 
 .text.avx.rtm  0x0000000000434c40      0x2cc /usr/lib/gcc/x86_64-linux-gnu/12/../../../x86_64-linux-gnu/libc.a(strnlen-avx2-rtm.o)
                0x0000000000434c40                __strnlen_avx2_rtm
 .text          0x0000000000434f0c        0x0 /usr/lib/gcc/x86_64-linux-gnu/12/../../../x86_64-linux-gnu/libc.a(strnlen-evex.o)
 *fill*         0x0000000000434f0c       0x14 
 .text.evex     0x0000000000434f20      0x2be /usr/lib/gcc/x86_64-linux-gnu/12/../../../x86_64-linux-gnu/libc.a(strnlen-evex.o)
                0x0000000000434f20                __strnlen_evex
 *fill*         0x00000000004351de        0x2 
 .text          0x00000000004351e0      0x218 /usr/lib/gcc/x86_64-linux-gnu/12/../../../x86_64-linux-gnu/libc.a(strnlen-sse2.o)
                0x00000000004351e0                __strnlen_sse2
 *fill*         0x00000000004353f8        0x8 
 .text          0x0000000000435400      0x362 /usr/lib/gcc/x86_64-linux-gnu/12/../../../x86_64-linux-gnu/libc.a(strstr-avx512.o)
                0x0000000000435400                __strstr_avx512
 *fill*         0x0000000000435762        0xe 
 .text          0x0000000000435770      0x493 /usr/lib/gcc/x86_64-linux-gnu/12/../../../x86_64-linux-gnu/libc.a(strstr-sse2-unaligned.o)
                0x0000000000435770                __strstr_sse2_unaligned
 .text          0x0000000000435c03        0x0 /usr/lib/gcc/x86_64-linux-gnu/12/../../../x86_64-linux-gnu/libc.a(varshift.o)
 *fill*         0x0000000000435c03        0xd 
 .text          0x0000000000435c10       0x33 /usr/lib/gcc/x86_64-linux-gnu/12/../../../x86_64-linux-gnu/libc.a(strcasecmp_l-nonascii.o)
                0x0000000000435c10                __strcasecmp_l_nonascii
 *fill*         0x0000000000435c43        0xd 
 .text          0x0000000000435c50      0x18d /usr/lib/gcc/x86_64-linux-gnu/12/../../../x86_64-linux-gnu/libc.a(strcspn-generic.o)
                0x0000000000435c50                __strcspn_generic
 *fill*         0x0000000000435ddd        0x3 
 .text          0x0000000000435de0        0x9 /usr/lib/gcc/x86_64-linux-gnu/12/../../../x86_64-linux-gnu/libc.a(wmempcpy.o)
                0x0000000000435de0                wmempcpy
                0x0000000000435de0                __wmempcpy
 *fill*         0x0000000000435de9        0x7 
 .text          0x0000000000435df0      0x21c /usr/lib/gcc/x86_64-linux-gnu/12/../../../x86_64-linux-gnu/libc.a(wcrtomb.o)
                0x0000000000435df0                __wcrtomb_internal
                0x0000000000436000                __wcrtomb
                0x0000000000436000                wcrtomb
 *fill*         0x000000000043600c        0x4 
 .text          0x0000000000436010       0x1e /usr/lib/gcc/x86_64-linux-gnu/12/../../../x86_64-linux-gnu/libc.a(mbsrtowcs.o)
                0x0000000000436010                mbsrtowcs
                0x0000000000436010                __mbsrtowcs
 *fill*         0x000000000043602e        0x2 
 .text          0x0000000000436030      0x2e6 /usr/lib/gcc/x86_64-linux-gnu/12/../../../x86_64-linux-gnu/libc.a(wcsrtombs.o)
                0x0000000000436030                wcsrtombs
                0x0000000000436030                __wcsrtombs
 *fill*         0x0000000000436316        0xa 
 .text          0x0000000000436320       0x70 /usr/lib/gcc/x86_64-linux-gnu/12/../../../x86_64-linux-gnu/libc.a(wcsnlen.o)
                0x0000000000436320                wcsnlen
                0x0000000000436320                __wcsnlen
 .text          0x0000000000436390      0x556 /usr/lib/gcc/x86_64-linux-gnu/12/../../../x86_64-linux-gnu/libc.a(wcsmbsload.o)
                0x0000000000436390                __wcsmbs_getfct
                0x0000000000436410                __wcsmbs_load_conv
                0x0000000000436690                __wcsmbs_clone_conv
                0x00000000004367a0                __wcsmbs_named_conv
                0x00000000004368a0                _nl_cleanup_ctype
 *fill*         0x00000000004368e6        0xa 
 .text          0x00000000004368f0      0x352 /usr/lib/gcc/x86_64-linux-gnu/12/../../../x86_64-linux-gnu/libc.a(mbsrtowcs_l.o)
                0x00000000004368f0                __mbsrtowcs_l
 .text          0x0000000000436c42        0x0 /usr/lib/gcc/x86_64-linux-gnu/12/../../../x86_64-linux-gnu/libc.a(wcsnlen-avx2.o)
 *fill*         0x0000000000436c42       0x1e 
 .text.avx      0x0000000000436c60      0x361 /usr/lib/gcc/x86_64-linux-gnu/12/../../../x86_64-linux-gnu/libc.a(wcsnlen-avx2.o)
                0x0000000000436c60                __wcsnlen_avx2
 .text          0x0000000000436fc1        0x0 /usr/lib/gcc/x86_64-linux-gnu/12/../../../x86_64-linux-gnu/libc.a(wcsnlen-avx2-rtm.o)
 *fill*         0x0000000000436fc1       0x1f 
 .text.avx.rtm  0x0000000000436fe0      0x36f /usr/lib/gcc/x86_64-linux-gnu/12/../../../x86_64-linux-gnu/libc.a(wcsnlen-avx2-rtm.o)
                0x0000000000436fe0                __wcsnlen_avx2_rtm
 .text          0x000000000043734f        0x0 /usr/lib/gcc/x86_64-linux-gnu/12/../../../x86_64-linux-gnu/libc.a(wcsnlen-evex.o)
 *fill*         0x000000000043734f       0x11 
 .text.evex     0x0000000000437360      0x301 /usr/lib/gcc/x86_64-linux-gnu/12/../../../x86_64-linux-gnu/libc.a(wcsnlen-evex.o)
                0x0000000000437360                __wcsnlen_evex
 .text          0x0000000000437661        0x0 /usr/lib/gcc/x86_64-linux-gnu/12/../../../x86_64-linux-gnu/libc.a(wcsnlen-sse4_1.o)
 *fill*         0x0000000000437661        0xf 
 .text.sse4.1   0x0000000000437670      0x22c /usr/lib/gcc/x86_64-linux-gnu/12/../../../x86_64-linux-gnu/libc.a(wcsnlen-sse4_1.o)
                0x0000000000437670                __wcsnlen_sse4_1
 *fill*         0x000000000043789c        0x4 
 .text          0x00000000004378a0       0x34 /usr/lib/gcc/x86_64-linux-gnu/12/../../../x86_64-linux-gnu/libc.a(wcsnlen-generic.o)
                0x00000000004378a0                __wcsnlen_generic
 *fill*         0x00000000004378d4        0xc 
 .text          0x00000000004378e0       0x5a /usr/lib/gcc/x86_64-linux-gnu/12/../../../x86_64-linux-gnu/libc.a(clock_gettime.o)
                0x00000000004378e0                clock_gettime
                0x00000000004378e0                __clock_gettime
 *fill*         0x000000000043793a        0x6 
 .text          0x0000000000437940       0x48 /usr/lib/gcc/x86_64-linux-gnu/12/../../../x86_64-linux-gnu/libc.a(_exit.o)
                0x0000000000437940                _Exit
                0x0000000000437940                _exit
 *fill*         0x0000000000437988        0x8 
 .text          0x0000000000437990        0x8 /usr/lib/gcc/x86_64-linux-gnu/12/../../../x86_64-linux-gnu/libc.a(getpid.o)
                0x0000000000437990                __getpid
                0x0000000000437990                getpid
 *fill*         0x0000000000437998        0x8 
 .text          0x00000000004379a0      0x705 /usr/lib/gcc/x86_64-linux-gnu/12/../../../x86_64-linux-gnu/libc.a(sysconf.o)
                0x0000000000437a90                sysconf
                0x0000000000437a90                __sysconf
 *fill*         0x00000000004380a5        0xb 
 .text          0x00000000004380b0       0x21 /usr/lib/gcc/x86_64-linux-gnu/12/../../../x86_64-linux-gnu/libc.a(sched_yield.o)
                0x00000000004380b0                __sched_yield
                0x00000000004380b0                sched_yield
 *fill*         0x00000000004380d1        0xf 
 .text          0x00000000004380e0       0x4e /usr/lib/gcc/x86_64-linux-gnu/12/../../../x86_64-linux-gnu/libc.a(get_child_max.o)
                0x00000000004380e0                __get_child_max
 .text          0x000000000043812e        0x0 /usr/lib/gcc/x86_64-linux-gnu/12/../../../x86_64-linux-gnu/libc.a(environ.o)
 *fill*         0x000000000043812e        0x2 
 .text          0x0000000000438130       0x12 /usr/lib/gcc/x86_64-linux-gnu/12/../../../x86_64-linux-gnu/libc.a(stat64.o)
                0x0000000000438130                stat64
                0x0000000000438130                __stat
                0x0000000000438130                __stat64
                0x0000000000438130                stat
 *fill*         0x0000000000438142        0xe 
 .text          0x0000000000438150       0x34 /usr/lib/gcc/x86_64-linux-gnu/12/../../../x86_64-linux-gnu/libc.a(fstat64.o)
                0x0000000000438150                fstat64
                0x0000000000438150                fstat
                0x0000000000438150                __fstat64
                0x0000000000438150                __fstat
 *fill*         0x0000000000438184        0xc 
 .text          0x0000000000438190       0x2a /usr/lib/gcc/x86_64-linux-gnu/12/../../../x86_64-linux-gnu/libc.a(fstatat64.o)
                0x0000000000438190                fstatat
                0x0000000000438190                __fstatat
                0x0000000000438190                fstatat64
                0x0000000000438190                __fstatat64
                0x0000000000438190                __GI___fstatat
 *fill*         0x00000000004381ba        0x6 
 .text          0x00000000004381c0      0x128 /usr/lib/gcc/x86_64-linux-gnu/12/../../../x86_64-linux-gnu/libc.a(open64.o)
                0x00000000004381c0                __open
                0x00000000004381c0                __libc_open64
                0x00000000004381c0                __libc_open
                0x00000000004381c0                open64
                0x00000000004381c0                open
                0x00000000004381c0                __open64
 *fill*         0x00000000004382e8        0x8 
 .text          0x00000000004382f0       0x9d /usr/lib/gcc/x86_64-linux-gnu/12/../../../x86_64-linux-gnu/libc.a(read.o)
                0x00000000004382f0                __read
                0x00000000004382f0                __libc_read
                0x00000000004382f0                read
 *fill*         0x000000000043838d        0x3 
 .text          0x0000000000438390       0x9d /usr/lib/gcc/x86_64-linux-gnu/12/../../../x86_64-linux-gnu/libc.a(write.o)
                0x0000000000438390                __write
                0x0000000000438390                write
                0x0000000000438390                __libc_write
 *fill*         0x000000000043842d        0x3 
 .text          0x0000000000438430       0x24 /usr/lib/gcc/x86_64-linux-gnu/12/../../../x86_64-linux-gnu/libc.a(lseek64.o)
                0x0000000000438430                __lseek64
                0x0000000000438430                lseek
                0x0000000000438430                __libc_lseek64
                0x0000000000438430                __lseek
                0x0000000000438430                __libc_lseek
                0x0000000000438430                lseek64
 *fill*         0x0000000000438454        0xc 
 .text          0x0000000000438460      0x769 /usr/lib/gcc/x86_64-linux-gnu/12/../../../x86_64-linux-gnu/libc.a(getcwd.o)
                0x0000000000438460                __getcwd
                0x0000000000438460                getcwd
 *fill*         0x0000000000438bc9        0x7 
 .text          0x0000000000438bd0       0x22 /usr/lib/gcc/x86_64-linux-gnu/12/../../../x86_64-linux-gnu/libc.a(close_nocancel.o)
                0x0000000000438bd0                __close_nocancel
 *fill*         0x0000000000438bf2        0xe 
 .text          0x0000000000438c00      0x130 /usr/lib/gcc/x86_64-linux-gnu/12/../../../x86_64-linux-gnu/libc.a(fcntl_nocancel.o)
                0x0000000000438c00                __fcntl64_nocancel
                0x0000000000438cb0                __fcntl64_nocancel_adjusted
 .text          0x0000000000438d30       0xa0 /usr/lib/gcc/x86_64-linux-gnu/12/../../../x86_64-linux-gnu/libc.a(open64_nocancel.o)
                0x0000000000438d30                __open_nocancel
                0x0000000000438d30                __open64_nocancel
 .text          0x0000000000438dd0       0x24 /usr/lib/gcc/x86_64-linux-gnu/12/../../../x86_64-linux-gnu/libc.a(read_nocancel.o)
                0x0000000000438dd0                __read_nocancel
 *fill*         0x0000000000438df4        0xc 
 .text          0x0000000000438e00       0x24 /usr/lib/gcc/x86_64-linux-gnu/12/../../../x86_64-linux-gnu/libc.a(write_nocancel.o)
                0x0000000000438e00                __write_nocancel
 *fill*         0x0000000000438e24        0xc 
 .text          0x0000000000438e30       0x32 /usr/lib/gcc/x86_64-linux-gnu/12/../../../x86_64-linux-gnu/libc.a(getrlimit64.o)
                0x0000000000438e30                getrlimit
                0x0000000000438e30                getrlimit64
                0x0000000000438e30                __getrlimit
                0x0000000000438e30                __GI___getrlimit
                0x0000000000438e30                __GI_getrlimit
                0x0000000000438e30                __getrlimit64
 *fill*         0x0000000000438e62        0xe 
 .text          0x0000000000438e70       0x34 /usr/lib/gcc/x86_64-linux-gnu/12/../../../x86_64-linux-gnu/libc.a(brk.o)
                0x0000000000438e70                __brk
                0x0000000000438e70                brk
 *fill*         0x0000000000438ea4        0xc 
 .text          0x0000000000438eb0       0x84 /usr/lib/gcc/x86_64-linux-gnu/12/../../../x86_64-linux-gnu/libc.a(sbrk.o)
                0x0000000000438eb0                sbrk
                0x0000000000438eb0                __sbrk
 *fill*         0x0000000000438f34        0xc 
 .text          0x0000000000438f40       0x2d /usr/lib/gcc/x86_64-linux-gnu/12/../../../x86_64-linux-gnu/libc.a(getpagesize.o)
                0x0000000000438f40                getpagesize
                0x0000000000438f40                __getpagesize
 *fill*         0x0000000000438f6d        0x3 
 .text          0x0000000000438f70       0x49 /usr/lib/gcc/x86_64-linux-gnu/12/../../../x86_64-linux-gnu/libc.a(getdtsz.o)
                0x0000000000438f70                __getdtablesize
                0x0000000000438f70                getdtablesize
 *fill*         0x0000000000438fb9        0x7 
 .text          0x0000000000438fc0       0x54 /usr/lib/gcc/x86_64-linux-gnu/12/../../../x86_64-linux-gnu/libc.a(mmap64.o)
                0x0000000000438fc0                __mmap
                0x0000000000438fc0                mmap
                0x0000000000438fc0                __mmap64
                0x0000000000438fc0                mmap64
 *fill*         0x0000000000439014        0xc 
 .text          0x0000000000439020       0x21 /usr/lib/gcc/x86_64-linux-gnu/12/../../../x86_64-linux-gnu/libc.a(munmap.o)
                0x0000000000439020                munmap
                0x0000000000439020                __munmap
 *fill*         0x0000000000439041        0xf 
 .text          0x0000000000439050       0x21 /usr/lib/gcc/x86_64-linux-gnu/12/../../../x86_64-linux-gnu/libc.a(mprotect.o)
                0x0000000000439050                __mprotect
                0x0000000000439050                mprotect
 *fill*         0x0000000000439071        0xf 
 .text          0x0000000000439080       0x21 /usr/lib/gcc/x86_64-linux-gnu/12/../../../x86_64-linux-gnu/libc.a(madvise.o)
                0x0000000000439080                madvise
                0x0000000000439080                __madvise
 *fill*         0x00000000004390a1        0xf 
 .text          0x00000000004390b0      0xad1 /usr/lib/gcc/x86_64-linux-gnu/12/../../../x86_64-linux-gnu/libc.a(tsearch.o)
                0x00000000004393c0                tsearch
                0x00000000004393c0                __tsearch
                0x0000000000439540                tfind
                0x0000000000439540                __tfind
                0x00000000004395a0                tdelete
                0x00000000004395a0                __tdelete
                0x0000000000439b30                __twalk
                0x0000000000439b30                twalk
                0x0000000000439b50                twalk_r
                0x0000000000439b50                __twalk_r
                0x0000000000439b70                __tdestroy
                0x0000000000439b70                tdestroy
 *fill*         0x0000000000439b81        0xf 
 .text          0x0000000000439b90      0x5db /usr/lib/gcc/x86_64-linux-gnu/12/../../../x86_64-linux-gnu/libc.a(getsysstats.o)
                0x0000000000439fd0                __get_nprocs
                0x0000000000439fd0                get_nprocs
                0x000000000043a010                __get_nprocs_conf
                0x000000000043a010                get_nprocs_conf
                0x000000000043a050                get_phys_pages
                0x000000000043a050                __get_phys_pages
                0x000000000043a0e0                get_avphys_pages
                0x000000000043a0e0                __get_avphys_pages
 *fill*         0x000000000043a16b        0x5 
 .text          0x000000000043a170       0x11 /usr/lib/gcc/x86_64-linux-gnu/12/../../../x86_64-linux-gnu/libc.a(getclktck.o)
                0x000000000043a170                __getclktck
 .text          0x000000000043a181        0x0 /usr/lib/gcc/x86_64-linux-gnu/12/../../../x86_64-linux-gnu/libc.a(single_threaded.o)
 *fill*         0x000000000043a181        0xf 
 .text          0x000000000043a190       0x51 /usr/lib/gcc/x86_64-linux-gnu/12/../../../x86_64-linux-gnu/libc.a(init-misc.o)
                0x000000000043a190                __init_misc
 *fill*         0x000000000043a1e1        0xf 
 .text          0x000000000043a1f0       0xaa /usr/lib/gcc/x86_64-linux-gnu/12/../../../x86_64-linux-gnu/libc.a(mremap.o)
                0x000000000043a1f0                mremap
                0x000000000043a1f0                __mremap
 *fill*         0x000000000043a29a        0x6 
 .text          0x000000000043a2a0       0x21 /usr/lib/gcc/x86_64-linux-gnu/12/../../../x86_64-linux-gnu/libc.a(sysinfo.o)
                0x000000000043a2a0                sysinfo
                0x000000000043a2a0                __sysinfo
 *fill*         0x000000000043a2c1        0xf 
 .text          0x000000000043a2d0      0x3d5 /usr/lib/gcc/x86_64-linux-gnu/12/../../../x86_64-linux-gnu/libc.a(malloc-hugepages.o)
                0x000000000043a2d0                __malloc_default_thp_pagesize
                0x000000000043a380                __malloc_thp_mode
                0x000000000043a440                __malloc_hugepage_config
 *fill*         0x000000000043a6a5        0xb 
 .text          0x000000000043a6b0       0x85 /usr/lib/gcc/x86_64-linux-gnu/12/../../../x86_64-linux-gnu/libc.a(wctrans.o)
                0x000000000043a6b0                __wctrans
                0x000000000043a6b0                wctrans
 *fill*         0x000000000043a735        0xb 
 .text          0x000000000043a740       0x45 /usr/lib/gcc/x86_64-linux-gnu/12/../../../x86_64-linux-gnu/libc.a(towctrans.o)
                0x000000000043a740                towctrans
                0x000000000043a740                __towctrans
 *fill*         0x000000000043a785        0xb 
 .text          0x000000000043a790       0x10 /usr/lib/gcc/x86_64-linux-gnu/12/../../../x86_64-linux-gnu/libc.a(chk_fail.o)
                0x000000000043a790                __chk_fail
 .text          0x000000000043a7a0      0x1f4 /usr/lib/gcc/x86_64-linux-gnu/12/../../../x86_64-linux-gnu/libc.a(readonly-area.o)
                0x000000000043a7a0                __readonly_area
 *fill*         0x000000000043a994        0xc 
 .text          0x000000000043a9a0       0x10 /usr/lib/gcc/x86_64-linux-gnu/12/../../../x86_64-linux-gnu/libc.a(stack_chk_fail.o)
                0x000000000043a9a0                __stack_chk_fail_local
                0x000000000043a9a0                __stack_chk_fail
 .text          0x000000000043a9b0       0x24 /usr/lib/gcc/x86_64-linux-gnu/12/../../../x86_64-linux-gnu/libc.a(fortify_fail.o)
                0x000000000043a9b0                __fortify_fail
 *fill*         0x000000000043a9d4        0xc 
 .text          0x000000000043a9e0       0xf2 /usr/lib/gcc/x86_64-linux-gnu/12/../../../x86_64-linux-gnu/libc.a(dl-debug.o)
                0x000000000043a9e0                _dl_debug_state
                0x000000000043a9f0                _dl_debug_update
                0x000000000043aa40                _dl_debug_initialize
 .text          0x000000000043aad2        0x0 /usr/lib/gcc/x86_64-linux-gnu/12/../../../x86_64-linux-gnu/libc.a(dl-debug-symbols.o)
 *fill*         0x000000000043aad2        0xe 
 .text          0x000000000043aae0      0xa0c /usr/lib/gcc/x86_64-linux-gnu/12/../../../x86_64-linux-gnu/libc.a(dl-tls.o)
                0x000000000043aae0                _dl_tls_static_surplus_init
                0x000000000043ab70                _dl_assign_tls_modid
                0x000000000043ac80                _dl_count_modids
                0x000000000043acf0                _dl_get_tls_static_info
                0x000000000043ad10                _dl_allocate_tls_storage
                0x000000000043adf0                _dl_allocate_tls_init
                0x000000000043b100                _dl_allocate_tls
                0x000000000043b160                _dl_deallocate_tls
                0x000000000043b1e0                _dl_tls_get_addr_soft
                0x000000000043b260                _dl_tls_initial_modid_limit_setup
                0x000000000043b2b0                _dl_add_to_slotinfo
                0x000000000043b3c0                _dl_init_static_tls
 *fill*         0x000000000043b4ec        0x4 
 .text          0x000000000043b4f0      0x1b4 /usr/lib/gcc/x86_64-linux-gnu/12/../../../x86_64-linux-gnu/libc.a(dl-tls_init_tp.o)
                0x000000000043b4f0                __tls_pre_init_tp
                0x000000000043b540                __tls_init_tp
 *fill*         0x000000000043b6a4        0xc 
 .text          0x000000000043b6b0      0x875 /usr/lib/gcc/x86_64-linux-gnu/12/../../../x86_64-linux-gnu/libc.a(dl-tunables.o)
                0x000000000043b7b0                __tunable_set_val
                0x000000000043b7d0                __tunables_init
                0x000000000043bdb0                __tunables_print
                0x000000000043bec0                __tunable_get_val
 .text          0x000000000043bf25        0x0 /usr/lib/gcc/x86_64-linux-gnu/12/../../../x86_64-linux-gnu/libc.a(dl-rseq-symbols.o)
 *fill*         0x000000000043bf25        0xb 
 .text          0x000000000043bf30       0x7c /usr/lib/gcc/x86_64-linux-gnu/12/../../../x86_64-linux-gnu/libc.a(dl-early_allocate.o)
                0x000000000043bf30                _dl_early_allocate
 *fill*         0x000000000043bfac        0x4 
 .text          0x000000000043bfb0      0x2c6 /usr/lib/gcc/x86_64-linux-gnu/12/../../../x86_64-linux-gnu/libc.a(dl-error.o)
                0x000000000043c060                _dl_signal_exception
                0x000000000043c0b0                _dl_signal_error
                0x000000000043c110                _dl_catch_exception
                0x000000000043c210                _dl_catch_error
 *fill*         0x000000000043c276        0xa 
 .text          0x000000000043c280       0x31 /usr/lib/gcc/x86_64-linux-gnu/12/../../../x86_64-linux-gnu/libc.a(dl-profstub.o)
                0x000000000043c280                _dl_mcount_wrapper
                0x000000000043c290                _dl_mcount_wrapper_check
 *fill*         0x000000000043c2b1        0xf 
 .text          0x000000000043c2c0      0xce1 /usr/lib/gcc/x86_64-linux-gnu/12/../../../x86_64-linux-gnu/libc.a(dl-support.o)
                0x000000000043c2c0                _dl_aux_init
                0x000000000043c460                _dl_non_dynamic_init
                0x000000000043cf90                _dl_get_dl_main_map
                0x000000000043cfa0                _dl_audit_pltexit
 *fill*         0x000000000043cfa1        0xf 
 .text          0x000000000043cfb0      0xa80 /usr/lib/gcc/x86_64-linux-gnu/12/../../../x86_64-linux-gnu/libc.a(dl-sysdep.o)
                0x000000000043cfb0                _dl_tunable_set_hwcaps
 .text          0x000000000043da30        0x0 /usr/lib/gcc/x86_64-linux-gnu/12/../../../x86_64-linux-gnu/libc.a(enbl-secure.o)
 .text          0x000000000043da30       0xca /usr/lib/gcc/x86_64-linux-gnu/12/../../../x86_64-linux-gnu/libc.a(libc_early_init.o)
                0x000000000043da30                __libc_early_init
 *fill*         0x000000000043dafa        0x6 
 .text          0x000000000043db00       0x36 /usr/lib/gcc/x86_64-linux-gnu/12/../../../x86_64-linux-gnu/libc.a(init-first.o)
                0x000000000043db00                __libc_init_first
 *fill*         0x000000000043db36        0xa 
 .text          0x000000000043db40      0x313 /usr/lib/gcc/x86_64-linux-gnu/12/../../../x86_64-linux-gnu/libc.a(gconv_open.o)
                0x000000000043db40                __gconv_open
 *fill*         0x000000000043de53        0xd 
 .text          0x000000000043de60      0x21c /usr/lib/gcc/x86_64-linux-gnu/12/../../../x86_64-linux-gnu/libc.a(gconv.o)
                0x000000000043de60                __gconv
 *fill*         0x000000000043e07c        0x4 
 .text          0x000000000043e080       0x6e /usr/lib/gcc/x86_64-linux-gnu/12/../../../x86_64-linux-gnu/libc.a(gconv_close.o)
                0x000000000043e080                __gconv_close
 *fill*         0x000000000043e0ee        0x2 
 .text          0x000000000043e0f0     0x1111 /usr/lib/gcc/x86_64-linux-gnu/12/../../../x86_64-linux-gnu/libc.a(gconv_db.o)
                0x000000000043e0f0                __gconv_alias_compare
                0x000000000043e140                __gconv_get_modules_db
                0x000000000043e150                __gconv_get_alias_db
                0x000000000043e160                __gconv_release_step
                0x000000000043ed90                __gconv_compare_alias
                0x000000000043ee80                __gconv_find_transform
                0x000000000043f100                __gconv_close_transform
 *fill*         0x000000000043f201        0xf 
 .text          0x000000000043f210      0xe83 /usr/lib/gcc/x86_64-linux-gnu/12/../../../x86_64-linux-gnu/libc.a(gconv_conf.o)
                0x0000000000440080                __gconv_load_conf
 *fill*         0x0000000000440093        0xd 
 .text          0x00000000004400a0       0xd0 /usr/lib/gcc/x86_64-linux-gnu/12/../../../x86_64-linux-gnu/libc.a(gconv_builtin.o)
                0x00000000004400a0                __gconv_get_builtin_trans
 .text          0x0000000000440170     0x6c1e /usr/lib/gcc/x86_64-linux-gnu/12/../../../x86_64-linux-gnu/libc.a(gconv_simple.o)
                0x0000000000440170                __gconv_btwoc_ascii
                0x0000000000440180                __gconv_transform_internal_ucs4
                0x00000000004406c0                __gconv_transform_ucs4_internal
                0x0000000000440d50                __gconv_transform_internal_ucs4le
                0x0000000000441280                __gconv_transform_ucs4le_internal
                0x0000000000441960                __gconv_transform_ascii_internal
                0x0000000000441e30                __gconv_transform_internal_ascii
                0x0000000000442a30                __gconv_transform_internal_utf8
                0x0000000000443750                __gconv_transform_utf8_internal
                0x0000000000444590                __gconv_transform_ucs2_internal
                0x0000000000444d60                __gconv_transform_internal_ucs2
                0x00000000004459c0                __gconv_transform_ucs2reverse_internal
                0x0000000000446150                __gconv_transform_internal_ucs2reverse
 *fill*         0x0000000000446d8e        0x2 
 .text          0x0000000000446d90      0x49c /usr/lib/gcc/x86_64-linux-gnu/12/../../../x86_64-linux-gnu/libc.a(gconv_trans.o)