
task2_328P.elf:     file format elf32-avr

Sections:
Idx Name          Size      VMA       LMA       File off  Algn
  0 .data         00000000  00800100  000000ca  0000013e  2**0
                  CONTENTS, ALLOC, LOAD, DATA
  1 .text         000000ca  00000000  00000000  00000074  2**1
                  CONTENTS, ALLOC, LOAD, READONLY, CODE
  2 .stab         000005f4  00000000  00000000  00000140  2**2
                  CONTENTS, READONLY, DEBUGGING
  3 .stabstr      00000c69  00000000  00000000  00000734  2**0
                  CONTENTS, READONLY, DEBUGGING
  4 .comment      00000011  00000000  00000000  0000139d  2**0
                  CONTENTS, READONLY
  5 .note.gnu.avr.deviceinfo 00000040  00000000  00000000  000013b0  2**2
                  CONTENTS, READONLY
  6 .debug_info   000005f4  00000000  00000000  000013f0  2**0
                  CONTENTS, READONLY, DEBUGGING
  7 .debug_abbrev 000005a2  00000000  00000000  000019e4  2**0
                  CONTENTS, READONLY, DEBUGGING
  8 .debug_line   0000001a  00000000  00000000  00001f86  2**0
                  CONTENTS, READONLY, DEBUGGING
  9 .debug_str    00000208  00000000  00000000  00001fa0  2**0
                  CONTENTS, READONLY, DEBUGGING

Disassembly of section .text:

00000000 <__vectors>:
   0:	0c 94 34 00 	jmp	0x68	; 0x68 <__ctors_end>
   4:	0c 94 3e 00 	jmp	0x7c	; 0x7c <__bad_interrupt>
   8:	0c 94 3e 00 	jmp	0x7c	; 0x7c <__bad_interrupt>
   c:	0c 94 3e 00 	jmp	0x7c	; 0x7c <__bad_interrupt>
  10:	0c 94 3e 00 	jmp	0x7c	; 0x7c <__bad_interrupt>
  14:	0c 94 3e 00 	jmp	0x7c	; 0x7c <__bad_interrupt>
  18:	0c 94 3e 00 	jmp	0x7c	; 0x7c <__bad_interrupt>
  1c:	0c 94 3e 00 	jmp	0x7c	; 0x7c <__bad_interrupt>
  20:	0c 94 3e 00 	jmp	0x7c	; 0x7c <__bad_interrupt>
  24:	0c 94 3e 00 	jmp	0x7c	; 0x7c <__bad_interrupt>
  28:	0c 94 3e 00 	jmp	0x7c	; 0x7c <__bad_interrupt>
  2c:	0c 94 3e 00 	jmp	0x7c	; 0x7c <__bad_interrupt>
  30:	0c 94 3e 00 	jmp	0x7c	; 0x7c <__bad_interrupt>
  34:	0c 94 3e 00 	jmp	0x7c	; 0x7c <__bad_interrupt>
  38:	0c 94 3e 00 	jmp	0x7c	; 0x7c <__bad_interrupt>
  3c:	0c 94 3e 00 	jmp	0x7c	; 0x7c <__bad_interrupt>
  40:	0c 94 3e 00 	jmp	0x7c	; 0x7c <__bad_interrupt>
  44:	0c 94 3e 00 	jmp	0x7c	; 0x7c <__bad_interrupt>
  48:	0c 94 3e 00 	jmp	0x7c	; 0x7c <__bad_interrupt>
  4c:	0c 94 3e 00 	jmp	0x7c	; 0x7c <__bad_interrupt>
  50:	0c 94 3e 00 	jmp	0x7c	; 0x7c <__bad_interrupt>
  54:	0c 94 3e 00 	jmp	0x7c	; 0x7c <__bad_interrupt>
  58:	0c 94 3e 00 	jmp	0x7c	; 0x7c <__bad_interrupt>
  5c:	0c 94 3e 00 	jmp	0x7c	; 0x7c <__bad_interrupt>
  60:	0c 94 3e 00 	jmp	0x7c	; 0x7c <__bad_interrupt>
  64:	0c 94 3e 00 	jmp	0x7c	; 0x7c <__bad_interrupt>

00000068 <__ctors_end>:
  68:	11 24       	eor	r1, r1
  6a:	1f be       	out	0x3f, r1	; 63
  6c:	cf ef       	ldi	r28, 0xFF	; 255
  6e:	d8 e0       	ldi	r29, 0x08	; 8
  70:	de bf       	out	0x3e, r29	; 62
  72:	cd bf       	out	0x3d, r28	; 61
  74:	0e 94 45 00 	call	0x8a	; 0x8a <main>
  78:	0c 94 63 00 	jmp	0xc6	; 0xc6 <_exit>

0000007c <__bad_interrupt>:
  7c:	0c 94 00 00 	jmp	0	; 0x0 <__vectors>

00000080 <spi_init>:
#define LED_DDR  DDRD
#define LED_PORT PORTD
#define LED      PD4

void spi_init() {
    DDRB |= _BV(PB4);
  80:	24 9a       	sbi	0x04, 4	; 4
    PORTB |= _BV(PB2);
  82:	2a 9a       	sbi	0x05, 2	; 5
    SPCR = _BV(SPE); // slave
  84:	80 e4       	ldi	r24, 0x40	; 64
  86:	8c bd       	out	0x2c, r24	; 44
  88:	08 95       	ret

0000008a <main>:
}

int main() {
    LED_DDR |= _BV(LED);
  8a:	54 9a       	sbi	0x0a, 4	; 10
    BTN_PORT |= _BV(BTN);
  8c:	5a 9a       	sbi	0x0b, 2	; 11
#define LED_DDR  DDRD
#define LED_PORT PORTD
#define LED      PD4

void spi_init() {
    DDRB |= _BV(PB4);
  8e:	24 9a       	sbi	0x04, 4	; 4
    PORTB |= _BV(PB2);
  90:	2a 9a       	sbi	0x05, 2	; 5
    SPCR = _BV(SPE); // slave
  92:	80 e4       	ldi	r24, 0x40	; 64
  94:	8c bd       	out	0x2c, r24	; 44
    LED_DDR |= _BV(LED);
    BTN_PORT |= _BV(BTN);

    spi_init();

    SPDR = (BTN_PIN & _BV(BTN)) ? 0 : 1;
  96:	89 b1       	in	r24, 0x09	; 9
  98:	82 fb       	bst	r24, 2
  9a:	99 27       	eor	r25, r25
  9c:	90 f9       	bld	r25, 0
  9e:	81 e0       	ldi	r24, 0x01	; 1
  a0:	89 27       	eor	r24, r25
  a2:	8e bd       	out	0x2e, r24	; 46
            if (rx)
                LED_PORT |= _BV(LED);
            else
                LED_PORT &= ~_BV(LED);
        
            SPDR = (BTN_PIN & _BV(BTN)) ? 0 : 1;
  a4:	91 e0       	ldi	r25, 0x01	; 1

    spi_init();

    SPDR = (BTN_PIN & _BV(BTN)) ? 0 : 1;
    for (;;) {
        if (SPSR & _BV(SPIF)) {
  a6:	0d b4       	in	r0, 0x2d	; 45
  a8:	07 fe       	sbrs	r0, 7
  aa:	fd cf       	rjmp	.-6      	; 0xa6 <main+0x1c>
            uint8_t rx = SPDR;
  ac:	8e b5       	in	r24, 0x2e	; 46
            if (rx)
  ae:	88 23       	and	r24, r24
  b0:	41 f0       	breq	.+16     	; 0xc2 <main+0x38>
                LED_PORT |= _BV(LED);
  b2:	5c 9a       	sbi	0x0b, 4	; 11
            else
                LED_PORT &= ~_BV(LED);
        
            SPDR = (BTN_PIN & _BV(BTN)) ? 0 : 1;
  b4:	89 b1       	in	r24, 0x09	; 9
  b6:	82 fb       	bst	r24, 2
  b8:	88 27       	eor	r24, r24
  ba:	80 f9       	bld	r24, 0
  bc:	89 27       	eor	r24, r25
  be:	8e bd       	out	0x2e, r24	; 46
  c0:	f2 cf       	rjmp	.-28     	; 0xa6 <main+0x1c>
        if (SPSR & _BV(SPIF)) {
            uint8_t rx = SPDR;
            if (rx)
                LED_PORT |= _BV(LED);
            else
                LED_PORT &= ~_BV(LED);
  c2:	5c 98       	cbi	0x0b, 4	; 11
  c4:	f7 cf       	rjmp	.-18     	; 0xb4 <main+0x2a>

000000c6 <_exit>:
  c6:	f8 94       	cli

000000c8 <__stop_program>:
  c8:	ff cf       	rjmp	.-2      	; 0xc8 <__stop_program>
